Archive member included because of file (symbol)

/home/vdb/Documents/libs/libmaple/arm/bin/../lib/gcc/arm-none-eabi/4.4.1/thumb2/libgcc.a(_arm_addsubdf3.o)
                              build//home/vdb/Documents/libs/libmaple//wirish/Print.o (__aeabi_dsub)
/home/vdb/Documents/libs/libmaple/arm/bin/../lib/gcc/arm-none-eabi/4.4.1/thumb2/libgcc.a(_arm_muldivdf3.o)
                              build//home/vdb/Documents/libs/libmaple//wirish/Print.o (__aeabi_dmul)
/home/vdb/Documents/libs/libmaple/arm/bin/../lib/gcc/arm-none-eabi/4.4.1/thumb2/libgcc.a(_arm_cmpdf2.o)
                              build//home/vdb/Documents/libs/libmaple//wirish/Print.o (__aeabi_dcmplt)
/home/vdb/Documents/libs/libmaple/arm/bin/../lib/gcc/arm-none-eabi/4.4.1/thumb2/libgcc.a(_arm_fixdfsi.o)
                              build//home/vdb/Documents/libs/libmaple//wirish/Print.o (__aeabi_d2iz)
/home/vdb/Documents/libs/libmaple/arm/bin/../lib/gcc/arm-none-eabi/4.4.1/thumb2/libgcc.a(_aeabi_uldivmod.o)
                              build//home/vdb/Documents/libs/libmaple//wirish/Print.o (__aeabi_uldivmod)
/home/vdb/Documents/libs/libmaple/arm/bin/../lib/gcc/arm-none-eabi/4.4.1/thumb2/libgcc.a(_fixdfdi.o)
                              build//home/vdb/Documents/libs/libmaple//wirish/Print.o (__aeabi_d2lz)
/home/vdb/Documents/libs/libmaple/arm/bin/../lib/gcc/arm-none-eabi/4.4.1/thumb2/libgcc.a(_fixunsdfdi.o)
                              /home/vdb/Documents/libs/libmaple/arm/bin/../lib/gcc/arm-none-eabi/4.4.1/thumb2/libgcc.a(_fixdfdi.o) (__aeabi_d2ulz)
/home/vdb/Documents/libs/libmaple/arm/bin/../lib/gcc/arm-none-eabi/4.4.1/thumb2/libgcc.a(bpabi.o)
                              /home/vdb/Documents/libs/libmaple/arm/bin/../lib/gcc/arm-none-eabi/4.4.1/thumb2/libgcc.a(_aeabi_uldivmod.o) (__gnu_uldivmod_helper)
/home/vdb/Documents/libs/libmaple/arm/bin/../lib/gcc/arm-none-eabi/4.4.1/thumb2/libgcc.a(_dvmd_tls.o)
                              /home/vdb/Documents/libs/libmaple/arm/bin/../lib/gcc/arm-none-eabi/4.4.1/thumb2/libgcc.a(_aeabi_uldivmod.o) (__aeabi_ldiv0)
/home/vdb/Documents/libs/libmaple/arm/bin/../lib/gcc/arm-none-eabi/4.4.1/thumb2/libgcc.a(_arm_fixunsdfsi.o)
                              /home/vdb/Documents/libs/libmaple/arm/bin/../lib/gcc/arm-none-eabi/4.4.1/thumb2/libgcc.a(_fixunsdfdi.o) (__aeabi_d2uiz)
/home/vdb/Documents/libs/libmaple/arm/bin/../lib/gcc/arm-none-eabi/4.4.1/thumb2/libgcc.a(_divdi3.o)
                              /home/vdb/Documents/libs/libmaple/arm/bin/../lib/gcc/arm-none-eabi/4.4.1/thumb2/libgcc.a(bpabi.o) (__divdi3)
/home/vdb/Documents/libs/libmaple/arm/bin/../lib/gcc/arm-none-eabi/4.4.1/thumb2/libgcc.a(_udivdi3.o)
                              /home/vdb/Documents/libs/libmaple/arm/bin/../lib/gcc/arm-none-eabi/4.4.1/thumb2/libgcc.a(bpabi.o) (__udivdi3)
/home/vdb/Documents/libs/libmaple/arm/bin/../lib/gcc/arm-none-eabi/4.4.1/thumb2/libgcc.a(_udivsi3.o)
                              /home/vdb/Documents/libs/libmaple/arm/bin/../lib/gcc/arm-none-eabi/4.4.1/thumb2/libgcc.a(_divdi3.o) (__aeabi_uidiv)
/home/vdb/Documents/libs/libmaple/arm/bin/../lib/gcc/arm-none-eabi/4.4.1/../../../../arm-none-eabi/lib/thumb2/libc.a(lib_a-memcmp.o)
                              build//home/vdb/Documents/libs/libmaple//libraries/FreeRTOS/utility/tasks.o (memcmp)
/home/vdb/Documents/libs/libmaple/arm/bin/../lib/gcc/arm-none-eabi/4.4.1/../../../../arm-none-eabi/lib/thumb2/libc.a(lib_a-memcpy.o)
                              build//home/vdb/Documents/libs/libmaple//libraries/FreeRTOS/utility/queue.o (memcpy)
/home/vdb/Documents/libs/libmaple/arm/bin/../lib/gcc/arm-none-eabi/4.4.1/../../../../arm-none-eabi/lib/thumb2/libc.a(lib_a-memset.o)
                              build//home/vdb/Documents/libs/libmaple//libraries/FreeRTOS/utility/tasks.o (memset)
/home/vdb/Documents/libs/libmaple/arm/bin/../lib/gcc/arm-none-eabi/4.4.1/../../../../arm-none-eabi/lib/thumb2/libc.a(lib_a-rand.o)
                              build//home/vdb/Documents/libs/libmaple//wirish/wirish_math.o (rand)
/home/vdb/Documents/libs/libmaple/arm/bin/../lib/gcc/arm-none-eabi/4.4.1/../../../../arm-none-eabi/lib/thumb2/libc.a(lib_a-sprintf.o)
                              build//home/vdb/Documents/libs/libmaple//libraries/FreeRTOS/utility/tasks.o (sprintf)
/home/vdb/Documents/libs/libmaple/arm/bin/../lib/gcc/arm-none-eabi/4.4.1/../../../../arm-none-eabi/lib/thumb2/libc.a(lib_a-strcat.o)
                              build//home/vdb/Documents/libs/libmaple//libraries/FreeRTOS/utility/tasks.o (strcat)
/home/vdb/Documents/libs/libmaple/arm/bin/../lib/gcc/arm-none-eabi/4.4.1/../../../../arm-none-eabi/lib/thumb2/libc.a(lib_a-strcpy.o)
                              /home/vdb/Documents/libs/libmaple/arm/bin/../lib/gcc/arm-none-eabi/4.4.1/../../../../arm-none-eabi/lib/thumb2/libc.a(lib_a-strcat.o) (strcpy)
/home/vdb/Documents/libs/libmaple/arm/bin/../lib/gcc/arm-none-eabi/4.4.1/../../../../arm-none-eabi/lib/thumb2/libc.a(lib_a-strlen.o)
[...]
Memory Configuration

Name             Origin             Length             Attributes
ram              0x20000c00         0x00004400         xrw
rom              0x08005000         0x0001b000         xr
*default*        0x00000000         0xffffffff

Linker script and memory map

LOAD /home/vdb/Documents/libs/libmaple/arm/bin/../lib/gcc/arm-none-eabi/4.4.1/thumb2/crti.o
LOAD /home/vdb/Documents/libs/libmaple/arm/bin/../lib/gcc/arm-none-eabi/4.4.1/thumb2/crtbegin.o
LOAD build//home/vdb/Documents/libs/libmaple//libmaple/adc.o
LOAD build//home/vdb/Documents/libs/libmaple//libmaple/bkp.o
LOAD build//home/vdb/Documents/libs/libmaple//libmaple/dac.o
LOAD build//home/vdb/Documents/libs/libmaple//libmaple/dma.o
LOAD build//home/vdb/Documents/libs/libmaple//libmaple/exti.o
LOAD build//home/vdb/Documents/libs/libmaple//libmaple/flash.o
LOAD build//home/vdb/Documents/libs/libmaple//libmaple/fsmc.o
LOAD build//home/vdb/Documents/libs/libmaple//libmaple/gpio.o
LOAD build//home/vdb/Documents/libs/libmaple//libmaple/iwdg.o
LOAD build//home/vdb/Documents/libs/libmaple//libmaple/nvic.o
LOAD build//home/vdb/Documents/libs/libmaple//libmaple/pwr.o
LOAD build//home/vdb/Documents/libs/libmaple//libmaple/i2c.o
LOAD build//home/vdb/Documents/libs/libmaple//libmaple/rcc.o
LOAD build//home/vdb/Documents/libs/libmaple//libmaple/spi.o
LOAD build//home/vdb/Documents/libs/libmaple//libmaple/syscalls.o
LOAD build//home/vdb/Documents/libs/libmaple//libmaple/systick.o
LOAD build//home/vdb/Documents/libs/libmaple//libmaple/timer.o
LOAD build//home/vdb/Documents/libs/libmaple//libmaple/usart.o
LOAD build//home/vdb/Documents/libs/libmaple//libmaple/util.o
LOAD build//home/vdb/Documents/libs/libmaple//libmaple/usb/descriptors.o
LOAD build//home/vdb/Documents/libs/libmaple//libmaple/usb/usb.o
LOAD build//home/vdb/Documents/libs/libmaple//libmaple/usb/usb_callbacks.o
LOAD build//home/vdb/Documents/libs/libmaple//libmaple/usb/usb_hardware.o
LOAD build//home/vdb/Documents/libs/libmaple//libmaple/usb/usb_lib/usb_core.o
LOAD build//home/vdb/Documents/libs/libmaple//libmaple/usb/usb_lib/usb_init.o
LOAD build//home/vdb/Documents/libs/libmaple//libmaple/usb/usb_lib/usb_int.o
LOAD build//home/vdb/Documents/libs/libmaple//libmaple/usb/usb_lib/usb_mem.o
LOAD build//home/vdb/Documents/libs/libmaple//libmaple/usb/usb_lib/usb_regs.o
LOAD build//home/vdb/Documents/libs/libmaple//libmaple/exc.o
LOAD build//home/vdb/Documents/libs/libmaple//wirish/wirish_math.o
LOAD build//home/vdb/Documents/libs/libmaple//wirish/Print.o
LOAD build//home/vdb/Documents/libs/libmaple//wirish/boards.o
LOAD build//home/vdb/Documents/libs/libmaple//wirish/boards/maple.o
LOAD build//home/vdb/Documents/libs/libmaple//wirish/boards/maple_mini.o
LOAD build//home/vdb/Documents/libs/libmaple//wirish/boards/maple_native.o
LOAD build//home/vdb/Documents/libs/libmaple//wirish/boards/maple_RET6.o
LOAD build//home/vdb/Documents/libs/libmaple//wirish/comm/HardwareSerial.o
LOAD build//home/vdb/Documents/libs/libmaple//wirish/comm/HardwareSPI.o
LOAD build//home/vdb/Documents/libs/libmaple//wirish/HardwareTimer.o
LOAD build//home/vdb/Documents/libs/libmaple//wirish/usb_serial.o
LOAD build//home/vdb/Documents/libs/libmaple//wirish/cxxabi-compat.o
LOAD build//home/vdb/Documents/libs/libmaple//wirish/wirish_shift.o
LOAD build//home/vdb/Documents/libs/libmaple//wirish/wirish_analog.o
LOAD build//home/vdb/Documents/libs/libmaple//wirish/wirish_time.o
LOAD build//home/vdb/Documents/libs/libmaple//wirish/pwm.o
LOAD build//home/vdb/Documents/libs/libmaple//wirish/ext_interrupts.o
LOAD build//home/vdb/Documents/libs/libmaple//wirish/wirish_digital.o
LOAD build//home/vdb/Documents/libs/libmaple//libraries/Servo/Servo.o
LOAD build//home/vdb/Documents/libs/libmaple//libraries/LiquidCrystal/LiquidCrystal.o
LOAD build//home/vdb/Documents/libs/libmaple//libraries/Wire/Wire.o
LOAD build//home/vdb/Documents/libs/libmaple//libraries/FreeRTOS/utility/croutine.o
LOAD build//home/vdb/Documents/libs/libmaple//libraries/FreeRTOS/utility/heap_2.o
LOAD build//home/vdb/Documents/libs/libmaple//libraries/FreeRTOS/utility/list.o
LOAD build//home/vdb/Documents/libs/libmaple//libraries/FreeRTOS/utility/port.o
LOAD build//home/vdb/Documents/libs/libmaple//libraries/FreeRTOS/utility/queue.o
LOAD build//home/vdb/Documents/libs/libmaple//libraries/FreeRTOS/utility/timers.o
LOAD build//home/vdb/Documents/libs/libmaple//libraries/FreeRTOS/utility/tasks.o
LOAD build//home/vdb/Documents/libs/libmaple//libraries/FreeRTOS/MapleFreeRTOS.o
LOAD build/main.o
LOAD /home/vdb/Documents/libs/libmaple/arm/bin/../lib/gcc/arm-none-eabi/4.4.1/../../../../arm-none-eabi/lib/thumb2/libstdc++.a
LOAD /home/vdb/Documents/libs/libmaple/arm/bin/../lib/gcc/arm-none-eabi/4.4.1/../../../../arm-none-eabi/lib/thumb2/libm.a
START GROUP
LOAD /home/vdb/Documents/libs/libmaple/arm/bin/../lib/gcc/arm-none-eabi/4.4.1/thumb2/libgcc.a
LOAD /home/vdb/Documents/libs/libmaple/arm/bin/../lib/gcc/arm-none-eabi/4.4.1/../../../../arm-none-eabi/lib/thumb2/libc.a
END GROUP
LOAD /home/vdb/Documents/libs/libmaple/arm/bin/../lib/gcc/arm-none-eabi/4.4.1/thumb2/crtend.o
LOAD /home/vdb/Documents/libs/libmaple/arm/bin/../lib/gcc/arm-none-eabi/4.4.1/thumb2/crtn.o
START GROUP
LOAD /home/vdb/Documents/libs/libmaple//support/ld/libcs3_stm32_med_density.a
END GROUP
START GROUP
LOAD /home/vdb/Documents/libs/libmaple/arm/bin/../lib/gcc/arm-none-eabi/4.4.1/thumb2/libgcc.a
LOAD /home/vdb/Documents/libs/libmaple/arm/bin/../lib/gcc/arm-none-eabi/4.4.1/../../../../arm-none-eabi/lib/thumb2/libc.a
LOAD /home/vdb/Documents/libs/libmaple/arm/bin/../lib/gcc/arm-none-eabi/4.4.1/../../../../arm-none-eabi/lib/thumb2/libm.a
END GROUP
                0x20005000                PROVIDE (__cs3_stack, (__cs3_region_start_ram + __cs3_region_size_ram))
                0x08007e50                PROVIDE (__cs3_reset, _start)
                0x20001560                PROVIDE (__cs3_heap_start, _end)
                0x20005000                PROVIDE (__cs3_heap_end, (__cs3_region_start_ram + 0x4400))

.text           0x08005000     0x33c8
 CREATE_OBJECT_SYMBOLS
                0x08005000                __cs3_region_start_rom = .
 *(.cs3.region-head.rom)
                0x08005000                __cs3_interrupt_vector = __cs3_stm32_vector_table
 *(.cs3.interrupt_vector)
 .cs3.interrupt_vector
                0x08005000       0xec /home/vdb/Documents/libs/libmaple//support/ld/libcs3_stm32_med_density.a(stm32_vector_table.o)
                0x08005000                __cs3_stm32_vector_table
                0x08005001                ASSERT ((. != __cs3_stm32_vector_table), No interrupt vector)
 *(.rom)
 *(.rom.b)
 *(.rom)
 *(.rom.b)
 *(.text .text.* .gnu.linkonce.t.*)
 .text          0x080050ec       0x30 /home/vdb/Documents/libs/libmaple/arm/bin/../lib/gcc/arm-none-eabi/4.4.1/thumb2/crtbegin.o
 .text.adc_set_extsel
                0x0800511c       0x10 build//home/vdb/Documents/libs/libmaple//libmaple/adc.o
                0x0800511c                adc_set_extsel
 .text.adc_foreach
                0x0800512c       0x1c build//home/vdb/Documents/libs/libmaple//libmaple/adc.o
                0x0800512c                adc_foreach
 .text.adc_set_sample_rate
                0x08005148       0x2e build//home/vdb/Documents/libs/libmaple//libmaple/adc.o
                0x08005148                adc_set_sample_rate
 .text.adc_init
                0x08005176       0x14 build//home/vdb/Documents/libs/libmaple//libmaple/adc.o
                0x08005176                adc_init
 .text.bb_perip
                0x0800518a        0xc build//home/vdb/Documents/libs/libmaple//libmaple/adc.o
 .text.adc_calibrate
                0x08005196       0x2e build//home/vdb/Documents/libs/libmaple//libmaple/adc.o
                0x08005196                adc_calibrate
 .text.dma_clear_isr_bits
                0x080051c4       0x10 build//home/vdb/Documents/libs/libmaple//libmaple/dma.o
 .text.dispatch_handler
                0x080051d4       0x1c build//home/vdb/Documents/libs/libmaple//libmaple/dma.o
 .text.__irq_dma1_channel1
                0x080051f0       0x10 build//home/vdb/Documents/libs/libmaple//libmaple/dma.o
                0x080051f0                __irq_dma1_channel1
 .text.__irq_dma1_channel2
                0x08005200       0x10 build//home/vdb/Documents/libs/libmaple//libmaple/dma.o
                0x08005200                __irq_dma1_channel2
 .text.__irq_dma1_channel3
                0x08005210       0x10 build//home/vdb/Documents/libs/libmaple//libmaple/dma.o
                0x08005210                __irq_dma1_channel3
 .text.__irq_dma1_channel4
                0x08005220       0x10 build//home/vdb/Documents/libs/libmaple//libmaple/dma.o
                0x08005220                __irq_dma1_channel4
 .text.__irq_dma1_channel5
                0x08005230       0x10 build//home/vdb/Documents/libs/libmaple//libmaple/dma.o
                0x08005230                __irq_dma1_channel5
 .text.__irq_dma1_channel6
                0x08005240       0x10 build//home/vdb/Documents/libs/libmaple//libmaple/dma.o
                0x08005240                __irq_dma1_channel6
 .text.__irq_dma1_channel7
                0x08005250       0x10 build//home/vdb/Documents/libs/libmaple//libmaple/dma.o
                0x08005250                __irq_dma1_channel7
 .text.__bb_addr
                0x08005260        0xc build//home/vdb/Documents/libs/libmaple//libmaple/exti.o
 .text.bb_perip
                0x0800526c        0xc build//home/vdb/Documents/libs/libmaple//libmaple/exti.o
 .text.clear_pending
                0x08005278       0x18 build//home/vdb/Documents/libs/libmaple//libmaple/exti.o
 .text.dispatch_handler
                0x08005290       0x30 build//home/vdb/Documents/libs/libmaple//libmaple/exti.o
 .text.__irq_exti15_10
                0x080052c0       0x30 build//home/vdb/Documents/libs/libmaple//libmaple/exti.o
                0x080052c0                __irq_exti15_10
 .text.__irq_exti9_5
                0x080052f0       0x30 build//home/vdb/Documents/libs/libmaple//libmaple/exti.o
                0x080052f0                __irq_exti9_5
 .text.__irq_exti4
                0x08005320       0x12 build//home/vdb/Documents/libs/libmaple//libmaple/exti.o
                0x08005320                __irq_exti4
 .text.__irq_exti3
                0x08005332       0x12 build//home/vdb/Documents/libs/libmaple//libmaple/exti.o
                0x08005332                __irq_exti3
 .text.__irq_exti2
                0x08005344       0x12 build//home/vdb/Documents/libs/libmaple//libmaple/exti.o
                0x08005344                __irq_exti2
 .text.__irq_exti1
                0x08005356       0x12 build//home/vdb/Documents/libs/libmaple//libmaple/exti.o
                0x08005356                __irq_exti1
 .text.__irq_exti0
                0x08005368       0x12 build//home/vdb/Documents/libs/libmaple//libmaple/exti.o
                0x08005368                __irq_exti0
 *fill*         0x0800537a        0x2 00
 .text.flash_set_latency
                0x0800537c       0x14 build//home/vdb/Documents/libs/libmaple//libmaple/flash.o
                0x0800537c                flash_set_latency
 .text.flash_enable_prefetch
                0x08005390        0xc build//home/vdb/Documents/libs/libmaple//libmaple/flash.o
                0x08005390                flash_enable_prefetch
 .text.gpio_set_mode
                0x0800539c       0x56 build//home/vdb/Documents/libs/libmaple//libmaple/gpio.o
                0x0800539c                gpio_set_mode
 .text.afio_init
                0x080053f2       0x12 build//home/vdb/Documents/libs/libmaple//libmaple/gpio.o
                0x080053f2                afio_init
 .text.gpio_init
                0x08005404       0x14 build//home/vdb/Documents/libs/libmaple//libmaple/gpio.o
                0x08005404                gpio_init
 .text.gpio_init_all
                0x08005418       0x30 build//home/vdb/Documents/libs/libmaple//libmaple/gpio.o
                0x08005418                gpio_init_all
 .text.nvic_irq_set_priority
                0x08005448       0x2c build//home/vdb/Documents/libs/libmaple//libmaple/nvic.o
                0x08005448                nvic_irq_set_priority
 .text.nvic_set_vector_table
                0x08005474       0x14 build//home/vdb/Documents/libs/libmaple//libmaple/nvic.o
                0x08005474                nvic_set_vector_table
 .text.nvic_init
                0x08005488       0x24 build//home/vdb/Documents/libs/libmaple//libmaple/nvic.o
                0x08005488                nvic_init
 .text.i2c_write
                0x080054ac        0x6 build//home/vdb/Documents/libs/libmaple//libmaple/i2c.o
 .text.i2c_start_condition
                0x080054b2       0x14 build//home/vdb/Documents/libs/libmaple//libmaple/i2c.o
 .text.i2c_stop_condition
                0x080054c6       0x1c build//home/vdb/Documents/libs/libmaple//libmaple/i2c.o
 .text.i2c_enable_irq
                0x080054e2        0xc build//home/vdb/Documents/libs/libmaple//libmaple/i2c.o
 .text.i2c_disable_irq
                0x080054ee        0xc build//home/vdb/Documents/libs/libmaple//libmaple/i2c.o
 .text.i2c_disable_ack
                0x080054fa        0xc build//home/vdb/Documents/libs/libmaple//libmaple/i2c.o
 .text.i2c_irq_error_handler
                0x08005506       0x2a build//home/vdb/Documents/libs/libmaple//libmaple/i2c.o
 .text.__irq_i2c1_er
                0x08005530        0xc build//home/vdb/Documents/libs/libmaple//libmaple/i2c.o
                0x08005530                __irq_i2c1_er
 .text.__irq_i2c2_er
                0x0800553c        0xc build//home/vdb/Documents/libs/libmaple//libmaple/i2c.o
                0x0800553c                __irq_i2c2_er
 .text.i2c_irq_handler
                0x08005548      0x158 build//home/vdb/Documents/libs/libmaple//libmaple/i2c.o
 .text.__irq_i2c2_ev
                0x080056a0        0xc build//home/vdb/Documents/libs/libmaple//libmaple/i2c.o
                0x080056a0                __irq_i2c2_ev
 .text.__irq_i2c1_ev
                0x080056ac        0xc build//home/vdb/Documents/libs/libmaple//libmaple/i2c.o
                0x080056ac                __irq_i2c1_ev
 .text.rcc_set_prescaler
                0x080056b8       0x20 build//home/vdb/Documents/libs/libmaple//libmaple/rcc.o
                0x080056b8                rcc_set_prescaler
 .text.rcc_clk_init
                0x080056d8       0x64 build//home/vdb/Documents/libs/libmaple//libmaple/rcc.o
                0x080056d8                rcc_clk_init
 .text.bb_peri_set_bit
                0x0800573c        0xe build//home/vdb/Documents/libs/libmaple//libmaple/rcc.o
 *fill*         0x0800574a        0x2 00
 .text.rcc_reset_dev
                0x0800574c       0x34 build//home/vdb/Documents/libs/libmaple//libmaple/rcc.o
                0x0800574c                rcc_reset_dev
 .text.rcc_clk_enable
                0x08005780       0x20 build//home/vdb/Documents/libs/libmaple//libmaple/rcc.o
                0x08005780                rcc_clk_enable
 .text.systick_enable
                0x080057a0        0xc build//home/vdb/Documents/libs/libmaple//libmaple/systick.o
                0x080057a0                systick_enable
 .text.systick_init
                0x080057ac        0xc build//home/vdb/Documents/libs/libmaple//libmaple/systick.o
                0x080057ac                systick_init
 .text.__exc_systick
                0x080057b8       0x1c build//home/vdb/Documents/libs/libmaple//libmaple/systick.o
                0x080057b8                __exc_systick
 .text.timer_oc_set_mode
                0x080057d4       0x34 build//home/vdb/Documents/libs/libmaple//libmaple/timer.o
 .text.timer_disable
                0x08005808       0x12 build//home/vdb/Documents/libs/libmaple//libmaple/timer.o
                0x08005808                timer_disable
 *fill*         0x0800581a        0x2 00
 .text.timer_foreach
                0x0800581c       0x30 build//home/vdb/Documents/libs/libmaple//libmaple/timer.o
                0x0800581c                timer_foreach
 .text.dispatch_single_irq
                0x0800584c       0x1a build//home/vdb/Documents/libs/libmaple//libmaple/timer.o
 *fill*         0x08005866        0x2 00
 .text.__irq_tim1_brk
                0x08005868       0x10 build//home/vdb/Documents/libs/libmaple//libmaple/timer.o
                0x08005868                __irq_tim1_brk
 .text.__irq_tim1_up
                0x08005878       0x10 build//home/vdb/Documents/libs/libmaple//libmaple/timer.o
                0x08005878                __irq_tim1_up
 .text.__irq_tim1_trg_com
                0x08005888       0x40 build//home/vdb/Documents/libs/libmaple//libmaple/timer.o
                0x08005888                __irq_tim1_trg_com
 .text.__irq_tim1_cc
                0x080058c8       0x60 build//home/vdb/Documents/libs/libmaple//libmaple/timer.o
                0x080058c8                __irq_tim1_cc
 .text.dispatch_general
                0x08005928       0x82 build//home/vdb/Documents/libs/libmaple//libmaple/timer.o
 *fill*         0x080059aa        0x2 00
 .text.__irq_tim4
                0x080059ac        0xc build//home/vdb/Documents/libs/libmaple//libmaple/timer.o
                0x080059ac                __irq_tim4
 .text.__irq_tim3
                0x080059b8        0xc build//home/vdb/Documents/libs/libmaple//libmaple/timer.o
                0x080059b8                __irq_tim3
 .text.__irq_tim2
                0x080059c4        0xc build//home/vdb/Documents/libs/libmaple//libmaple/timer.o
                0x080059c4                __irq_tim2
 .text.timer_init
                0x080059d0       0x14 build//home/vdb/Documents/libs/libmaple//libmaple/timer.o
                0x080059d0                timer_init
 .text.bb_perip
                0x080059e4        0xc build//home/vdb/Documents/libs/libmaple//libmaple/timer.o
 .text.timer_disable_irq
                0x080059f0       0x10 build//home/vdb/Documents/libs/libmaple//libmaple/timer.o
 .text.timer_detach_interrupt
                0x08005a00       0x14 build//home/vdb/Documents/libs/libmaple//libmaple/timer.o
                0x08005a00                timer_detach_interrupt
 .text.timer_cc_enable
                0x08005a14       0x14 build//home/vdb/Documents/libs/libmaple//libmaple/timer.o
 .text.timer_set_mode
                0x08005a28       0x90 build//home/vdb/Documents/libs/libmaple//libmaple/timer.o
                0x08005a28                timer_set_mode
 .text.usart_set_baud_rate
                0x08005ab8       0x34 build//home/vdb/Documents/libs/libmaple//libmaple/usart.o
                0x08005ab8                usart_set_baud_rate
 .text.usart_enable
                0x08005aec       0x10 build//home/vdb/Documents/libs/libmaple//libmaple/usart.o
                0x08005aec                usart_enable
 .text.usart_disable
                0x08005afc       0x22 build//home/vdb/Documents/libs/libmaple//libmaple/usart.o
                0x08005afc                usart_disable
 *fill*         0x08005b1e        0x2 00
 .text.usart_foreach
                0x08005b20       0x24 build//home/vdb/Documents/libs/libmaple//libmaple/usart.o
                0x08005b20                usart_foreach
 .text.usart_tx
                0x08005b44       0x1c build//home/vdb/Documents/libs/libmaple//libmaple/usart.o
                0x08005b44                usart_tx
 .text.usart_putudec
                0x08005b60       0x42 build//home/vdb/Documents/libs/libmaple//libmaple/usart.o
                0x08005b60                usart_putudec
 .text.usart_irq
                0x08005ba2       0x4c build//home/vdb/Documents/libs/libmaple//libmaple/usart.o
 *fill*         0x08005bee        0x2 00
 .text.__irq_usart1
                0x08005bf0        0xc build//home/vdb/Documents/libs/libmaple//libmaple/usart.o
                0x08005bf0                __irq_usart1
 .text.__irq_usart2
                0x08005bfc        0xc build//home/vdb/Documents/libs/libmaple//libmaple/usart.o
                0x08005bfc                __irq_usart2
 .text.__irq_usart3
                0x08005c08        0xc build//home/vdb/Documents/libs/libmaple//libmaple/usart.o
                0x08005c08                __irq_usart3
 .text.usart_init
                0x08005c14       0x44 build//home/vdb/Documents/libs/libmaple//libmaple/usart.o
                0x08005c14                usart_init
 .text.nvic_irq_enable
                0x08005c58       0x1c build//home/vdb/Documents/libs/libmaple//libmaple/util.o
 .text.usart_putc
                0x08005c74       0x18 build//home/vdb/Documents/libs/libmaple//libmaple/util.o
 .text.usart_putstr
                0x08005c8c       0x1a build//home/vdb/Documents/libs/libmaple//libmaple/util.o
 .text.T.12     0x08005ca6       0x10 build//home/vdb/Documents/libs/libmaple//libmaple/util.o
 *fill*         0x08005cb6        0x2 00
 .text.throb    0x08005cb8       0x4c build//home/vdb/Documents/libs/libmaple//libmaple/util.o
                0x08005cb8                throb
 .text.__error  0x08005d04       0x48 build//home/vdb/Documents/libs/libmaple//libmaple/util.o
                0x08005d04                __error
 .text._fail    0x08005d4c       0x8c build//home/vdb/Documents/libs/libmaple//libmaple/util.o
                0x08005d4c                _fail
 .text.adc_disable
                0x08005dd8       0x12 build//home/vdb/Documents/libs/libmaple//libmaple/util.o
 *fill*         0x08005dea        0x2 00
 .text.usbSuspend
                0x08005dec       0x1c build//home/vdb/Documents/libs/libmaple//libmaple/usb/usb.o
                0x08005dec                usbSuspend
 .text.usbResumeInit
                0x08005e08       0x1c build//home/vdb/Documents/libs/libmaple//libmaple/usb/usb.o
                0x08005e08                usbResumeInit
 .text.usbResume
                0x08005e24       0x90 build//home/vdb/Documents/libs/libmaple//libmaple/usb/usb.o
                0x08005e24                usbResume
 .text.usbPowerOn
                0x08005eb4       0x28 build//home/vdb/Documents/libs/libmaple//libmaple/usb/usb.o
                0x08005eb4                usbPowerOn
 .text.usbBytesAvailable
                0x08005edc        0xc build//home/vdb/Documents/libs/libmaple//libmaple/usb/usb.o
                0x08005edc                usbBytesAvailable
 .text.usbIsConfigured
                0x08005ee8       0x14 build//home/vdb/Documents/libs/libmaple//libmaple/usb/usb.o
                0x08005ee8                usbIsConfigured
 .text.usbIsConnected
                0x08005efc       0x10 build//home/vdb/Documents/libs/libmaple//libmaple/usb/usb.o
                0x08005efc                usbIsConnected
 .text.usbReceiveBytes
                0x08005f0c       0x60 build//home/vdb/Documents/libs/libmaple//libmaple/usb/usb.o
                0x08005f0c                usbReceiveBytes
 .text.usbSendBytes
                0x08005f6c       0x60 build//home/vdb/Documents/libs/libmaple//libmaple/usb/usb.o
                0x08005f6c                usbSendBytes
 .text.__irq_usb_lp_can_rx0
                0x08005fcc       0xe8 build//home/vdb/Documents/libs/libmaple//libmaple/usb/usb.o
                0x08005fcc                __irq_usb_lp_can_rx0
 .text.usbEnbISR
                0x080060b4       0x20 build//home/vdb/Documents/libs/libmaple//libmaple/usb/usb.o
                0x080060b4                usbEnbISR
 .text.T.38     0x080060d4       0x14 build//home/vdb/Documents/libs/libmaple//libmaple/usb/usb.o
 .text.setupUSB
                0x080060e8       0x34 build//home/vdb/Documents/libs/libmaple//libmaple/usb/usb.o
                0x080060e8                setupUSB
 .text.usbWaitReset
                0x0800611c       0x10 build//home/vdb/Documents/libs/libmaple//libmaple/usb/usb.o
                0x0800611c                usbWaitReset
 .text.vcomDataTxCb
                0x0800612c        0xc build//home/vdb/Documents/libs/libmaple//libmaple/usb/usb_callbacks.o
                0x0800612c                vcomDataTxCb
 .text.vcomManagementCb
                0x08006138        0x2 build//home/vdb/Documents/libs/libmaple//libmaple/usb/usb_callbacks.o
                0x08006138                vcomManagementCb
 *fill*         0x0800613a        0x2 00
 .text.vcomGetSetLineCoding
                0x0800613c       0x18 build//home/vdb/Documents/libs/libmaple//libmaple/usb/usb_callbacks.o
                0x0800613c                vcomGetSetLineCoding
 .text.usbStatusIn
                0x08006154        0x2 build//home/vdb/Documents/libs/libmaple//libmaple/usb/usb_callbacks.o
                0x08006154                usbStatusIn
 .text.usbStatusOut
                0x08006156        0x2 build//home/vdb/Documents/libs/libmaple//libmaple/usb/usb_callbacks.o
                0x08006156                usbStatusOut
 .text.usbDataSetup
                0x08006158       0x40 build//home/vdb/Documents/libs/libmaple//libmaple/usb/usb_callbacks.o
                0x08006158                usbDataSetup
 .text.usbNoDataSetup
                0x08006198       0x64 build//home/vdb/Documents/libs/libmaple//libmaple/usb/usb_callbacks.o
                0x08006198                usbNoDataSetup
 .text.usbGetInterfaceSetting
                0x080061fc        0xe build//home/vdb/Documents/libs/libmaple//libmaple/usb/usb_callbacks.o
                0x080061fc                usbGetInterfaceSetting
 *fill*         0x0800620a        0x2 00
 .text.usbSetConfiguration
                0x0800620c       0x18 build//home/vdb/Documents/libs/libmaple//libmaple/usb/usb_callbacks.o
                0x0800620c                usbSetConfiguration
 .text.usbSetDeviceAddress
                0x08006224        0xc build//home/vdb/Documents/libs/libmaple//libmaple/usb/usb_callbacks.o
                0x08006224                usbSetDeviceAddress
 .text.usbGetStringDescriptor
                0x08006230       0x20 build//home/vdb/Documents/libs/libmaple//libmaple/usb/usb_callbacks.o
                0x08006230                usbGetStringDescriptor
 .text.usbGetConfigDescriptor
                0x08006250        0xc build//home/vdb/Documents/libs/libmaple//libmaple/usb/usb_callbacks.o
                0x08006250                usbGetConfigDescriptor
 .text.usbGetDeviceDescriptor
                0x0800625c        0xc build//home/vdb/Documents/libs/libmaple//libmaple/usb/usb_callbacks.o
                0x0800625c                usbGetDeviceDescriptor
 .text.usbReset
                0x08006268      0x120 build//home/vdb/Documents/libs/libmaple//libmaple/usb/usb_callbacks.o
                0x08006268                usbReset
 .text.usbInit  0x08006388       0x3c build//home/vdb/Documents/libs/libmaple//libmaple/usb/usb_callbacks.o
                0x08006388                usbInit
 .text.vcomDataRxCb
                0x080063c4       0xb8 build//home/vdb/Documents/libs/libmaple//libmaple/usb/usb_callbacks.o
                0x080063c4                vcomDataRxCb
 .text.nvicInit
                0x0800647c       0x6c build//home/vdb/Documents/libs/libmaple//libmaple/usb/usb_hardware.o
                0x0800647c                nvicInit
 .text.systemHardReset
                0x080064e8       0x14 build//home/vdb/Documents/libs/libmaple//libmaple/usb/usb_hardware.o
                0x080064e8                systemHardReset
 .text.Standard_GetConfiguration
                0x080064fc       0x28 build//home/vdb/Documents/libs/libmaple//libmaple/usb/usb_lib/usb_core.o
                0x080064fc                Standard_GetConfiguration
 .text.Standard_SetConfiguration
                0x08006524       0x38 build//home/vdb/Documents/libs/libmaple//libmaple/usb/usb_lib/usb_core.o
                0x08006524                Standard_SetConfiguration
 .text.Standard_GetInterface
                0x0800655c       0x28 build//home/vdb/Documents/libs/libmaple//libmaple/usb/usb_lib/usb_core.o
                0x0800655c                Standard_GetInterface
 .text.Standard_SetInterface
                0x08006584       0x48 build//home/vdb/Documents/libs/libmaple//libmaple/usb/usb_lib/usb_core.o
                0x08006584                Standard_SetInterface
 .text.Standard_GetStatus
                0x080065cc       0xa4 build//home/vdb/Documents/libs/libmaple//libmaple/usb/usb_lib/usb_core.o
                0x080065cc                Standard_GetStatus
 .text.Standard_SetEndPointFeature
                0x08006670       0x84 build//home/vdb/Documents/libs/libmaple//libmaple/usb/usb_lib/usb_core.o
                0x08006670                Standard_SetEndPointFeature
 .text.Standard_SetDeviceFeature
                0x080066f4       0x24 build//home/vdb/Documents/libs/libmaple//libmaple/usb/usb_lib/usb_core.o
                0x080066f4                Standard_SetDeviceFeature
 .text.Standard_GetDescriptorData
                0x08006718       0x1c build//home/vdb/Documents/libs/libmaple//libmaple/usb/usb_lib/usb_core.o
                0x08006718                Standard_GetDescriptorData
 .text.SetDeviceAddress
                0x08006734       0x44 build//home/vdb/Documents/libs/libmaple//libmaple/usb/usb_lib/usb_core.o
                0x08006734                SetDeviceAddress
 .text.NOP_Process
                0x08006778        0x2 build//home/vdb/Documents/libs/libmaple//libmaple/usb/usb_lib/usb_core.o
                0x08006778                NOP_Process
 *fill*         0x0800677a        0x2 00
 .text.Post0_Process
                0x0800677c       0x44 build//home/vdb/Documents/libs/libmaple//libmaple/usb/usb_lib/usb_core.o
                0x0800677c                Post0_Process
 .text.Out0_Process
                0x080067c0       0xd4 build//home/vdb/Documents/libs/libmaple//libmaple/usb/usb_lib/usb_core.o
                0x080067c0                Out0_Process
 .text.DataStageIn
                0x08006894       0xac build//home/vdb/Documents/libs/libmaple//libmaple/usb/usb_lib/usb_core.o
 .text.In0_Process
                0x08006940       0x60 build//home/vdb/Documents/libs/libmaple//libmaple/usb/usb_lib/usb_core.o
                0x08006940                In0_Process
 .text.Standard_ClearFeature
                0x080069a0       0xd4 build//home/vdb/Documents/libs/libmaple//libmaple/usb/usb_lib/usb_core.o
                0x080069a0                Standard_ClearFeature
 .text.Setup0_Process
                0x08006a74      0x304 build//home/vdb/Documents/libs/libmaple//libmaple/usb/usb_lib/usb_core.o
                0x08006a74                Setup0_Process
 .text.USB_Init
                0x08006d78       0x38 build//home/vdb/Documents/libs/libmaple//libmaple/usb/usb_lib/usb_init.o
                0x08006d78                USB_Init
 .text.CTR_LP   0x08006db0      0x17c build//home/vdb/Documents/libs/libmaple//libmaple/usb/usb_lib/usb_int.o
                0x08006db0                CTR_LP
 .text.UserToPMABufferCopy
                0x08006f2c       0x2e build//home/vdb/Documents/libs/libmaple//libmaple/usb/usb_lib/usb_mem.o
                0x08006f2c                UserToPMABufferCopy
 .text.PMAToUserBufferCopy
                0x08006f5a       0x24 build//home/vdb/Documents/libs/libmaple//libmaple/usb/usb_lib/usb_mem.o
                0x08006f5a                PMAToUserBufferCopy
 .text.SetEPType
                0x08006f7e       0x1a build//home/vdb/Documents/libs/libmaple//libmaple/usb/usb_lib/usb_regs.o
                0x08006f7e                SetEPType
 .text.SetEPTxStatus
                0x08006f98       0x2c build//home/vdb/Documents/libs/libmaple//libmaple/usb/usb_lib/usb_regs.o
                0x08006f98                SetEPTxStatus
 .text.SetEPRxStatus
                0x08006fc4       0x2c build//home/vdb/Documents/libs/libmaple//libmaple/usb/usb_lib/usb_regs.o
                0x08006fc4                SetEPRxStatus
 .text.SetEPRxValid
                0x08006ff0       0x1c build//home/vdb/Documents/libs/libmaple//libmaple/usb/usb_lib/usb_regs.o
                0x08006ff0                SetEPRxValid
 .text.Clear_Status_Out
                0x0800700c       0x18 build//home/vdb/Documents/libs/libmaple//libmaple/usb/usb_lib/usb_regs.o
                0x0800700c                Clear_Status_Out
 .text.ClearDTOG_RX
                0x08007024       0x24 build//home/vdb/Documents/libs/libmaple//libmaple/usb/usb_lib/usb_regs.o
                0x08007024                ClearDTOG_RX
 .text.ClearDTOG_TX
                0x08007048       0x24 build//home/vdb/Documents/libs/libmaple//libmaple/usb/usb_lib/usb_regs.o
                0x08007048                ClearDTOG_TX
 .text.SetEPTxAddr
                0x0800706c       0x24 build//home/vdb/Documents/libs/libmaple//libmaple/usb/usb_lib/usb_regs.o
                0x0800706c                SetEPTxAddr
 .text.SetEPRxAddr
                0x08007090       0x24 build//home/vdb/Documents/libs/libmaple//libmaple/usb/usb_lib/usb_regs.o
                0x08007090                SetEPRxAddr
 .text.GetEPTxAddr
                0x080070b4       0x1c build//home/vdb/Documents/libs/libmaple//libmaple/usb/usb_lib/usb_regs.o
                0x080070b4                GetEPTxAddr
 .text.GetEPRxAddr
                0x080070d0       0x1c build//home/vdb/Documents/libs/libmaple//libmaple/usb/usb_lib/usb_regs.o
                0x080070d0                GetEPRxAddr
 .text.SetEPTxCount
                0x080070ec       0x1c build//home/vdb/Documents/libs/libmaple//libmaple/usb/usb_lib/usb_regs.o
                0x080070ec                SetEPTxCount
 .text.SetEPRxCount
                0x08007108       0x40 build//home/vdb/Documents/libs/libmaple//libmaple/usb/usb_lib/usb_regs.o
                0x08007108                SetEPRxCount
 .text.GetEPRxCount
                0x08007148       0x20 build//home/vdb/Documents/libs/libmaple//libmaple/usb/usb_lib/usb_regs.o
                0x08007148                GetEPRxCount
 .text.ByteSwap
                0x08007168        0xa build//home/vdb/Documents/libs/libmaple//libmaple/usb/usb_lib/usb_regs.o
                0x08007168                ByteSwap
 *fill*         0x08007172        0xe 00
 .text          0x08007180       0x60 build//home/vdb/Documents/libs/libmaple//libmaple/exc.o
                0x08007180                __exc_nmi
                0x08007184                __exc_hardfault
                0x08007188                __exc_memmanage
                0x0800718c                __exc_busfault
                0x08007190                __exc_usagefault
 .text._ZN5Print5writeEPKc
                0x080071e0       0x1c build//home/vdb/Documents/libs/libmaple//wirish/Print.o
                0x080071e0                _ZN5Print5writeEPKc
 .text._ZN5Print5writeEPKvj
                0x080071fc       0x20 build//home/vdb/Documents/libs/libmaple//wirish/Print.o
                0x080071fc                _ZN5Print5writeEPKvj
 .text._ZN5Print5printEc
                0x0800721c        0xa build//home/vdb/Documents/libs/libmaple//wirish/Print.o
                0x0800721c                _ZN5Print5printEc
 .text._ZN5Print7printlnEv
                0x08007226       0x16 build//home/vdb/Documents/libs/libmaple//wirish/Print.o
                0x08007226                _ZN5Print7printlnEv
 .text._ZN5Print7printlnEc
                0x0800723c       0x12 build//home/vdb/Documents/libs/libmaple//wirish/Print.o
                0x0800723c                _ZN5Print7printlnEc
 *fill*         0x0800724e        0x2 00
 .text._Z4initv
                0x08007250       0x7c build//home/vdb/Documents/libs/libmaple//wirish/boards.o
                0x08007250                _Z4initv
 .text._ZL8bb_peripPVvj
                0x080072cc        0xc build//home/vdb/Documents/libs/libmaple//wirish/boards.o
 .text._ZL16adcDefaultConfigPK7adc_dev
                0x080072d8       0x3e build//home/vdb/Documents/libs/libmaple//wirish/boards.o
 .text._ZL18timerDefaultConfigP9timer_dev
                0x08007316       0x98 build//home/vdb/Documents/libs/libmaple//wirish/boards.o
 .text._Z9boardInitv
                0x080073ae        0x2 build//home/vdb/Documents/libs/libmaple//wirish/boards/maple.o
                0x080073ae                _Z9boardInitv
 .text._GLOBAL__I__Z9boardInitv
                0x080073b0      0x158 build//home/vdb/Documents/libs/libmaple//wirish/boards/maple.o
 .text._ZN5PrintC2Ev
                0x08007508        0xc build//home/vdb/Documents/libs/libmaple//wirish/comm/HardwareSerial.o
                0x08007508                _ZN5PrintC2Ev
 .text._ZN14HardwareSerialC1EP9usart_devhhj
                0x08007514       0x24 build//home/vdb/Documents/libs/libmaple//wirish/comm/HardwareSerial.o
                0x08007514                _ZN14HardwareSerialC1EP9usart_devhhj
 .text._ZN14HardwareSerial4readEv
                0x08007538       0x1c build//home/vdb/Documents/libs/libmaple//wirish/comm/HardwareSerial.o
                0x08007538                _ZN14HardwareSerial4readEv
 .text._ZN14HardwareSerial9availableEv
                0x08007554       0x22 build//home/vdb/Documents/libs/libmaple//wirish/comm/HardwareSerial.o
                0x08007554                _ZN14HardwareSerial9availableEv
 *fill*         0x08007576        0x2 00
 .text._ZN14HardwareSerial5beginEj
                0x08007578       0x8c build//home/vdb/Documents/libs/libmaple//wirish/comm/HardwareSerial.o
                0x08007578                _ZN14HardwareSerial5beginEj
 .text._ZN14HardwareSerial5writeEh
                0x08007604       0x18 build//home/vdb/Documents/libs/libmaple//wirish/comm/HardwareSerial.o
                0x08007604                _ZN14HardwareSerial5writeEh
 .text._GLOBAL__I_Serial1
                0x0800761c       0x58 build//home/vdb/Documents/libs/libmaple//wirish/comm/HardwareSerial.o
 .text._ZN13HardwareTimerC1Eh
                0x08007674       0x58 build//home/vdb/Documents/libs/libmaple//wirish/HardwareTimer.o
                0x08007674                _ZN13HardwareTimerC1Eh
 .text._GLOBAL__I__ZN13HardwareTimerC2Eh
                0x080076cc       0x38 build//home/vdb/Documents/libs/libmaple//wirish/HardwareTimer.o
 .text._ZN9USBSerialC1Ev
                0x08007704       0x14 build//home/vdb/Documents/libs/libmaple//wirish/usb_serial.o
                0x08007704                _ZN9USBSerialC1Ev
 .text._ZN9USBSerial5writeEh
                0x08007718       0x14 build//home/vdb/Documents/libs/libmaple//wirish/usb_serial.o
                0x08007718                _ZN9USBSerial5writeEh
 .text._ZN9USBSerial4readEPvj
                0x0800772c       0x22 build//home/vdb/Documents/libs/libmaple//wirish/usb_serial.o
                0x0800772c                _ZN9USBSerial4readEPvj
 .text._ZN9USBSerial4readEv
                0x0800774e       0x10 build//home/vdb/Documents/libs/libmaple//wirish/usb_serial.o
                0x0800774e                _ZN9USBSerial4readEv
 .text._ZN9USBSerial9availableEv
                0x0800775e        0x4 build//home/vdb/Documents/libs/libmaple//wirish/usb_serial.o
                0x0800775e                _ZN9USBSerial9availableEv
 *fill*         0x08007762        0x2 00
 .text._ZN9USBSerial5writeEPKvj
                0x08007764       0x58 build//home/vdb/Documents/libs/libmaple//wirish/usb_serial.o
                0x08007764                _ZN9USBSerial5writeEPKvj
 .text._ZN9USBSerial5writeEPKc
                0x080077bc       0x1a build//home/vdb/Documents/libs/libmaple//wirish/usb_serial.o
                0x080077bc                _ZN9USBSerial5writeEPKc
 *fill*         0x080077d6        0x2 00
 .text._GLOBAL__I__ZN9USBSerialC2Ev
                0x080077d8        0xc build//home/vdb/Documents/libs/libmaple//wirish/usb_serial.o
 .text.__cxa_pure_virtual
                0x080077e4        0x2 build//home/vdb/Documents/libs/libmaple//wirish/cxxabi-compat.o
                0x080077e4                __cxa_pure_virtual
 .text._Z17delayMicrosecondsj
                0x080077e6        0xe build//home/vdb/Documents/libs/libmaple//wirish/wirish_time.o
                0x080077e6                _Z17delayMicrosecondsj
 .text._Z5delaym
                0x080077f4       0x18 build//home/vdb/Documents/libs/libmaple//wirish/wirish_time.o
                0x080077f4                _Z5delaym
 .text._Z8pwmWriteht
                0x0800780c       0x30 build//home/vdb/Documents/libs/libmaple//wirish/pwm.o
                0x0800780c                _Z8pwmWriteht
 .text._Z12digitalWritehh
                0x0800783c       0x30 build//home/vdb/Documents/libs/libmaple//wirish/wirish_digital.o
                0x0800783c                _Z12digitalWritehh
 .text._Z7pinModeh13WiringPinMode
                0x0800786c       0x88 build//home/vdb/Documents/libs/libmaple//wirish/wirish_digital.o
                0x0800786c                _Z7pinModeh13WiringPinMode
 .text._ZN7TwoWireC1Ev
                0x080078f4       0x20 build//home/vdb/Documents/libs/libmaple//libraries/Wire/Wire.o
                0x080078f4                _ZN7TwoWireC1Ev
 .text._GLOBAL__I_i2c_delay
                0x08007914        0xc build//home/vdb/Documents/libs/libmaple//libraries/Wire/Wire.o
 .text.__exc_svc
                0x08007920       0x24 build//home/vdb/Documents/libs/libmaple//libraries/FreeRTOS/utility/port.o
                0x08007920                __exc_svc
 .text.__exc_pendsv
                0x08007944       0x40 build//home/vdb/Documents/libs/libmaple//libraries/FreeRTOS/utility/port.o
                0x08007944                __exc_pendsv
 .text.vTaskSwitchContext
                0x08007984       0xf0 build//home/vdb/Documents/libs/libmaple//libraries/FreeRTOS/utility/tasks.o
                0x08007984                vTaskSwitchContext
 .text.vApplicationStackOverflowHook
                0x08007a74        0x2 build//home/vdb/Documents/libs/libmaple//libraries/FreeRTOS/MapleFreeRTOS.o
                0x08007a74                vApplicationStackOverflowHook
 .text._ZN5LFade6updateEttt
                0x08007a76       0x1a build/main.o
                0x08007a76                _ZN5LFade6updateEttt
 .text._ZN11PixelEffectC2Et
                0x08007a90        0xc build/main.o
                0x08007a90                _ZN11PixelEffectC2Et
 .text._ZN5Strob6updateEtthh
                0x08007a9c       0x2e build/main.o
                0x08007a9c                _ZN5Strob6updateEtthh
 .text._ZN10StrobChase6updateEtthh
                0x08007aca       0x46 build/main.o
                0x08007aca                _ZN10StrobChase6updateEtthh
 .text._Z7premainv
                0x08007b10        0x4 build/main.o
                0x08007b10                _Z7premainv
 .text._Z9set_pixelhh
                0x08007b14       0x12 build/main.o
                0x08007b14                _Z9set_pixelhh
 *fill*         0x08007b26        0x2 00
 .text._Z4loopv
                0x08007b28      0x124 build/main.o
                0x08007b28                _Z4loopv
 .text._Z5setupv
                0x08007c4c       0xd0 build/main.o
                0x08007c4c                _Z5setupv
 .text.main     0x08007d1c        0xc build/main.o
                0x08007d1c                main
 .text._GLOBAL__I_pole
                0x08007d28       0x60 build/main.o
 .text          0x08007d88       0x64 /home/vdb/Documents/libs/libmaple/arm/bin/../lib/gcc/arm-none-eabi/4.4.1/../../../../arm-none-eabi/lib/thumb2/libc.a(lib_a-memcmp.o)
                0x08007d88                memcmp
 .text          0x08007dec       0x60 /home/vdb/Documents/libs/libmaple/arm/bin/../lib/gcc/arm-none-eabi/4.4.1/../../../../arm-none-eabi/lib/thumb2/libc.a(lib_a-strlen.o)
                0x08007dec                strlen
 .text          0x08007e4c        0x2 /home/vdb/Documents/libs/libmaple//support/ld/libcs3_stm32_med_density.a(stm32_isrs.o)
                0x08007e4c                __stm32reservedexception9
                0x08007e4c                __exc_debug_monitor
                0x08007e4c                __irq_adc
                0x08007e4c                __irq_can_rx1
                0x08007e4c                __irq_spi2
                0x08007e4c                __irq_can_sce
                0x08007e4c                __irq_pvd
                0x08007e4c                __irq_tamper
                0x08007e4c                __default_handler
                0x08007e4c                __irq_wwdg
                0x08007e4c                __stm32reservedexception10
                0x08007e4c                __irq_flash
                0x08007e4c                __stm32reservedexception13
                0x08007e4c                __irq_rtc
                0x08007e4c                __irq_spi1
                0x08007e4c                __stm32reservedexception7
                0x08007e4c                __irq_usb_hp_can_tx
                0x08007e4c                __irq_rtcalarm
                0x08007e4c                __stm32reservedexception8
                0x08007e4c                __irq_usbwakeup
                0x08007e4c                __irq_rcc
 *fill*         0x08007e4e        0x2 00
 .text          0x08007e50       0x10 /home/vdb/Documents/libs/libmaple//support/ld/libcs3_stm32_med_density.a(start.o)
                0x08007e50                _start
 .text          0x08007e60      0x108 /home/vdb/Documents/libs/libmaple//support/ld/libcs3_stm32_med_density.a(start_c.o)
                0x08007e60                __cs3_start_c
 .text          0x08007f68       0x50 /home/vdb/Documents/libs/libmaple/arm/bin/../lib/gcc/arm-none-eabi/4.4.1/../../../../arm-none-eabi/lib/thumb2/libc.a(lib_a-init.o)
                0x08007f68                __libc_init_array
 *(.plt)
 *(.gnu.warning)
 *(.glue_7t)
 .glue_7t       0x00000000        0x0 linker stubs
 *(.glue_7)
 .glue_7        0x00000000        0x0 linker stubs
 *(.vfp11_veneer)
 .vfp11_veneer  0x00000000        0x0 linker stubs
 *(.rodata .rodata.* .gnu.linkonce.r.*)
 .rodata.str1.1
                0x08007fb8       0x53 build//home/vdb/Documents/libs/libmaple//libmaple/exti.o
                                 0x5b (size before relaxing)
 *fill*         0x0800800b        0x1 00
 .rodata.GPIOA  0x0800800c        0x4 build//home/vdb/Documents/libs/libmaple//libmaple/gpio.o
                0x0800800c                GPIOA
 .rodata.GPIOB  0x08008010        0x4 build//home/vdb/Documents/libs/libmaple//libmaple/gpio.o
                0x08008010                GPIOB
 .rodata.GPIOC  0x08008014        0x4 build//home/vdb/Documents/libs/libmaple//libmaple/gpio.o
                0x08008014                GPIOC
 .rodata.GPIOD  0x08008018        0x4 build//home/vdb/Documents/libs/libmaple//libmaple/gpio.o
                0x08008018                GPIOD
 .rodata.reset_regs.1519
                0x0800801c        0x8 build//home/vdb/Documents/libs/libmaple//libmaple/rcc.o
 .rodata.str1.1
                0x08008024       0x6c build//home/vdb/Documents/libs/libmaple//libmaple/rcc.o
 .rodata.rcc_dev_table
                0x08008090       0x34 build//home/vdb/Documents/libs/libmaple//libmaple/rcc.o
 .rodata.masks.1536
                0x080080c4       0x14 build//home/vdb/Documents/libs/libmaple//libmaple/rcc.o
 .rodata.enable_regs.1508
                0x080080d8        0xc build//home/vdb/Documents/libs/libmaple//libmaple/rcc.o
 .rodata.str1.1
                0x080080e4       0x6b build//home/vdb/Documents/libs/libmaple//libmaple/timer.o
 .rodata.str1.1
                0x0800814f       0x1a build//home/vdb/Documents/libs/libmaple//libmaple/util.o
                                 0x1d (size before relaxing)
 *fill*         0x08008169        0x3 00
 .rodata.usbVcomDescriptor_iProduct
                0x0800816c       0x14 build//home/vdb/Documents/libs/libmaple//libmaple/usb/descriptors.o
                0x0800816c                usbVcomDescriptor_iProduct
 .rodata.usbVcomDescriptor_iManufacturer
                0x08008180       0x14 build//home/vdb/Documents/libs/libmaple//libmaple/usb/descriptors.o
                0x08008180                usbVcomDescriptor_iManufacturer
 .rodata.usbVcomDescriptor_Device
                0x08008194       0x14 build//home/vdb/Documents/libs/libmaple//libmaple/usb/descriptors.o
                0x08008194                usbVcomDescriptor_Device
 .rodata.usbVcomDescriptor_Config
                0x080081a8       0x44 build//home/vdb/Documents/libs/libmaple//libmaple/usb/descriptors.o
                0x080081a8                usbVcomDescriptor_Config
 .rodata.usbVcomDescriptor_LangID
                0x080081ec        0x4 build//home/vdb/Documents/libs/libmaple//libmaple/usb/descriptors.o
                0x080081ec                usbVcomDescriptor_LangID
 .rodata._ZTV5Print
                0x080081f0       0x18 build//home/vdb/Documents/libs/libmaple//wirish/Print.o
                0x080081f0                _ZTV5Print
 .rodata.str1.1
                0x08008208       0x61 build//home/vdb/Documents/libs/libmaple//wirish/comm/HardwareSerial.o
 *fill*         0x08008269        0x7 00
 .rodata._ZTV14HardwareSerial
                0x08008270       0x18 build//home/vdb/Documents/libs/libmaple//wirish/comm/HardwareSerial.o
                0x08008270                _ZTV14HardwareSerial
 .rodata.str1.1
                0x08008288       0x3c build//home/vdb/Documents/libs/libmaple//wirish/HardwareTimer.o
                                 0x3e (size before relaxing)
 *fill*         0x080082c4        0x4 00
 .rodata._ZTV9USBSerial
                0x080082c8       0x18 build//home/vdb/Documents/libs/libmaple//wirish/usb_serial.o
                0x080082c8                _ZTV9USBSerial
 .rodata.str1.1
                0x080082e0       0x3d build//home/vdb/Documents/libs/libmaple//wirish/wirish_digital.o
                                 0x3f (size before relaxing)
 *fill*         0x0800831d        0x3 00
 .rodata.ucExpectedStackBytes.3388
                0x08008320       0x14 build//home/vdb/Documents/libs/libmaple//libraries/FreeRTOS/utility/tasks.o
 *fill*         0x08008334        0x4 00
 .rodata._ZTV5LFade
                0x08008338       0x10 build/main.o
                0x08008338                _ZTV5LFade
 .rodata._ZTV10StrobChase
                0x08008348       0x10 build/main.o
                0x08008348                _ZTV10StrobChase
 .rodata._ZTV11PixelEffect
                0x08008358       0x10 build/main.o
                0x08008358                _ZTV11PixelEffect
 .rodata._ZTV5Strob
                0x08008368       0x10 build/main.o
                0x08008368                _ZTV5Strob
 *(.ARM.extab* .gnu.linkonce.armextab.*)
 *(.gcc_except_table)
 *(.eh_frame_hdr)
 *(.eh_frame)
                0x08008378                . = ALIGN (0x4)
 *(.init)
 .init          0x08008378        0x4 /home/vdb/Documents/libs/libmaple/arm/bin/../lib/gcc/arm-none-eabi/4.4.1/thumb2/crti.o
                0x08008378                _init
 .init          0x0800837c        0x8 /home/vdb/Documents/libs/libmaple/arm/bin/../lib/gcc/arm-none-eabi/4.4.1/thumb2/crtn.o
                0x08008384                . = ALIGN (0x4)
                0x08008384                __preinit_array_start = .
 *(.preinit_array)
                0x08008384                __preinit_array_end = .
                0x08008384                . = ALIGN (0x4)
                0x08008384                __init_array_start = .
 *(SORT(.init_array.*))
 *(.init_array)
 .init_array    0x08008384        0x4 /home/vdb/Documents/libs/libmaple/arm/bin/../lib/gcc/arm-none-eabi/4.4.1/thumb2/crtbegin.o
 .init_array    0x08008388        0x4 build//home/vdb/Documents/libs/libmaple//wirish/boards/maple.o
 .init_array    0x0800838c        0x4 build//home/vdb/Documents/libs/libmaple//wirish/comm/HardwareSerial.o
 .init_array    0x08008390        0x4 build//home/vdb/Documents/libs/libmaple//wirish/HardwareTimer.o
 .init_array    0x08008394        0x4 build//home/vdb/Documents/libs/libmaple//wirish/usb_serial.o
 .init_array    0x08008398        0x4 build//home/vdb/Documents/libs/libmaple//libraries/Wire/Wire.o
 .init_array    0x0800839c        0x8 build/main.o
                0x080083a4                __init_array_end = .
                0x080083a4                . = ALIGN (0x4)
 *crtbegin.o(.ctors)
 *(EXCLUDE_FILE(*crtend.o) .ctors)
 *(SORT(.ctors.*))
 *crtend.o(.ctors)
                0x080083a4                . = ALIGN (0x4)
 *(.fini)
 .fini          0x080083a4        0x4 /home/vdb/Documents/libs/libmaple/arm/bin/../lib/gcc/arm-none-eabi/4.4.1/thumb2/crti.o
                0x080083a4                _fini
 .fini          0x080083a8        0x8 /home/vdb/Documents/libs/libmaple/arm/bin/../lib/gcc/arm-none-eabi/4.4.1/thumb2/crtn.o
                0x080083b0                . = ALIGN (0x4)
                0x080083b0                __fini_array_start = .
 *(.fini_array)
 .fini_array    0x080083b0        0x4 /home/vdb/Documents/libs/libmaple/arm/bin/../lib/gcc/arm-none-eabi/4.4.1/thumb2/crtbegin.o
 *(SORT(.fini_array.*))
                0x080083b4                __fini_array_end = .
 *crtbegin.o(.dtors)
 *(EXCLUDE_FILE(*crtend.o) .dtors)
 *(SORT(.dtors.*))
 *crtend.o(.dtors)
                0x080083b4                . = ALIGN (0x4)
                0x080083b4                __cs3_regions = .
                0x080083b4        0x4 LONG 0x0
                0x080083b8        0x4 LONG 0x80083d0 __cs3_region_init_ram
                0x080083bc        0x4 LONG 0x20000c00 __cs3_region_start_ram
                0x080083c0        0x4 LONG 0x6d0 __cs3_region_init_size_ram
                0x080083c4        0x4 LONG 0x290 __cs3_region_zero_size_ram
                0x080083c8                __exidx_start = .

.v4_bx          0x080083c8        0x0
 .v4_bx         0x00000000        0x0 linker stubs

.ARM.exidx      0x080083c8        0x8
 *(.ARM.exidx* .gnu.linkonce.armexidx.*)
 .ARM.exidx     0x080083c8        0x8 /home/vdb/Documents/libs/libmaple//support/ld/libcs3_stm32_med_density.a(start.o)
                0x080083d0                __exidx_end = .

.text.align     0x080083d0        0x0
                0x080083d0                . = ALIGN (0x8)
                0x080083d0                _etext = .

.USER_FLASH
 *(.USER_FLASH)
                0x08020000                __cs3_region_end_rom = (__cs3_region_start_rom + 0x1b000)
                0x0001b000                __cs3_region_size_rom = 0x1b000
                0x00000001                __cs3_region_num = 0x1

.data           0x20000c00      0x6d0 load address 0x080083d0
                0x20000c00                ram_begin = DEFINED (RAM_BUILD)?.:.
 *(.cs3.region-head.ram_begin)
                0x20000c00                __cs3_region_start_ram = .
 *(.cs3.region-head.ram)
 *(.jcr)
 .jcr           0x20000c00        0x0 /home/vdb/Documents/libs/libmaple/arm/bin/../lib/gcc/arm-none-eabi/4.4.1/thumb2/crtbegin.o
 .jcr           0x20000c00        0x4 /home/vdb/Documents/libs/libmaple/arm/bin/../lib/gcc/arm-none-eabi/4.4.1/thumb2/crtend.o
 *(.got.plt)
 *(.got)
 *(.shdata)
 *(.data .data.* .gnu.linkonce.d.*)
 .data.adc1     0x20000c04        0x8 build//home/vdb/Documents/libs/libmaple//libmaple/adc.o
 .data.adc2     0x20000c0c        0x8 build//home/vdb/Documents/libs/libmaple//libmaple/adc.o
 .data.ADC1     0x20000c14        0x4 build//home/vdb/Documents/libs/libmaple//libmaple/adc.o
                0x20000c14                ADC1
 .data.ADC2     0x20000c18        0x4 build//home/vdb/Documents/libs/libmaple//libmaple/adc.o
                0x20000c18                ADC2
 .data.DMA1     0x20000c1c        0x4 build//home/vdb/Documents/libs/libmaple//libmaple/dma.o
                0x20000c1c                DMA1
 .data.dma1     0x20000c20       0x40 build//home/vdb/Documents/libs/libmaple//libmaple/dma.o
 .data.exti_channels
                0x20000c60       0x80 build//home/vdb/Documents/libs/libmaple//libmaple/exti.o
 .data.gpioa    0x20000ce0        0x8 build//home/vdb/Documents/libs/libmaple//libmaple/gpio.o
                0x20000ce0                gpioa
 .data.gpiob    0x20000ce8        0x8 build//home/vdb/Documents/libs/libmaple//libmaple/gpio.o
                0x20000ce8                gpiob
 .data.gpioc    0x20000cf0        0x8 build//home/vdb/Documents/libs/libmaple//libmaple/gpio.o
                0x20000cf0                gpioc
 .data.gpiod    0x20000cf8        0x8 build//home/vdb/Documents/libs/libmaple//libmaple/gpio.o
                0x20000cf8                gpiod
 .data.i2c_dev1
                0x20000d00       0x1c build//home/vdb/Documents/libs/libmaple//libmaple/i2c.o
 .data.i2c_dev2
                0x20000d1c       0x1c build//home/vdb/Documents/libs/libmaple//libmaple/i2c.o
 .data.timer3   0x20000d38       0x24 build//home/vdb/Documents/libs/libmaple//libmaple/timer.o
 .data.timer4   0x20000d5c       0x24 build//home/vdb/Documents/libs/libmaple//libmaple/timer.o
 .data.TIMER1   0x20000d80        0x4 build//home/vdb/Documents/libs/libmaple//libmaple/timer.o
                0x20000d80                TIMER1
 .data.TIMER2   0x20000d84        0x4 build//home/vdb/Documents/libs/libmaple//libmaple/timer.o
                0x20000d84                TIMER2
 .data.TIMER3   0x20000d88        0x4 build//home/vdb/Documents/libs/libmaple//libmaple/timer.o
                0x20000d88                TIMER3
 .data.TIMER4   0x20000d8c        0x4 build//home/vdb/Documents/libs/libmaple//libmaple/timer.o
                0x20000d8c                TIMER4
 .data.timer1   0x20000d90       0x28 build//home/vdb/Documents/libs/libmaple//libmaple/timer.o
 .data.timer2   0x20000db8       0x24 build//home/vdb/Documents/libs/libmaple//libmaple/timer.o
 .data.USART1   0x20000ddc        0x4 build//home/vdb/Documents/libs/libmaple//libmaple/usart.o
                0x20000ddc                USART1
 .data.USART2   0x20000de0        0x4 build//home/vdb/Documents/libs/libmaple//libmaple/usart.o
                0x20000de0                USART2
 .data.USART3   0x20000de4        0x4 build//home/vdb/Documents/libs/libmaple//libmaple/usart.o
                0x20000de4                USART3
 .data.usart1   0x20000de8       0x50 build//home/vdb/Documents/libs/libmaple//libmaple/usart.o
 .data.usart2   0x20000e38       0x50 build//home/vdb/Documents/libs/libmaple//libmaple/usart.o
 .data.usart3   0x20000e88       0x50 build//home/vdb/Documents/libs/libmaple//libmaple/usart.o
 .data.Device_Property
                0x20000ed8       0x30 build//home/vdb/Documents/libs/libmaple//libmaple/usb/usb.o
                0x20000ed8                Device_Property
 .data.pEpInt_IN
                0x20000f08       0x1c build//home/vdb/Documents/libs/libmaple//libmaple/usb/usb.o
                0x20000f08                pEpInt_IN
 .data.pEpInt_OUT
                0x20000f24       0x1c build//home/vdb/Documents/libs/libmaple//libmaple/usb/usb.o
                0x20000f24                pEpInt_OUT
 .data.User_Standard_Requests
                0x20000f40       0x24 build//home/vdb/Documents/libs/libmaple//libmaple/usb/usb.o
                0x20000f40                User_Standard_Requests
 .data.Device_Table
                0x20000f64        0x4 build//home/vdb/Documents/libs/libmaple//libmaple/usb/usb.o
                0x20000f64                Device_Table
 .data.Config_Descriptor
                0x20000f68        0x8 build//home/vdb/Documents/libs/libmaple//libmaple/usb/usb_callbacks.o
                0x20000f68                Config_Descriptor
 .data.maxNewBytes
                0x20000f70        0x4 build//home/vdb/Documents/libs/libmaple//libmaple/usb/usb_callbacks.o
                0x20000f70                maxNewBytes
 .data.Device_Descriptor
                0x20000f74        0x8 build//home/vdb/Documents/libs/libmaple//libmaple/usb/usb_callbacks.o
                0x20000f74                Device_Descriptor
 .data.String_Descriptor
                0x20000f7c       0x18 build//home/vdb/Documents/libs/libmaple//libmaple/usb/usb_callbacks.o
                0x20000f7c                String_Descriptor
 .data.line_coding
                0x20000f94        0x8 build//home/vdb/Documents/libs/libmaple//libmaple/usb/usb_callbacks.o
                0x20000f94                line_coding
 .data.PIN_MAP  0x20000f9c      0x2c0 build//home/vdb/Documents/libs/libmaple//wirish/boards/maple.o
                0x20000f9c                PIN_MAP
 .data.i2c_delay
                0x2000125c        0x4 build//home/vdb/Documents/libs/libmaple//libraries/Wire/Wire.o
                0x2000125c                i2c_delay
 .data.uxPreviousTask
                0x20001260        0x4 build//home/vdb/Documents/libs/libmaple//libraries/FreeRTOS/utility/tasks.o
 .data.pole     0x20001264       0x6c build/main.o
                0x20001264                pole
 *(.ram)
                0x200012d0                . = ALIGN (0x8)
                0x200012d0                _edata = .

.bss            0x200012d0      0x290 load address 0x08008aa0
 *(.shbss)
 *(.bss .bss.* .gnu.linkonce.b.*)
 .bss           0x200012d0        0x1 /home/vdb/Documents/libs/libmaple/arm/bin/../lib/gcc/arm-none-eabi/4.4.1/thumb2/crtbegin.o
 *fill*         0x200012d1        0x3 00
 .bss.systick_user_callback
                0x200012d4        0x4 build//home/vdb/Documents/libs/libmaple//libmaple/systick.o
 .bss.usart1_rb
                0x200012d8        0xc build//home/vdb/Documents/libs/libmaple//libmaple/usart.o
 .bss.usart2_rb
                0x200012e4        0xc build//home/vdb/Documents/libs/libmaple//libmaple/usart.o
 .bss.usart3_rb
                0x200012f0        0xc build//home/vdb/Documents/libs/libmaple//libmaple/usart.o
 .bss.bIntPackSOF
                0x200012fc        0x4 build//home/vdb/Documents/libs/libmaple//libmaple/usb/usb.o
                0x200012fc                bIntPackSOF
 .bss.wIstr     0x20001300        0x2 build//home/vdb/Documents/libs/libmaple//libmaple/usb/usb.o
                0x20001300                wIstr
 *fill*         0x20001302        0x2 00
 .bss.offset.2323
                0x20001304        0x4 build//home/vdb/Documents/libs/libmaple//libmaple/usb/usb.o
 .bss.bDeviceState
                0x20001308        0x4 build//home/vdb/Documents/libs/libmaple//libmaple/usb/usb.o
                0x20001308                bDeviceState
 .bss.line_dtr_rts
                0x2000130c        0x1 build//home/vdb/Documents/libs/libmaple//libmaple/usb/usb_callbacks.o
                0x2000130c                line_dtr_rts
 *fill*         0x2000130d        0x3 00
 .bss.recvBufOut
                0x20001310        0x4 build//home/vdb/Documents/libs/libmaple//libmaple/usb/usb_callbacks.o
                0x20001310                recvBufOut
 .bss.reset_state
                0x20001314        0x1 build//home/vdb/Documents/libs/libmaple//libmaple/usb/usb_callbacks.o
                0x20001314                reset_state
 .bss.last_request
                0x20001315        0x1 build//home/vdb/Documents/libs/libmaple//libmaple/usb/usb_callbacks.o
                0x20001315                last_request
 *fill*         0x20001316        0x2 00
 .bss.newBytes  0x20001318        0x4 build//home/vdb/Documents/libs/libmaple//libmaple/usb/usb_callbacks.o
                0x20001318                newBytes
 .bss.countTx   0x2000131c        0x4 build//home/vdb/Documents/libs/libmaple//libmaple/usb/usb_callbacks.o
                0x2000131c                countTx
 .bss.recvBufIn
                0x20001320        0x4 build//home/vdb/Documents/libs/libmaple//libmaple/usb/usb_callbacks.o
                0x20001320                recvBufIn
 .bss.Data_Mul_MaxPacketSize
                0x20001324        0x1 build//home/vdb/Documents/libs/libmaple//libmaple/usb/usb_lib/usb_core.o
                0x20001324                Data_Mul_MaxPacketSize
 *fill*         0x20001325        0x3 00
 .bss.Serial1   0x20001328       0x10 build//home/vdb/Documents/libs/libmaple//wirish/comm/HardwareSerial.o
                0x20001328                Serial1
 .bss.Serial2   0x20001338       0x10 build//home/vdb/Documents/libs/libmaple//wirish/comm/HardwareSerial.o
                0x20001338                Serial2
 .bss.Serial3   0x20001348       0x10 build//home/vdb/Documents/libs/libmaple//wirish/comm/HardwareSerial.o
                0x20001348                Serial3
 .bss.Timer1    0x20001358        0x4 build//home/vdb/Documents/libs/libmaple//wirish/HardwareTimer.o
                0x20001358                Timer1
 .bss.Timer2    0x2000135c        0x4 build//home/vdb/Documents/libs/libmaple//wirish/HardwareTimer.o
                0x2000135c                Timer2
 .bss.Timer3    0x20001360        0x4 build//home/vdb/Documents/libs/libmaple//wirish/HardwareTimer.o
                0x20001360                Timer3
 .bss.Timer4    0x20001364        0x4 build//home/vdb/Documents/libs/libmaple//wirish/HardwareTimer.o
                0x20001364                Timer4
 .bss.SerialUSB
                0x20001368        0x4 build//home/vdb/Documents/libs/libmaple//wirish/usb_serial.o
                0x20001368                SerialUSB
 .bss.Wire      0x2000136c       0x48 build//home/vdb/Documents/libs/libmaple//libraries/Wire/Wire.o
                0x2000136c                Wire
 .bss.uxTopReadyPriority
                0x200013b4        0x4 build//home/vdb/Documents/libs/libmaple//libraries/FreeRTOS/utility/tasks.o
 .bss.xTickCount
                0x200013b8        0x4 build//home/vdb/Documents/libs/libmaple//libraries/FreeRTOS/utility/tasks.o
 .bss.pxReadyTasksLists
                0x200013bc       0x64 build//home/vdb/Documents/libs/libmaple//libraries/FreeRTOS/utility/tasks.o
 .bss.xTracing  0x20001420        0x4 build//home/vdb/Documents/libs/libmaple//libraries/FreeRTOS/utility/tasks.o
 .bss.xMissedYield
                0x20001424        0x4 build//home/vdb/Documents/libs/libmaple//libraries/FreeRTOS/utility/tasks.o
 .bss.pcTraceBuffer
                0x20001428        0x4 build//home/vdb/Documents/libs/libmaple//libraries/FreeRTOS/utility/tasks.o
 .bss.pxCurrentTCB
                0x2000142c        0x4 build//home/vdb/Documents/libs/libmaple//libraries/FreeRTOS/utility/tasks.o
                0x2000142c                pxCurrentTCB
 .bss.uxSchedulerSuspended
                0x20001430        0x4 build//home/vdb/Documents/libs/libmaple//libraries/FreeRTOS/utility/tasks.o
 .bss.pcTraceBufferEnd
                0x20001434        0x4 build//home/vdb/Documents/libs/libmaple//libraries/FreeRTOS/utility/tasks.o
 .bss.strob     0x20001438        0x8 build/main.o
                0x20001438                strob
 .bss.tick      0x20001440        0x2 build/main.o
                0x20001440                tick
 *fill*         0x20001442        0x2 00
 .bss.lfade     0x20001444        0xc build/main.o
                0x20001444                lfade
 .bss.strob_chase
                0x20001450        0x8 build/main.o
                0x20001450                strob_chase
 *(COMMON)
 COMMON         0x20001458        0x4 build//home/vdb/Documents/libs/libmaple//libmaple/systick.o
                0x20001458                systick_uptime_millis
 COMMON         0x2000145c        0x2 build//home/vdb/Documents/libs/libmaple//libmaple/usb/usb.o
                0x2000145c                ResumeS
 *fill*         0x2000145e        0x2 00
 COMMON         0x20001460       0xc0 build//home/vdb/Documents/libs/libmaple//libmaple/usb/usb_callbacks.o
                0x20001460                vcomBufferRx
 COMMON         0x20001520        0x2 build//home/vdb/Documents/libs/libmaple//libmaple/usb/usb_lib/usb_core.o
                0x20001520                StatusInfo
 *fill*         0x20001522        0x2 00
 COMMON         0x20001524       0x32 build//home/vdb/Documents/libs/libmaple//libmaple/usb/usb_lib/usb_init.o
                0x20001524                SaveState
                0x20001528                pProperty
                0x2000152c                EPindex
                0x20001530                Device_Info
                0x2000154c                pUser_Standard_Requests
                0x20001550                pInformation
                0x20001554                wInterrupt_Mask
 COMMON         0x20001556        0x4 build//home/vdb/Documents/libs/libmaple//libmaple/usb/usb_lib/usb_int.o
                0x20001556                SaveRState
                0x20001558                SaveTState
 *(.ram.b)
                0x20001560                . = ALIGN (0x8)
 *fill*         0x2000155a        0x6 00
                0x20001560                _end = .
                0x20001560                __end = .
                0x20005000                __cs3_region_end_ram = (__cs3_region_start_ram + 0x4400)
                0x00004400                __cs3_region_size_ram = 0x4400
                0x080083d0                __cs3_region_init_ram = LOADADDR (.data)
                0x000006d0                __cs3_region_init_size_ram = (_edata - ADDR (.data))
                0x00000290                __cs3_region_zero_size_ram = (_end - _edata)
                0x00000001                __cs3_region_num = 0x1

.stab
 *(.stab)

.stabstr
 *(.stabstr)

.debug
 *(.debug)

.line
 *(.line)

.debug_srcinfo
 *(.debug_srcinfo)

.debug_sfnames
 *(.debug_sfnames)

.comment        0x00000000      0x9e9
 .comment       0x00000000       0x2b build//home/vdb/Documents/libs/libmaple//libmaple/adc.o
 .comment       0x0000002b       0x2b build//home/vdb/Documents/libs/libmaple//libmaple/bkp.o
 .comment       0x00000056       0x2b build//home/vdb/Documents/libs/libmaple//libmaple/dac.o
 .comment       0x00000081       0x2b build//home/vdb/Documents/libs/libmaple//libmaple/dma.o
 .comment       0x000000ac       0x2b build//home/vdb/Documents/libs/libmaple//libmaple/exti.o
 .comment       0x000000d7       0x2b build//home/vdb/Documents/libs/libmaple//libmaple/flash.o
 .comment       0x00000102       0x2b build//home/vdb/Documents/libs/libmaple//libmaple/fsmc.o
 .comment       0x0000012d       0x2b build//home/vdb/Documents/libs/libmaple//libmaple/gpio.o
 .comment       0x00000158       0x2b build//home/vdb/Documents/libs/libmaple//libmaple/iwdg.o
 .comment       0x00000183       0x2b build//home/vdb/Documents/libs/libmaple//libmaple/nvic.o
 .comment       0x000001ae       0x2b build//home/vdb/Documents/libs/libmaple//libmaple/pwr.o
 .comment       0x000001d9       0x2b build//home/vdb/Documents/libs/libmaple//libmaple/i2c.o
 .comment       0x00000204       0x2b build//home/vdb/Documents/libs/libmaple//libmaple/rcc.o
 .comment       0x0000022f       0x2b build//home/vdb/Documents/libs/libmaple//libmaple/spi.o
 .comment       0x0000025a       0x2b build//home/vdb/Documents/libs/libmaple//libmaple/syscalls.o
 .comment       0x00000285       0x2b build//home/vdb/Documents/libs/libmaple//libmaple/systick.o
 .comment       0x000002b0       0x2b build//home/vdb/Documents/libs/libmaple//libmaple/timer.o
 .comment       0x000002db       0x2b build//home/vdb/Documents/libs/libmaple//libmaple/usart.o
 .comment       0x00000306       0x2b build//home/vdb/Documents/libs/libmaple//libmaple/util.o
 .comment       0x00000331       0x2b build//home/vdb/Documents/libs/libmaple//libmaple/usb/descriptors.o
 .comment       0x0000035c       0x2b build//home/vdb/Documents/libs/libmaple//libmaple/usb/usb.o
 .comment       0x00000387       0x2b build//home/vdb/Documents/libs/libmaple//libmaple/usb/usb_callbacks.o
 .comment       0x000003b2       0x2b build//home/vdb/Documents/libs/libmaple//libmaple/usb/usb_hardware.o
 .comment       0x000003dd       0x2b build//home/vdb/Documents/libs/libmaple//libmaple/usb/usb_lib/usb_core.o
 .comment       0x00000408       0x2b build//home/vdb/Documents/libs/libmaple//libmaple/usb/usb_lib/usb_init.o
 .comment       0x00000433       0x2b build//home/vdb/Documents/libs/libmaple//libmaple/usb/usb_lib/usb_int.o
 .comment       0x0000045e       0x2b build//home/vdb/Documents/libs/libmaple//libmaple/usb/usb_lib/usb_mem.o
 .comment       0x00000489       0x2b build//home/vdb/Documents/libs/libmaple//libmaple/usb/usb_lib/usb_regs.o
 .comment       0x000004b4       0x2b build//home/vdb/Documents/libs/libmaple//wirish/wirish_math.o
 .comment       0x000004df       0x2b build//home/vdb/Documents/libs/libmaple//wirish/Print.o
 .comment       0x0000050a       0x2b build//home/vdb/Documents/libs/libmaple//wirish/boards.o
 .comment       0x00000535       0x2b build//home/vdb/Documents/libs/libmaple//wirish/boards/maple.o
 .comment       0x00000560       0x2b build//home/vdb/Documents/libs/libmaple//wirish/boards/maple_mini.o
 .comment       0x0000058b       0x2b build//home/vdb/Documents/libs/libmaple//wirish/boards/maple_native.o
 .comment       0x000005b6       0x2b build//home/vdb/Documents/libs/libmaple//wirish/boards/maple_RET6.o
 .comment       0x000005e1       0x2b build//home/vdb/Documents/libs/libmaple//wirish/comm/HardwareSerial.o
 .comment       0x0000060c       0x2b build//home/vdb/Documents/libs/libmaple//wirish/comm/HardwareSPI.o
 .comment       0x00000637       0x2b build//home/vdb/Documents/libs/libmaple//wirish/HardwareTimer.o
 .comment       0x00000662       0x2b build//home/vdb/Documents/libs/libmaple//wirish/usb_serial.o
 .comment       0x0000068d       0x2b build//home/vdb/Documents/libs/libmaple//wirish/cxxabi-compat.o
 .comment       0x000006b8       0x2b build//home/vdb/Documents/libs/libmaple//wirish/wirish_shift.o
 .comment       0x000006e3       0x2b build//home/vdb/Documents/libs/libmaple//wirish/wirish_analog.o
 .comment       0x0000070e       0x2b build//home/vdb/Documents/libs/libmaple//wirish/wirish_time.o
 .comment       0x00000739       0x2b build//home/vdb/Documents/libs/libmaple//wirish/pwm.o
 .comment       0x00000764       0x2b build//home/vdb/Documents/libs/libmaple//wirish/ext_interrupts.o
 .comment       0x0000078f       0x2b build//home/vdb/Documents/libs/libmaple//wirish/wirish_digital.o
 .comment       0x000007ba       0x2b build//home/vdb/Documents/libs/libmaple//libraries/Servo/Servo.o
 .comment       0x000007e5       0x2b build//home/vdb/Documents/libs/libmaple//libraries/LiquidCrystal/LiquidCrystal.o
 .comment       0x00000810       0x2b build//home/vdb/Documents/libs/libmaple//libraries/Wire/Wire.o
 .comment       0x0000083b       0x2b build//home/vdb/Documents/libs/libmaple//libraries/FreeRTOS/utility/croutine.o
 .comment       0x00000866       0x2b build//home/vdb/Documents/libs/libmaple//libraries/FreeRTOS/utility/heap_2.o
 .comment       0x00000891       0x2b build//home/vdb/Documents/libs/libmaple//libraries/FreeRTOS/utility/list.o
 .comment       0x000008bc       0x2b build//home/vdb/Documents/libs/libmaple//libraries/FreeRTOS/utility/port.o
 .comment       0x000008e7       0x2b build//home/vdb/Documents/libs/libmaple//libraries/FreeRTOS/utility/queue.o
 .comment       0x00000912       0x2b build//home/vdb/Documents/libs/libmaple//libraries/FreeRTOS/utility/timers.o
 .comment       0x0000093d       0x2b build//home/vdb/Documents/libs/libmaple//libraries/FreeRTOS/utility/tasks.o
 .comment       0x00000968       0x2b build//home/vdb/Documents/libs/libmaple//libraries/FreeRTOS/MapleFreeRTOS.o
 .comment       0x00000993       0x2b build/main.o
 .comment       0x000009be       0x2b /home/vdb/Documents/libs/libmaple//support/ld/libcs3_stm32_med_density.a(start_c.o)

.debug_aranges  0x00000000     0x1618
 *(.debug_aranges)
 .debug_aranges
                0x00000000       0x50 build//home/vdb/Documents/libs/libmaple//libmaple/adc.o
 .debug_aranges
                0x00000050       0x50 build//home/vdb/Documents/libs/libmaple//libmaple/bkp.o
 .debug_aranges
                0x000000a0       0xd0 build//home/vdb/Documents/libs/libmaple//libmaple/dma.o
 .debug_aranges
                0x00000170       0x90 build//home/vdb/Documents/libs/libmaple//libmaple/exti.o
 .debug_aranges
                0x00000200       0x28 build//home/vdb/Documents/libs/libmaple//libmaple/flash.o
 .debug_aranges
                0x00000228       0x48 build//home/vdb/Documents/libs/libmaple//libmaple/gpio.o
 .debug_aranges
                0x00000270       0x28 build//home/vdb/Documents/libs/libmaple//libmaple/iwdg.o
 .debug_aranges
                0x00000298       0x30 build//home/vdb/Documents/libs/libmaple//libmaple/nvic.o
 .debug_aranges
                0x000002c8       0x20 build//home/vdb/Documents/libs/libmaple//libmaple/pwr.o
 .debug_aranges
                0x000002e8       0xb8 build//home/vdb/Documents/libs/libmaple//libmaple/i2c.o
 .debug_aranges
                0x000003a0       0x48 build//home/vdb/Documents/libs/libmaple//libmaple/rcc.o
 .debug_aranges
                0x000003e8       0x88 build//home/vdb/Documents/libs/libmaple//libmaple/spi.o
 .debug_aranges
                0x00000470       0x80 build//home/vdb/Documents/libs/libmaple//libmaple/syscalls.o
 .debug_aranges
                0x000004f0       0x40 build//home/vdb/Documents/libs/libmaple//libmaple/systick.o
 .debug_aranges
                0x00000530       0xb8 build//home/vdb/Documents/libs/libmaple//libmaple/timer.o
 .debug_aranges
                0x000005e8       0x70 build//home/vdb/Documents/libs/libmaple//libmaple/usart.o
 .debug_aranges
                0x00000658       0x58 build//home/vdb/Documents/libs/libmaple//libmaple/util.o
 .debug_aranges
                0x000006b0       0xc8 build//home/vdb/Documents/libs/libmaple//libmaple/usb/usb.o
 .debug_aranges
                0x00000778       0xa0 build//home/vdb/Documents/libs/libmaple//libmaple/usb/usb_callbacks.o
 .debug_aranges
                0x00000818       0x30 build//home/vdb/Documents/libs/libmaple//libmaple/usb/usb_hardware.o
 .debug_aranges
                0x00000848       0x98 build//home/vdb/Documents/libs/libmaple//libmaple/usb/usb_lib/usb_core.o
 .debug_aranges
                0x000008e0       0x20 build//home/vdb/Documents/libs/libmaple//libmaple/usb/usb_lib/usb_init.o
 .debug_aranges
                0x00000900       0x28 build//home/vdb/Documents/libs/libmaple//libmaple/usb/usb_lib/usb_int.o
 .debug_aranges
                0x00000928       0x28 build//home/vdb/Documents/libs/libmaple//libmaple/usb/usb_lib/usb_mem.o
 .debug_aranges
                0x00000950      0x1f0 build//home/vdb/Documents/libs/libmaple//libmaple/usb/usb_lib/usb_regs.o
 .debug_aranges
                0x00000b40       0x30 build//home/vdb/Documents/libs/libmaple//wirish/wirish_math.o
 .debug_aranges
                0x00000b70       0xe0 build//home/vdb/Documents/libs/libmaple//wirish/Print.o
 .debug_aranges
                0x00000c50       0x40 build//home/vdb/Documents/libs/libmaple//wirish/boards.o
 .debug_aranges
                0x00000c90       0x28 build//home/vdb/Documents/libs/libmaple//wirish/boards/maple.o
 .debug_aranges
                0x00000cb8       0x68 build//home/vdb/Documents/libs/libmaple//wirish/comm/HardwareSerial.o
 .debug_aranges
                0x00000d20       0xb0 build//home/vdb/Documents/libs/libmaple//wirish/comm/HardwareSPI.o
 .debug_aranges
                0x00000dd0       0xb0 build//home/vdb/Documents/libs/libmaple//wirish/HardwareTimer.o
 .debug_aranges
                0x00000e80       0x98 build//home/vdb/Documents/libs/libmaple//wirish/usb_serial.o
 .debug_aranges
                0x00000f18       0x20 build//home/vdb/Documents/libs/libmaple//wirish/cxxabi-compat.o
 .debug_aranges
                0x00000f38       0x20 build//home/vdb/Documents/libs/libmaple//wirish/wirish_shift.o
 .debug_aranges
                0x00000f58       0x20 build//home/vdb/Documents/libs/libmaple//wirish/wirish_analog.o
 .debug_aranges
                0x00000f78       0x28 build//home/vdb/Documents/libs/libmaple//wirish/wirish_time.o
 .debug_aranges
                0x00000fa0       0x20 build//home/vdb/Documents/libs/libmaple//wirish/pwm.o
 .debug_aranges
                0x00000fc0       0x28 build//home/vdb/Documents/libs/libmaple//wirish/ext_interrupts.o
 .debug_aranges
                0x00000fe8       0x48 build//home/vdb/Documents/libs/libmaple//wirish/wirish_digital.o
 .debug_aranges
                0x00001030       0x78 build//home/vdb/Documents/libs/libmaple//libraries/Servo/Servo.o
 .debug_aranges
                0x000010a8      0x120 build//home/vdb/Documents/libs/libmaple//libraries/LiquidCrystal/LiquidCrystal.o
 .debug_aranges
                0x000011c8       0xe8 build//home/vdb/Documents/libs/libmaple//libraries/Wire/Wire.o
 .debug_aranges
                0x000012b0       0x38 build//home/vdb/Documents/libs/libmaple//libraries/FreeRTOS/utility/croutine.o
 .debug_aranges
                0x000012e8       0x38 build//home/vdb/Documents/libs/libmaple//libraries/FreeRTOS/utility/heap_2.o
 .debug_aranges
                0x00001320       0x40 build//home/vdb/Documents/libs/libmaple//libraries/FreeRTOS/utility/list.o
 .debug_aranges
                0x00001360       0x68 build//home/vdb/Documents/libs/libmaple//libraries/FreeRTOS/utility/port.o
 .debug_aranges
                0x000013c8       0xa0 build//home/vdb/Documents/libs/libmaple//libraries/FreeRTOS/utility/queue.o
 .debug_aranges
                0x00001468      0x120 build//home/vdb/Documents/libs/libmaple//libraries/FreeRTOS/utility/tasks.o
 .debug_aranges
                0x00001588       0x20 build//home/vdb/Documents/libs/libmaple//libraries/FreeRTOS/MapleFreeRTOS.o
 .debug_aranges
                0x000015a8       0x70 build/main.o

.debug_pubnames
                0x00000000     0x3024
 *(.debug_pubnames)
 .debug_pubnames
                0x00000000       0x8b build//home/vdb/Documents/libs/libmaple//libmaple/adc.o
 .debug_pubnames
                0x0000008b       0x77 build//home/vdb/Documents/libs/libmaple//libmaple/bkp.o
 .debug_pubnames
                0x00000102      0x1a7 build//home/vdb/Documents/libs/libmaple//libmaple/dma.o
 .debug_pubnames
                0x000002a9       0xbc build//home/vdb/Documents/libs/libmaple//libmaple/exti.o
 .debug_pubnames
                0x00000365       0x42 build//home/vdb/Documents/libs/libmaple//libmaple/flash.o
 .debug_pubnames
                0x000003a7       0xc6 build//home/vdb/Documents/libs/libmaple//libmaple/gpio.o
 .debug_pubnames
                0x0000046d       0x2e build//home/vdb/Documents/libs/libmaple//libmaple/iwdg.o
 .debug_pubnames
                0x0000049b       0x54 build//home/vdb/Documents/libs/libmaple//libmaple/nvic.o
 .debug_pubnames
                0x000004ef       0x1f build//home/vdb/Documents/libs/libmaple//libmaple/pwr.o
 .debug_pubnames
                0x0000050e       0xb5 build//home/vdb/Documents/libs/libmaple//libmaple/i2c.o
 .debug_pubnames
                0x000005c3       0x6e build//home/vdb/Documents/libs/libmaple//libmaple/rcc.o
 .debug_pubnames
                0x00000631      0x117 build//home/vdb/Documents/libs/libmaple//libmaple/spi.o
 .debug_pubnames
                0x00000748       0x9b build//home/vdb/Documents/libs/libmaple//libmaple/syscalls.o
 .debug_pubnames
                0x000007e3       0x92 build//home/vdb/Documents/libs/libmaple//libmaple/systick.o
 .debug_pubnames
                0x00000875      0x135 build//home/vdb/Documents/libs/libmaple//libmaple/timer.o
 .debug_pubnames
                0x000009aa       0xe1 build//home/vdb/Documents/libs/libmaple//libmaple/usart.o
 .debug_pubnames
                0x00000a8b       0x32 build//home/vdb/Documents/libs/libmaple//libmaple/util.o
 .debug_pubnames
                0x00000abd       0xac build//home/vdb/Documents/libs/libmaple//libmaple/usb/descriptors.o
 .debug_pubnames
                0x00000b69      0x20f build//home/vdb/Documents/libs/libmaple//libmaple/usb/usb.o
 .debug_pubnames
                0x00000d78      0x24c build//home/vdb/Documents/libs/libmaple//libmaple/usb/usb_callbacks.o
 .debug_pubnames
                0x00000fc4       0x4d build//home/vdb/Documents/libs/libmaple//libmaple/usb/usb_hardware.o
 .debug_pubnames
                0x00001011      0x1a5 build//home/vdb/Documents/libs/libmaple//libmaple/usb/usb_lib/usb_core.o
 .debug_pubnames
                0x000011b6       0x98 build//home/vdb/Documents/libs/libmaple//libmaple/usb/usb_lib/usb_init.o
 .debug_pubnames
                0x0000124e       0x46 build//home/vdb/Documents/libs/libmaple//libmaple/usb/usb_lib/usb_int.o
 .debug_pubnames
                0x00001294       0x42 build//home/vdb/Documents/libs/libmaple//libmaple/usb/usb_lib/usb_mem.o
 .debug_pubnames
                0x000012d6      0x419 build//home/vdb/Documents/libs/libmaple//libmaple/usb/usb_lib/usb_regs.o
 .debug_pubnames
                0x000016ef       0x37 build//home/vdb/Documents/libs/libmaple//wirish/wirish_math.o
 .debug_pubnames
                0x00001726      0x1dc build//home/vdb/Documents/libs/libmaple//wirish/Print.o
 .debug_pubnames
                0x00001902       0x2c build//home/vdb/Documents/libs/libmaple//wirish/boards.o
 .debug_pubnames
                0x0000192e       0x60 build//home/vdb/Documents/libs/libmaple//wirish/boards/maple.o
 .debug_pubnames
                0x0000198e      0x12a build//home/vdb/Documents/libs/libmaple//wirish/comm/HardwareSerial.o
 .debug_pubnames
                0x00001ab8      0x17d build//home/vdb/Documents/libs/libmaple//wirish/comm/HardwareSPI.o
 .debug_pubnames
                0x00001c35      0x248 build//home/vdb/Documents/libs/libmaple//wirish/HardwareTimer.o
 .debug_pubnames
                0x00001e7d      0x169 build//home/vdb/Documents/libs/libmaple//wirish/usb_serial.o
 .debug_pubnames
                0x00001fe6       0x29 build//home/vdb/Documents/libs/libmaple//wirish/cxxabi-compat.o
 .debug_pubnames
                0x0000200f       0x1f build//home/vdb/Documents/libs/libmaple//wirish/wirish_shift.o
 .debug_pubnames
                0x0000202e       0x21 build//home/vdb/Documents/libs/libmaple//wirish/wirish_analog.o
 .debug_pubnames
                0x0000204f       0x32 build//home/vdb/Documents/libs/libmaple//wirish/wirish_time.o
 .debug_pubnames
                0x00002081       0x1f build//home/vdb/Documents/libs/libmaple//wirish/pwm.o
 .debug_pubnames
                0x000020a0       0x3a build//home/vdb/Documents/libs/libmaple//wirish/ext_interrupts.o
 .debug_pubnames
                0x000020da       0x78 build//home/vdb/Documents/libs/libmaple//wirish/wirish_digital.o
 .debug_pubnames
                0x00002152       0xdd build//home/vdb/Documents/libs/libmaple//libraries/Servo/Servo.o
 .debug_pubnames
                0x0000222f      0x3d8 build//home/vdb/Documents/libs/libmaple//libraries/LiquidCrystal/LiquidCrystal.o
 .debug_pubnames
                0x00002607      0x230 build//home/vdb/Documents/libs/libmaple//libraries/Wire/Wire.o
 .debug_pubnames
                0x00002837       0x96 build//home/vdb/Documents/libs/libmaple//libraries/FreeRTOS/utility/croutine.o
 .debug_pubnames
                0x000028cd       0x64 build//home/vdb/Documents/libs/libmaple//libraries/FreeRTOS/utility/heap_2.o
 .debug_pubnames
                0x00002931       0x71 build//home/vdb/Documents/libs/libmaple//libraries/FreeRTOS/utility/list.o
 .debug_pubnames
                0x000029a2      0x101 build//home/vdb/Documents/libs/libmaple//libraries/FreeRTOS/utility/port.o
 .debug_pubnames
                0x00002aa3      0x183 build//home/vdb/Documents/libs/libmaple//libraries/FreeRTOS/utility/queue.o
 .debug_pubnames
                0x00002c26      0x2c0 build//home/vdb/Documents/libs/libmaple//libraries/FreeRTOS/utility/tasks.o
 .debug_pubnames
                0x00002ee6       0x34 build//home/vdb/Documents/libs/libmaple//libraries/FreeRTOS/MapleFreeRTOS.o
 .debug_pubnames
                0x00002f1a      0x10a build/main.o

.debug_info     0x00000000    0x1b00d
 *(.debug_info .gnu.linkonce.wi.*)
 .debug_info    0x00000000      0x5fb build//home/vdb/Documents/libs/libmaple//libmaple/adc.o
 .debug_info    0x000005fb      0x406 build//home/vdb/Documents/libs/libmaple//libmaple/bkp.o
 .debug_info    0x00000a01       0x5e build//home/vdb/Documents/libs/libmaple//libmaple/dac.o
 .debug_info    0x00000a5f      0xead build//home/vdb/Documents/libs/libmaple//libmaple/dma.o
 .debug_info    0x0000190c      0x846 build//home/vdb/Documents/libs/libmaple//libmaple/exti.o
 .debug_info    0x00002152      0x1a4 build//home/vdb/Documents/libs/libmaple//libmaple/flash.o
 .debug_info    0x000022f6       0x5e build//home/vdb/Documents/libs/libmaple//libmaple/fsmc.o
 .debug_info    0x00002354      0x612 build//home/vdb/Documents/libs/libmaple//libmaple/gpio.o
 .debug_info    0x00002966      0x146 build//home/vdb/Documents/libs/libmaple//libmaple/iwdg.o
 .debug_info    0x00002aac      0x539 build//home/vdb/Documents/libs/libmaple//libmaple/nvic.o
 .debug_info    0x00002fe5      0x11b build//home/vdb/Documents/libs/libmaple//libmaple/pwr.o
 .debug_info    0x00003100      0xed9 build//home/vdb/Documents/libs/libmaple//libmaple/i2c.o
 .debug_info    0x00003fd9      0x65c build//home/vdb/Documents/libs/libmaple//libmaple/rcc.o
 .debug_info    0x00004635      0xaa1 build//home/vdb/Documents/libs/libmaple//libmaple/spi.o
 .debug_info    0x000050d6      0x53b build//home/vdb/Documents/libs/libmaple//libmaple/syscalls.o
 .debug_info    0x00005611      0x167 build//home/vdb/Documents/libs/libmaple//libmaple/systick.o
 .debug_info    0x00005778     0x12f6 build//home/vdb/Documents/libs/libmaple//libmaple/timer.o
 .debug_info    0x00006a6e      0xab7 build//home/vdb/Documents/libs/libmaple//libmaple/usart.o
 .debug_info    0x00007525      0xb4b build//home/vdb/Documents/libs/libmaple//libmaple/util.o
 .debug_info    0x00008070      0x614 build//home/vdb/Documents/libs/libmaple//libmaple/usb/descriptors.o
 .debug_info    0x00008684      0xc3c build//home/vdb/Documents/libs/libmaple//libmaple/usb/usb.o
 .debug_info    0x000092c0      0xde0 build//home/vdb/Documents/libs/libmaple//libmaple/usb/usb_callbacks.o
 .debug_info    0x0000a0a0      0x3d7 build//home/vdb/Documents/libs/libmaple//libmaple/usb/usb_hardware.o
 .debug_info    0x0000a477      0xbfd build//home/vdb/Documents/libs/libmaple//libmaple/usb/usb_lib/usb_core.o
 .debug_info    0x0000b074      0x454 build//home/vdb/Documents/libs/libmaple//libmaple/usb/usb_lib/usb_init.o
 .debug_info    0x0000b4c8      0x1af build//home/vdb/Documents/libs/libmaple//libmaple/usb/usb_lib/usb_int.o
 .debug_info    0x0000b677      0x16d build//home/vdb/Documents/libs/libmaple//libmaple/usb/usb_lib/usb_mem.o
 .debug_info    0x0000b7e4      0xcc3 build//home/vdb/Documents/libs/libmaple//libmaple/usb/usb_lib/usb_regs.o
 .debug_info    0x0000c4a7      0x135 build//home/vdb/Documents/libs/libmaple//wirish/wirish_math.o
 .debug_info    0x0000c5dc      0xb0c build//home/vdb/Documents/libs/libmaple//wirish/Print.o
 .debug_info    0x0000d0e8      0xe38 build//home/vdb/Documents/libs/libmaple//wirish/boards.o
 .debug_info    0x0000df20      0x982 build//home/vdb/Documents/libs/libmaple//wirish/boards/maple.o
 .debug_info    0x0000e8a2       0x61 build//home/vdb/Documents/libs/libmaple//wirish/boards/maple_mini.o
 .debug_info    0x0000e903       0x61 build//home/vdb/Documents/libs/libmaple//wirish/boards/maple_native.o
 .debug_info    0x0000e964       0x61 build//home/vdb/Documents/libs/libmaple//wirish/boards/maple_RET6.o
 .debug_info    0x0000e9c5     0x11d5 build//home/vdb/Documents/libs/libmaple//wirish/comm/HardwareSerial.o
 .debug_info    0x0000fb9a     0x155a build//home/vdb/Documents/libs/libmaple//wirish/comm/HardwareSPI.o
 .debug_info    0x000110f4     0x1293 build//home/vdb/Documents/libs/libmaple//wirish/HardwareTimer.o
 .debug_info    0x00012387      0x6f9 build//home/vdb/Documents/libs/libmaple//wirish/usb_serial.o
 .debug_info    0x00012a80       0x3c build//home/vdb/Documents/libs/libmaple//wirish/cxxabi-compat.o
 .debug_info    0x00012abc      0x125 build//home/vdb/Documents/libs/libmaple//wirish/wirish_shift.o
 .debug_info    0x00012be1      0x8af build//home/vdb/Documents/libs/libmaple//wirish/wirish_analog.o
 .debug_info    0x00013490      0x122 build//home/vdb/Documents/libs/libmaple//wirish/wirish_time.o
 .debug_info    0x000135b2      0x8f9 build//home/vdb/Documents/libs/libmaple//wirish/pwm.o
 .debug_info    0x00013eab      0x9c2 build//home/vdb/Documents/libs/libmaple//wirish/ext_interrupts.o
 .debug_info    0x0001486d      0xbb1 build//home/vdb/Documents/libs/libmaple//wirish/wirish_digital.o
 .debug_info    0x0001541e      0xf58 build//home/vdb/Documents/libs/libmaple//libraries/Servo/Servo.o
 .debug_info    0x00016376     0x1096 build//home/vdb/Documents/libs/libmaple//libraries/LiquidCrystal/LiquidCrystal.o
 .debug_info    0x0001740c      0xc00 build//home/vdb/Documents/libs/libmaple//libraries/Wire/Wire.o
 .debug_info    0x0001800c      0x4e0 build//home/vdb/Documents/libs/libmaple//libraries/FreeRTOS/utility/croutine.o
 .debug_info    0x000184ec      0x2b2 build//home/vdb/Documents/libs/libmaple//libraries/FreeRTOS/utility/heap_2.o
 .debug_info    0x0001879e      0x2a4 build//home/vdb/Documents/libs/libmaple//libraries/FreeRTOS/utility/list.o
 .debug_info    0x00018a42      0x1b2 build//home/vdb/Documents/libs/libmaple//libraries/FreeRTOS/utility/port.o
 .debug_info    0x00018bf4      0x86f build//home/vdb/Documents/libs/libmaple//libraries/FreeRTOS/utility/queue.o
 .debug_info    0x00019463       0x53 build//home/vdb/Documents/libs/libmaple//libraries/FreeRTOS/utility/timers.o
 .debug_info    0x000194b6     0x1017 build//home/vdb/Documents/libs/libmaple//libraries/FreeRTOS/utility/tasks.o
 .debug_info    0x0001a4cd       0xf6 build//home/vdb/Documents/libs/libmaple//libraries/FreeRTOS/MapleFreeRTOS.o
 .debug_info    0x0001a5c3      0xa4a build/main.o

.debug_abbrev   0x00000000     0x6439
 *(.debug_abbrev)
 .debug_abbrev  0x00000000      0x229 build//home/vdb/Documents/libs/libmaple//libmaple/adc.o
 .debug_abbrev  0x00000229      0x168 build//home/vdb/Documents/libs/libmaple//libmaple/bkp.o
 .debug_abbrev  0x00000391       0x2a build//home/vdb/Documents/libs/libmaple//libmaple/dac.o
 .debug_abbrev  0x000003bb      0x355 build//home/vdb/Documents/libs/libmaple//libmaple/dma.o
 .debug_abbrev  0x00000710      0x234 build//home/vdb/Documents/libs/libmaple//libmaple/exti.o
 .debug_abbrev  0x00000944       0xf2 build//home/vdb/Documents/libs/libmaple//libmaple/flash.o
 .debug_abbrev  0x00000a36       0x2a build//home/vdb/Documents/libs/libmaple//libmaple/fsmc.o
 .debug_abbrev  0x00000a60      0x177 build//home/vdb/Documents/libs/libmaple//libmaple/gpio.o
 .debug_abbrev  0x00000bd7       0xaf build//home/vdb/Documents/libs/libmaple//libmaple/iwdg.o
 .debug_abbrev  0x00000c86      0x111 build//home/vdb/Documents/libs/libmaple//libmaple/nvic.o
 .debug_abbrev  0x00000d97       0x59 build//home/vdb/Documents/libs/libmaple//libmaple/pwr.o
 .debug_abbrev  0x00000df0      0x3e8 build//home/vdb/Documents/libs/libmaple//libmaple/i2c.o
 .debug_abbrev  0x000011d8      0x1e3 build//home/vdb/Documents/libs/libmaple//libmaple/rcc.o
 .debug_abbrev  0x000013bb      0x274 build//home/vdb/Documents/libs/libmaple//libmaple/spi.o
 .debug_abbrev  0x0000162f      0x1b6 build//home/vdb/Documents/libs/libmaple//libmaple/syscalls.o
 .debug_abbrev  0x000017e5       0xeb build//home/vdb/Documents/libs/libmaple//libmaple/systick.o
 .debug_abbrev  0x000018d0      0x39d build//home/vdb/Documents/libs/libmaple//libmaple/timer.o