Archive member included because of file (symbol)

/home/vdb/Documents/libs/libmaple/arm/bin/../lib/gcc/arm-none-eabi/4.4.1/thumb2/libgcc.a(_arm_addsubdf3.o)
                              build//home/vdb/Documents/libs/libmaple//wirish/Print.o (__aeabi_dsub)
/home/vdb/Documents/libs/libmaple/arm/bin/../lib/gcc/arm-none-eabi/4.4.1/thumb2/libgcc.a(_arm_muldivdf3.o)
                              build//home/vdb/Documents/libs/libmaple//wirish/Print.o (__aeabi_dmul)
/home/vdb/Documents/libs/libmaple/arm/bin/../lib/gcc/arm-none-eabi/4.4.1/thumb2/libgcc.a(_arm_cmpdf2.o)
                              build//home/vdb/Documents/libs/libmaple//wirish/Print.o (__aeabi_dcmplt)
/home/vdb/Documents/libs/libmaple/arm/bin/../lib/gcc/arm-none-eabi/4.4.1/thumb2/libgcc.a(_arm_fixdfsi.o)
                              build//home/vdb/Documents/libs/libmaple//wirish/Print.o (__aeabi_d2iz)
/home/vdb/Documents/libs/libmaple/arm/bin/../lib/gcc/arm-none-eabi/4.4.1/thumb2/libgcc.a(_arm_addsubsf3.o)
                              build/main.o (__aeabi_fsub)
/home/vdb/Documents/libs/libmaple/arm/bin/../lib/gcc/arm-none-eabi/4.4.1/thumb2/libgcc.a(_arm_muldivsf3.o)
                              build/main.o (__aeabi_fmul)
/home/vdb/Documents/libs/libmaple/arm/bin/../lib/gcc/arm-none-eabi/4.4.1/thumb2/libgcc.a(_aeabi_uldivmod.o)
                              build//home/vdb/Documents/libs/libmaple//wirish/Print.o (__aeabi_uldivmod)
/home/vdb/Documents/libs/libmaple/arm/bin/../lib/gcc/arm-none-eabi/4.4.1/thumb2/libgcc.a(_fixdfdi.o)
                              build//home/vdb/Documents/libs/libmaple//wirish/Print.o (__aeabi_d2lz)
/home/vdb/Documents/libs/libmaple/arm/bin/../lib/gcc/arm-none-eabi/4.4.1/thumb2/libgcc.a(_fixunsdfdi.o)
                              /home/vdb/Documents/libs/libmaple/arm/bin/../lib/gcc/arm-none-eabi/4.4.1/thumb2/libgcc.a(_fixdfdi.o) (__aeabi_d2ulz)
/home/vdb/Documents/libs/libmaple/arm/bin/../lib/gcc/arm-none-eabi/4.4.1/thumb2/libgcc.a(bpabi.o)
                              /home/vdb/Documents/libs/libmaple/arm/bin/../lib/gcc/arm-none-eabi/4.4.1/thumb2/libgcc.a(_aeabi_uldivmod.o) (__gnu_uldivmod_helper)
/home/vdb/Documents/libs/libmaple/arm/bin/../lib/gcc/arm-none-eabi/4.4.1/thumb2/libgcc.a(_dvmd_tls.o)
                              /home/vdb/Documents/libs/libmaple/arm/bin/../lib/gcc/arm-none-eabi/4.4.1/thumb2/libgcc.a(_aeabi_uldivmod.o) (__aeabi_ldiv0)
/home/vdb/Documents/libs/libmaple/arm/bin/../lib/gcc/arm-none-eabi/4.4.1/thumb2/libgcc.a(_arm_fixunsdfsi.o)
                              /home/vdb/Documents/libs/libmaple/arm/bin/../lib/gcc/arm-none-eabi/4.4.1/thumb2/libgcc.a(_fixunsdfdi.o) (__aeabi_d2uiz)
/home/vdb/Documents/libs/libmaple/arm/bin/../lib/gcc/arm-none-eabi/4.4.1/thumb2/libgcc.a(_divdi3.o)
                              /home/vdb/Documents/libs/libmaple/arm/bin/../lib/gcc/arm-none-eabi/4.4.1/thumb2/libgcc.a(bpabi.o) (__divdi3)
/home/vdb/Documents/libs/libmaple/arm/bin/../lib/gcc/arm-none-eabi/4.4.1/thumb2/libgcc.a(_udivdi3.o)
                              /home/vdb/Documents/libs/libmaple/arm/bin/../lib/gcc/arm-none-eabi/4.4.1/thumb2/libgcc.a(bpabi.o) (__udivdi3)
/home/vdb/Documents/libs/libmaple/arm/bin/../lib/gcc/arm-none-eabi/4.4.1/thumb2/libgcc.a(_udivsi3.o)
                              /home/vdb/Documents/libs/libmaple/arm/bin/../lib/gcc/arm-none-eabi/4.4.1/thumb2/libgcc.a(_divdi3.o) (__aeabi_uidiv)
/home/vdb/Documents/libs/libmaple/arm/bin/../lib/gcc/arm-none-eabi/4.4.1/../../../../arm-none-eabi/lib/thumb2/libc.a(lib_a-memcmp.o)
                              build//home/vdb/Documents/libs/libmaple//libraries/FreeRTOS/utility/tasks.o (memcmp)
/home/vdb/Documents/libs/libmaple/arm/bin/../lib/gcc/arm-none-eabi/4.4.1/../../../../arm-none-eabi/lib/thumb2/libc.a(lib_a-memcpy.o)
                              build//home/vdb/Documents/libs/libmaple//libraries/FreeRTOS/utility/queue.o (memcpy)
/home/vdb/Documents/libs/libmaple/arm/bin/../lib/gcc/arm-none-eabi/4.4.1/../../../../arm-none-eabi/lib/thumb2/libc.a(lib_a-memset.o)
                              build//home/vdb/Documents/libs/libmaple//libraries/FreeRTOS/utility/tasks.o (memset)
/home/vdb/Documents/libs/libmaple/arm/bin/../lib/gcc/arm-none-eabi/4.4.1/../../../../arm-none-eabi/lib/thumb2/libc.a(lib_a-rand.o)
                              build//home/vdb/Documents/libs/libmaple//wirish/wirish_math.o (rand)
/home/vdb/Documents/libs/libmaple/arm/bin/../lib/gcc/arm-none-eabi/4.4.1/../../../../arm-none-eabi/lib/thumb2/libc.a(lib_a-sprintf.o)
                              build//home/vdb/Documents/libs/libmaple//libraries/FreeRTOS/utility/tasks.o (sprintf)
/home/vdb/Documents/libs/libmaple/arm/bin/../lib/gcc/arm-none-eabi/4.4.1/../../../../arm-none-eabi/lib/thumb2/libc.a(lib_a-strcat.o)
                              build//home/vdb/Documents/libs/libmaple//libraries/FreeRTOS/utility/tasks.o (strcat)
/home/vdb/Documents/libs/libmaple/arm/bin/../lib/gcc/arm-none-eabi/4.4.1/../../../../arm-none-eabi/lib/thumb2/libc.a(lib_a-strcpy.o)
[...]
Memory Configuration

Name             Origin             Length             Attributes
ram              0x20000c00         0x00004400         xrw
rom              0x08005000         0x0001b000         xr
*default*        0x00000000         0xffffffff

Linker script and memory map

LOAD /home/vdb/Documents/libs/libmaple/arm/bin/../lib/gcc/arm-none-eabi/4.4.1/thumb2/crti.o
LOAD /home/vdb/Documents/libs/libmaple/arm/bin/../lib/gcc/arm-none-eabi/4.4.1/thumb2/crtbegin.o
LOAD build//home/vdb/Documents/libs/libmaple//libmaple/adc.o
LOAD build//home/vdb/Documents/libs/libmaple//libmaple/bkp.o
LOAD build//home/vdb/Documents/libs/libmaple//libmaple/dac.o
LOAD build//home/vdb/Documents/libs/libmaple//libmaple/dma.o
LOAD build//home/vdb/Documents/libs/libmaple//libmaple/exti.o
LOAD build//home/vdb/Documents/libs/libmaple//libmaple/flash.o
LOAD build//home/vdb/Documents/libs/libmaple//libmaple/fsmc.o
LOAD build//home/vdb/Documents/libs/libmaple//libmaple/gpio.o
LOAD build//home/vdb/Documents/libs/libmaple//libmaple/iwdg.o
LOAD build//home/vdb/Documents/libs/libmaple//libmaple/nvic.o
LOAD build//home/vdb/Documents/libs/libmaple//libmaple/pwr.o
LOAD build//home/vdb/Documents/libs/libmaple//libmaple/i2c.o
LOAD build//home/vdb/Documents/libs/libmaple//libmaple/rcc.o
LOAD build//home/vdb/Documents/libs/libmaple//libmaple/spi.o
LOAD build//home/vdb/Documents/libs/libmaple//libmaple/syscalls.o
LOAD build//home/vdb/Documents/libs/libmaple//libmaple/systick.o
LOAD build//home/vdb/Documents/libs/libmaple//libmaple/timer.o
LOAD build//home/vdb/Documents/libs/libmaple//libmaple/usart.o
LOAD build//home/vdb/Documents/libs/libmaple//libmaple/util.o
LOAD build//home/vdb/Documents/libs/libmaple//libmaple/usb/descriptors.o
LOAD build//home/vdb/Documents/libs/libmaple//libmaple/usb/usb.o
LOAD build//home/vdb/Documents/libs/libmaple//libmaple/usb/usb_callbacks.o
LOAD build//home/vdb/Documents/libs/libmaple//libmaple/usb/usb_hardware.o
LOAD build//home/vdb/Documents/libs/libmaple//libmaple/usb/usb_lib/usb_core.o
LOAD build//home/vdb/Documents/libs/libmaple//libmaple/usb/usb_lib/usb_init.o
LOAD build//home/vdb/Documents/libs/libmaple//libmaple/usb/usb_lib/usb_int.o
LOAD build//home/vdb/Documents/libs/libmaple//libmaple/usb/usb_lib/usb_mem.o
LOAD build//home/vdb/Documents/libs/libmaple//libmaple/usb/usb_lib/usb_regs.o
LOAD build//home/vdb/Documents/libs/libmaple//libmaple/exc.o
LOAD build//home/vdb/Documents/libs/libmaple//wirish/wirish_math.o
LOAD build//home/vdb/Documents/libs/libmaple//wirish/Print.o
LOAD build//home/vdb/Documents/libs/libmaple//wirish/boards.o
LOAD build//home/vdb/Documents/libs/libmaple//wirish/boards/maple.o
LOAD build//home/vdb/Documents/libs/libmaple//wirish/boards/maple_mini.o
LOAD build//home/vdb/Documents/libs/libmaple//wirish/boards/maple_native.o
LOAD build//home/vdb/Documents/libs/libmaple//wirish/boards/maple_RET6.o
LOAD build//home/vdb/Documents/libs/libmaple//wirish/comm/HardwareSerial.o
LOAD build//home/vdb/Documents/libs/libmaple//wirish/comm/HardwareSPI.o
LOAD build//home/vdb/Documents/libs/libmaple//wirish/HardwareTimer.o
LOAD build//home/vdb/Documents/libs/libmaple//wirish/usb_serial.o
LOAD build//home/vdb/Documents/libs/libmaple//wirish/cxxabi-compat.o
LOAD build//home/vdb/Documents/libs/libmaple//wirish/wirish_shift.o
LOAD build//home/vdb/Documents/libs/libmaple//wirish/wirish_analog.o
LOAD build//home/vdb/Documents/libs/libmaple//wirish/wirish_time.o
LOAD build//home/vdb/Documents/libs/libmaple//wirish/pwm.o
LOAD build//home/vdb/Documents/libs/libmaple//wirish/ext_interrupts.o
LOAD build//home/vdb/Documents/libs/libmaple//wirish/wirish_digital.o
LOAD build//home/vdb/Documents/libs/libmaple//libraries/Servo/Servo.o
LOAD build//home/vdb/Documents/libs/libmaple//libraries/LiquidCrystal/LiquidCrystal.o
LOAD build//home/vdb/Documents/libs/libmaple//libraries/Wire/Wire.o
LOAD build//home/vdb/Documents/libs/libmaple//libraries/FreeRTOS/utility/croutine.o
LOAD build//home/vdb/Documents/libs/libmaple//libraries/FreeRTOS/utility/heap_2.o
LOAD build//home/vdb/Documents/libs/libmaple//libraries/FreeRTOS/utility/list.o
LOAD build//home/vdb/Documents/libs/libmaple//libraries/FreeRTOS/utility/port.o
LOAD build//home/vdb/Documents/libs/libmaple//libraries/FreeRTOS/utility/queue.o
LOAD build//home/vdb/Documents/libs/libmaple//libraries/FreeRTOS/utility/timers.o
LOAD build//home/vdb/Documents/libs/libmaple//libraries/FreeRTOS/utility/tasks.o
LOAD build//home/vdb/Documents/libs/libmaple//libraries/FreeRTOS/MapleFreeRTOS.o
LOAD build/main.o
LOAD /home/vdb/Documents/libs/libmaple/arm/bin/../lib/gcc/arm-none-eabi/4.4.1/../../../../arm-none-eabi/lib/thumb2/libstdc++.a
LOAD /home/vdb/Documents/libs/libmaple/arm/bin/../lib/gcc/arm-none-eabi/4.4.1/../../../../arm-none-eabi/lib/thumb2/libm.a
START GROUP
LOAD /home/vdb/Documents/libs/libmaple/arm/bin/../lib/gcc/arm-none-eabi/4.4.1/thumb2/libgcc.a
LOAD /home/vdb/Documents/libs/libmaple/arm/bin/../lib/gcc/arm-none-eabi/4.4.1/../../../../arm-none-eabi/lib/thumb2/libc.a
END GROUP
LOAD /home/vdb/Documents/libs/libmaple/arm/bin/../lib/gcc/arm-none-eabi/4.4.1/thumb2/crtend.o
LOAD /home/vdb/Documents/libs/libmaple/arm/bin/../lib/gcc/arm-none-eabi/4.4.1/thumb2/crtn.o
START GROUP
LOAD /home/vdb/Documents/libs/libmaple//support/ld/libcs3_stm32_med_density.a
END GROUP
START GROUP
LOAD /home/vdb/Documents/libs/libmaple/arm/bin/../lib/gcc/arm-none-eabi/4.4.1/thumb2/libgcc.a
LOAD /home/vdb/Documents/libs/libmaple/arm/bin/../lib/gcc/arm-none-eabi/4.4.1/../../../../arm-none-eabi/lib/thumb2/libc.a
LOAD /home/vdb/Documents/libs/libmaple/arm/bin/../lib/gcc/arm-none-eabi/4.4.1/../../../../arm-none-eabi/lib/thumb2/libm.a
END GROUP
                0x20005000                PROVIDE (__cs3_stack, (__cs3_region_start_ram + __cs3_region_size_ram))
                0x0800a900                PROVIDE (__cs3_reset, _start)
                0x20001510                PROVIDE (__cs3_heap_start, _end)
                0x20005000                PROVIDE (__cs3_heap_end, (__cs3_region_start_ram + 0x4400))

.text           0x08005000     0x6d08
 CREATE_OBJECT_SYMBOLS
                0x08005000                __cs3_region_start_rom = .
 *(.cs3.region-head.rom)
                0x08005000                __cs3_interrupt_vector = __cs3_stm32_vector_table
 *(.cs3.interrupt_vector)
 .cs3.interrupt_vector
                0x08005000       0xec /home/vdb/Documents/libs/libmaple//support/ld/libcs3_stm32_med_density.a(stm32_vector_table.o)
                0x08005000                __cs3_stm32_vector_table
                0x08005001                ASSERT ((. != __cs3_stm32_vector_table), No interrupt vector)
 *(.rom)
 *(.rom.b)
 *(.rom)
 *(.rom.b)
 *(.text .text.* .gnu.linkonce.t.*)
 .text          0x080050ec       0x30 /home/vdb/Documents/libs/libmaple/arm/bin/../lib/gcc/arm-none-eabi/4.4.1/thumb2/crtbegin.o
 .text.adc_set_extsel
                0x0800511c       0x10 build//home/vdb/Documents/libs/libmaple//libmaple/adc.o
                0x0800511c                adc_set_extsel
 .text.adc_foreach
                0x0800512c       0x1c build//home/vdb/Documents/libs/libmaple//libmaple/adc.o
                0x0800512c                adc_foreach
 .text.adc_set_sample_rate
                0x08005148       0x2e build//home/vdb/Documents/libs/libmaple//libmaple/adc.o
                0x08005148                adc_set_sample_rate
 .text.adc_init
                0x08005176       0x14 build//home/vdb/Documents/libs/libmaple//libmaple/adc.o
                0x08005176                adc_init
 .text.adc_read
                0x0800518a       0x22 build//home/vdb/Documents/libs/libmaple//libmaple/adc.o
                0x0800518a                adc_read
 .text.bb_perip
                0x080051ac        0xc build//home/vdb/Documents/libs/libmaple//libmaple/adc.o
 .text.adc_calibrate
                0x080051b8       0x2e build//home/vdb/Documents/libs/libmaple//libmaple/adc.o
                0x080051b8                adc_calibrate
 .text.dma_clear_isr_bits
                0x080051e6       0x10 build//home/vdb/Documents/libs/libmaple//libmaple/dma.o
 .text.dispatch_handler
                0x080051f6       0x1c build//home/vdb/Documents/libs/libmaple//libmaple/dma.o
 *fill*         0x08005212        0x2 00
 .text.__irq_dma1_channel1
                0x08005214       0x10 build//home/vdb/Documents/libs/libmaple//libmaple/dma.o
                0x08005214                __irq_dma1_channel1
 .text.__irq_dma1_channel2
                0x08005224       0x10 build//home/vdb/Documents/libs/libmaple//libmaple/dma.o
                0x08005224                __irq_dma1_channel2
 .text.__irq_dma1_channel3
                0x08005234       0x10 build//home/vdb/Documents/libs/libmaple//libmaple/dma.o
                0x08005234                __irq_dma1_channel3
 .text.__irq_dma1_channel4
                0x08005244       0x10 build//home/vdb/Documents/libs/libmaple//libmaple/dma.o
                0x08005244                __irq_dma1_channel4
 .text.__irq_dma1_channel5
                0x08005254       0x10 build//home/vdb/Documents/libs/libmaple//libmaple/dma.o
                0x08005254                __irq_dma1_channel5
 .text.__irq_dma1_channel6
                0x08005264       0x10 build//home/vdb/Documents/libs/libmaple//libmaple/dma.o
                0x08005264                __irq_dma1_channel6
 .text.__irq_dma1_channel7
                0x08005274       0x10 build//home/vdb/Documents/libs/libmaple//libmaple/dma.o
                0x08005274                __irq_dma1_channel7
 .text.__bb_addr
                0x08005284        0xc build//home/vdb/Documents/libs/libmaple//libmaple/exti.o
 .text.bb_perip
                0x08005290        0xc build//home/vdb/Documents/libs/libmaple//libmaple/exti.o
 .text.clear_pending
                0x0800529c       0x18 build//home/vdb/Documents/libs/libmaple//libmaple/exti.o
 .text.dispatch_handler
                0x080052b4       0x30 build//home/vdb/Documents/libs/libmaple//libmaple/exti.o
 .text.__irq_exti15_10
                0x080052e4       0x30 build//home/vdb/Documents/libs/libmaple//libmaple/exti.o
                0x080052e4                __irq_exti15_10
 .text.__irq_exti9_5
                0x08005314       0x30 build//home/vdb/Documents/libs/libmaple//libmaple/exti.o
                0x08005314                __irq_exti9_5
 .text.__irq_exti4
                0x08005344       0x12 build//home/vdb/Documents/libs/libmaple//libmaple/exti.o
                0x08005344                __irq_exti4
 .text.__irq_exti3
                0x08005356       0x12 build//home/vdb/Documents/libs/libmaple//libmaple/exti.o
                0x08005356                __irq_exti3
 .text.__irq_exti2
                0x08005368       0x12 build//home/vdb/Documents/libs/libmaple//libmaple/exti.o
                0x08005368                __irq_exti2
 .text.__irq_exti1
                0x0800537a       0x12 build//home/vdb/Documents/libs/libmaple//libmaple/exti.o
                0x0800537a                __irq_exti1
 .text.__irq_exti0
                0x0800538c       0x12 build//home/vdb/Documents/libs/libmaple//libmaple/exti.o
                0x0800538c                __irq_exti0
 *fill*         0x0800539e        0x2 00
 .text.flash_set_latency
                0x080053a0       0x14 build//home/vdb/Documents/libs/libmaple//libmaple/flash.o
                0x080053a0                flash_set_latency
 .text.flash_enable_prefetch
                0x080053b4        0xc build//home/vdb/Documents/libs/libmaple//libmaple/flash.o
                0x080053b4                flash_enable_prefetch
 .text.gpio_set_mode
                0x080053c0       0x56 build//home/vdb/Documents/libs/libmaple//libmaple/gpio.o
                0x080053c0                gpio_set_mode
 .text.afio_init
                0x08005416       0x12 build//home/vdb/Documents/libs/libmaple//libmaple/gpio.o
                0x08005416                afio_init
 .text.gpio_init
                0x08005428       0x14 build//home/vdb/Documents/libs/libmaple//libmaple/gpio.o
                0x08005428                gpio_init
 .text.gpio_init_all
                0x0800543c       0x30 build//home/vdb/Documents/libs/libmaple//libmaple/gpio.o
                0x0800543c                gpio_init_all
 .text.nvic_irq_set_priority
                0x0800546c       0x2c build//home/vdb/Documents/libs/libmaple//libmaple/nvic.o
                0x0800546c                nvic_irq_set_priority
 .text.nvic_set_vector_table
                0x08005498       0x14 build//home/vdb/Documents/libs/libmaple//libmaple/nvic.o
                0x08005498                nvic_set_vector_table
 .text.nvic_init
                0x080054ac       0x24 build//home/vdb/Documents/libs/libmaple//libmaple/nvic.o
                0x080054ac                nvic_init
 .text.i2c_write
                0x080054d0        0x6 build//home/vdb/Documents/libs/libmaple//libmaple/i2c.o
 .text.i2c_start_condition
                0x080054d6       0x14 build//home/vdb/Documents/libs/libmaple//libmaple/i2c.o
 .text.i2c_stop_condition
                0x080054ea       0x1c build//home/vdb/Documents/libs/libmaple//libmaple/i2c.o
 .text.i2c_enable_irq
                0x08005506        0xc build//home/vdb/Documents/libs/libmaple//libmaple/i2c.o
 .text.i2c_disable_irq
                0x08005512        0xc build//home/vdb/Documents/libs/libmaple//libmaple/i2c.o
 .text.i2c_disable_ack
                0x0800551e        0xc build//home/vdb/Documents/libs/libmaple//libmaple/i2c.o
 .text.i2c_irq_error_handler
                0x0800552a       0x2a build//home/vdb/Documents/libs/libmaple//libmaple/i2c.o
 .text.__irq_i2c1_er
                0x08005554        0xc build//home/vdb/Documents/libs/libmaple//libmaple/i2c.o
                0x08005554                __irq_i2c1_er
 .text.__irq_i2c2_er
                0x08005560        0xc build//home/vdb/Documents/libs/libmaple//libmaple/i2c.o
                0x08005560                __irq_i2c2_er
 .text.i2c_irq_handler
                0x0800556c      0x158 build//home/vdb/Documents/libs/libmaple//libmaple/i2c.o
 .text.__irq_i2c2_ev
                0x080056c4        0xc build//home/vdb/Documents/libs/libmaple//libmaple/i2c.o
                0x080056c4                __irq_i2c2_ev
 .text.__irq_i2c1_ev
                0x080056d0        0xc build//home/vdb/Documents/libs/libmaple//libmaple/i2c.o
                0x080056d0                __irq_i2c1_ev
 .text.rcc_set_prescaler
                0x080056dc       0x20 build//home/vdb/Documents/libs/libmaple//libmaple/rcc.o
                0x080056dc                rcc_set_prescaler
 .text.rcc_clk_init
                0x080056fc       0x64 build//home/vdb/Documents/libs/libmaple//libmaple/rcc.o
                0x080056fc                rcc_clk_init
 .text.bb_peri_set_bit
                0x08005760        0xe build//home/vdb/Documents/libs/libmaple//libmaple/rcc.o
 *fill*         0x0800576e        0x2 00
 .text.rcc_reset_dev
                0x08005770       0x34 build//home/vdb/Documents/libs/libmaple//libmaple/rcc.o
                0x08005770                rcc_reset_dev
 .text.rcc_clk_enable
                0x080057a4       0x20 build//home/vdb/Documents/libs/libmaple//libmaple/rcc.o
                0x080057a4                rcc_clk_enable
 .text.systick_enable
                0x080057c4        0xc build//home/vdb/Documents/libs/libmaple//libmaple/systick.o
                0x080057c4                systick_enable
 .text.systick_init
                0x080057d0        0xc build//home/vdb/Documents/libs/libmaple//libmaple/systick.o
                0x080057d0                systick_init
 .text.__exc_systick
                0x080057dc       0x1c build//home/vdb/Documents/libs/libmaple//libmaple/systick.o
                0x080057dc                __exc_systick
 .text.timer_oc_set_mode
                0x080057f8       0x34 build//home/vdb/Documents/libs/libmaple//libmaple/timer.o
 .text.timer_disable
                0x0800582c       0x12 build//home/vdb/Documents/libs/libmaple//libmaple/timer.o
                0x0800582c                timer_disable
 *fill*         0x0800583e        0x2 00
 .text.timer_foreach
                0x08005840       0x30 build//home/vdb/Documents/libs/libmaple//libmaple/timer.o
                0x08005840                timer_foreach
 .text.dispatch_cc_irqs
                0x08005870       0x5c build//home/vdb/Documents/libs/libmaple//libmaple/timer.o
 .text.__irq_tim1_cc
                0x080058cc        0xc build//home/vdb/Documents/libs/libmaple//libmaple/timer.o
                0x080058cc                __irq_tim1_cc
 .text.timer_init
                0x080058d8       0x14 build//home/vdb/Documents/libs/libmaple//libmaple/timer.o
                0x080058d8                timer_init
 .text.bb_perip
                0x080058ec        0xc build//home/vdb/Documents/libs/libmaple//libmaple/timer.o
 .text.timer_disable_irq
                0x080058f8       0x10 build//home/vdb/Documents/libs/libmaple//libmaple/timer.o
 .text.timer_detach_interrupt
                0x08005908       0x14 build//home/vdb/Documents/libs/libmaple//libmaple/timer.o
                0x08005908                timer_detach_interrupt
 .text.timer_cc_enable
                0x0800591c       0x14 build//home/vdb/Documents/libs/libmaple//libmaple/timer.o
 .text.timer_set_mode
                0x08005930       0x90 build//home/vdb/Documents/libs/libmaple//libmaple/timer.o
                0x08005930                timer_set_mode
 .text.dispatch_irq
                0x080059c0       0x2a build//home/vdb/Documents/libs/libmaple//libmaple/timer.o
 *fill*         0x080059ea        0x2 00
 .text.__irq_tim1_trg_com
                0x080059ec       0x24 build//home/vdb/Documents/libs/libmaple//libmaple/timer.o
                0x080059ec                __irq_tim1_trg_com
 .text.__irq_tim1_up
                0x08005a10       0x10 build//home/vdb/Documents/libs/libmaple//libmaple/timer.o
                0x08005a10                __irq_tim1_up
 .text.__irq_tim1_brk
                0x08005a20       0x10 build//home/vdb/Documents/libs/libmaple//libmaple/timer.o
                0x08005a20                __irq_tim1_brk
 .text.dispatch_general
                0x08005a30       0x20 build//home/vdb/Documents/libs/libmaple//libmaple/timer.o
 .text.__irq_tim4
                0x08005a50        0xc build//home/vdb/Documents/libs/libmaple//libmaple/timer.o
                0x08005a50                __irq_tim4
 .text.__irq_tim3
                0x08005a5c        0xc build//home/vdb/Documents/libs/libmaple//libmaple/timer.o
                0x08005a5c                __irq_tim3
 .text.__irq_tim2
                0x08005a68        0xc build//home/vdb/Documents/libs/libmaple//libmaple/timer.o
                0x08005a68                __irq_tim2
 .text.usart_set_baud_rate
                0x08005a74       0x34 build//home/vdb/Documents/libs/libmaple//libmaple/usart.o
                0x08005a74                usart_set_baud_rate
 .text.usart_enable
                0x08005aa8       0x10 build//home/vdb/Documents/libs/libmaple//libmaple/usart.o
                0x08005aa8                usart_enable
 .text.usart_disable
                0x08005ab8       0x22 build//home/vdb/Documents/libs/libmaple//libmaple/usart.o
                0x08005ab8                usart_disable
 *fill*         0x08005ada        0x2 00
 .text.usart_foreach
                0x08005adc       0x24 build//home/vdb/Documents/libs/libmaple//libmaple/usart.o
                0x08005adc                usart_foreach
 .text.usart_tx
                0x08005b00       0x1c build//home/vdb/Documents/libs/libmaple//libmaple/usart.o
                0x08005b00                usart_tx
 .text.usart_putudec
                0x08005b1c       0x42 build//home/vdb/Documents/libs/libmaple//libmaple/usart.o
                0x08005b1c                usart_putudec
 .text.usart_irq
                0x08005b5e       0x4c build//home/vdb/Documents/libs/libmaple//libmaple/usart.o
 *fill*         0x08005baa        0x2 00
 .text.__irq_usart1
                0x08005bac        0xc build//home/vdb/Documents/libs/libmaple//libmaple/usart.o
                0x08005bac                __irq_usart1
 .text.__irq_usart2
                0x08005bb8        0xc build//home/vdb/Documents/libs/libmaple//libmaple/usart.o
                0x08005bb8                __irq_usart2
 .text.__irq_usart3
                0x08005bc4        0xc build//home/vdb/Documents/libs/libmaple//libmaple/usart.o
                0x08005bc4                __irq_usart3
 .text.usart_init
                0x08005bd0       0x44 build//home/vdb/Documents/libs/libmaple//libmaple/usart.o
                0x08005bd0                usart_init
 .text.nvic_irq_enable
                0x08005c14       0x1c build//home/vdb/Documents/libs/libmaple//libmaple/util.o
 .text.usart_putc
                0x08005c30       0x18 build//home/vdb/Documents/libs/libmaple//libmaple/util.o
 .text.usart_putstr
                0x08005c48       0x1a build//home/vdb/Documents/libs/libmaple//libmaple/util.o
 .text.T.12     0x08005c62       0x10 build//home/vdb/Documents/libs/libmaple//libmaple/util.o
 *fill*         0x08005c72        0x2 00
 .text.throb    0x08005c74       0x4c build//home/vdb/Documents/libs/libmaple//libmaple/util.o
                0x08005c74                throb
 .text.__error  0x08005cc0       0x48 build//home/vdb/Documents/libs/libmaple//libmaple/util.o
                0x08005cc0                __error
 .text._fail    0x08005d08       0x8c build//home/vdb/Documents/libs/libmaple//libmaple/util.o
                0x08005d08                _fail
 .text.adc_disable
                0x08005d94       0x12 build//home/vdb/Documents/libs/libmaple//libmaple/util.o
 *fill*         0x08005da6        0x2 00
 .text.usbSuspend
                0x08005da8       0x1c build//home/vdb/Documents/libs/libmaple//libmaple/usb/usb.o
                0x08005da8                usbSuspend
 .text.usbResumeInit
                0x08005dc4       0x1c build//home/vdb/Documents/libs/libmaple//libmaple/usb/usb.o
                0x08005dc4                usbResumeInit
 .text.usbResume
                0x08005de0       0x90 build//home/vdb/Documents/libs/libmaple//libmaple/usb/usb.o
                0x08005de0                usbResume
 .text.usbPowerOn
                0x08005e70       0x28 build//home/vdb/Documents/libs/libmaple//libmaple/usb/usb.o
                0x08005e70                usbPowerOn
 .text.usbBytesAvailable
                0x08005e98        0xc build//home/vdb/Documents/libs/libmaple//libmaple/usb/usb.o
                0x08005e98                usbBytesAvailable
 .text.usbIsConfigured
                0x08005ea4       0x14 build//home/vdb/Documents/libs/libmaple//libmaple/usb/usb.o
                0x08005ea4                usbIsConfigured
 .text.usbIsConnected
                0x08005eb8       0x10 build//home/vdb/Documents/libs/libmaple//libmaple/usb/usb.o
                0x08005eb8                usbIsConnected
 .text.usbReceiveBytes
                0x08005ec8       0x60 build//home/vdb/Documents/libs/libmaple//libmaple/usb/usb.o
                0x08005ec8                usbReceiveBytes
 .text.usbSendBytes
                0x08005f28       0x60 build//home/vdb/Documents/libs/libmaple//libmaple/usb/usb.o
                0x08005f28                usbSendBytes
 .text.__irq_usb_lp_can_rx0
                0x08005f88       0xe8 build//home/vdb/Documents/libs/libmaple//libmaple/usb/usb.o
                0x08005f88                __irq_usb_lp_can_rx0
 .text.usbEnbISR
                0x08006070       0x20 build//home/vdb/Documents/libs/libmaple//libmaple/usb/usb.o
                0x08006070                usbEnbISR
 .text.T.38     0x08006090       0x14 build//home/vdb/Documents/libs/libmaple//libmaple/usb/usb.o
 .text.setupUSB
                0x080060a4       0x34 build//home/vdb/Documents/libs/libmaple//libmaple/usb/usb.o
                0x080060a4                setupUSB
 .text.usbWaitReset
                0x080060d8       0x10 build//home/vdb/Documents/libs/libmaple//libmaple/usb/usb.o
                0x080060d8                usbWaitReset
 .text.vcomDataTxCb
                0x080060e8        0xc build//home/vdb/Documents/libs/libmaple//libmaple/usb/usb_callbacks.o
                0x080060e8                vcomDataTxCb
 .text.vcomManagementCb
                0x080060f4        0x2 build//home/vdb/Documents/libs/libmaple//libmaple/usb/usb_callbacks.o
                0x080060f4                vcomManagementCb
 *fill*         0x080060f6        0x2 00
 .text.vcomGetSetLineCoding
                0x080060f8       0x18 build//home/vdb/Documents/libs/libmaple//libmaple/usb/usb_callbacks.o
                0x080060f8                vcomGetSetLineCoding
 .text.usbStatusIn
                0x08006110        0x2 build//home/vdb/Documents/libs/libmaple//libmaple/usb/usb_callbacks.o
                0x08006110                usbStatusIn
 .text.usbStatusOut
                0x08006112        0x2 build//home/vdb/Documents/libs/libmaple//libmaple/usb/usb_callbacks.o
                0x08006112                usbStatusOut
 .text.usbDataSetup
                0x08006114       0x40 build//home/vdb/Documents/libs/libmaple//libmaple/usb/usb_callbacks.o
                0x08006114                usbDataSetup
 .text.usbNoDataSetup
                0x08006154       0x64 build//home/vdb/Documents/libs/libmaple//libmaple/usb/usb_callbacks.o
                0x08006154                usbNoDataSetup
 .text.usbGetInterfaceSetting
                0x080061b8        0xe build//home/vdb/Documents/libs/libmaple//libmaple/usb/usb_callbacks.o
                0x080061b8                usbGetInterfaceSetting
 *fill*         0x080061c6        0x2 00
 .text.usbSetConfiguration
                0x080061c8       0x18 build//home/vdb/Documents/libs/libmaple//libmaple/usb/usb_callbacks.o
                0x080061c8                usbSetConfiguration
 .text.usbSetDeviceAddress
                0x080061e0        0xc build//home/vdb/Documents/libs/libmaple//libmaple/usb/usb_callbacks.o
                0x080061e0                usbSetDeviceAddress
 .text.usbGetStringDescriptor
                0x080061ec       0x20 build//home/vdb/Documents/libs/libmaple//libmaple/usb/usb_callbacks.o
                0x080061ec                usbGetStringDescriptor
 .text.usbGetConfigDescriptor
                0x0800620c        0xc build//home/vdb/Documents/libs/libmaple//libmaple/usb/usb_callbacks.o
                0x0800620c                usbGetConfigDescriptor
 .text.usbGetDeviceDescriptor
                0x08006218        0xc build//home/vdb/Documents/libs/libmaple//libmaple/usb/usb_callbacks.o
                0x08006218                usbGetDeviceDescriptor
 .text.usbReset
                0x08006224      0x120 build//home/vdb/Documents/libs/libmaple//libmaple/usb/usb_callbacks.o
                0x08006224                usbReset
 .text.usbInit  0x08006344       0x3c build//home/vdb/Documents/libs/libmaple//libmaple/usb/usb_callbacks.o
                0x08006344                usbInit
 .text.vcomDataRxCb
                0x08006380       0xb8 build//home/vdb/Documents/libs/libmaple//libmaple/usb/usb_callbacks.o
                0x08006380                vcomDataRxCb
 .text.nvicInit
                0x08006438       0x6c build//home/vdb/Documents/libs/libmaple//libmaple/usb/usb_hardware.o
                0x08006438                nvicInit
 .text.systemHardReset
                0x080064a4       0x14 build//home/vdb/Documents/libs/libmaple//libmaple/usb/usb_hardware.o
                0x080064a4                systemHardReset
 .text.Standard_GetConfiguration
                0x080064b8       0x28 build//home/vdb/Documents/libs/libmaple//libmaple/usb/usb_lib/usb_core.o
                0x080064b8                Standard_GetConfiguration
 .text.Standard_SetConfiguration
                0x080064e0       0x38 build//home/vdb/Documents/libs/libmaple//libmaple/usb/usb_lib/usb_core.o
                0x080064e0                Standard_SetConfiguration
 .text.Standard_GetInterface
                0x08006518       0x28 build//home/vdb/Documents/libs/libmaple//libmaple/usb/usb_lib/usb_core.o
                0x08006518                Standard_GetInterface
 .text.Standard_SetInterface
                0x08006540       0x48 build//home/vdb/Documents/libs/libmaple//libmaple/usb/usb_lib/usb_core.o
                0x08006540                Standard_SetInterface
 .text.Standard_GetStatus
                0x08006588       0xa4 build//home/vdb/Documents/libs/libmaple//libmaple/usb/usb_lib/usb_core.o
                0x08006588                Standard_GetStatus
 .text.Standard_SetEndPointFeature
                0x0800662c       0x84 build//home/vdb/Documents/libs/libmaple//libmaple/usb/usb_lib/usb_core.o
                0x0800662c                Standard_SetEndPointFeature
 .text.Standard_SetDeviceFeature
                0x080066b0       0x24 build//home/vdb/Documents/libs/libmaple//libmaple/usb/usb_lib/usb_core.o
                0x080066b0                Standard_SetDeviceFeature
 .text.Standard_GetDescriptorData
                0x080066d4       0x1c build//home/vdb/Documents/libs/libmaple//libmaple/usb/usb_lib/usb_core.o
                0x080066d4                Standard_GetDescriptorData
 .text.SetDeviceAddress
                0x080066f0       0x44 build//home/vdb/Documents/libs/libmaple//libmaple/usb/usb_lib/usb_core.o
                0x080066f0                SetDeviceAddress
 .text.NOP_Process
                0x08006734        0x2 build//home/vdb/Documents/libs/libmaple//libmaple/usb/usb_lib/usb_core.o
                0x08006734                NOP_Process
 *fill*         0x08006736        0x2 00
 .text.Post0_Process
                0x08006738       0x44 build//home/vdb/Documents/libs/libmaple//libmaple/usb/usb_lib/usb_core.o
                0x08006738                Post0_Process
 .text.Out0_Process
                0x0800677c       0xd4 build//home/vdb/Documents/libs/libmaple//libmaple/usb/usb_lib/usb_core.o
                0x0800677c                Out0_Process
 .text.DataStageIn
                0x08006850       0xac build//home/vdb/Documents/libs/libmaple//libmaple/usb/usb_lib/usb_core.o
 .text.In0_Process
                0x080068fc       0x60 build//home/vdb/Documents/libs/libmaple//libmaple/usb/usb_lib/usb_core.o
                0x080068fc                In0_Process
 .text.Standard_ClearFeature
                0x0800695c       0xd4 build//home/vdb/Documents/libs/libmaple//libmaple/usb/usb_lib/usb_core.o
                0x0800695c                Standard_ClearFeature
 .text.Setup0_Process
                0x08006a30      0x304 build//home/vdb/Documents/libs/libmaple//libmaple/usb/usb_lib/usb_core.o
                0x08006a30                Setup0_Process
 .text.USB_Init
                0x08006d34       0x38 build//home/vdb/Documents/libs/libmaple//libmaple/usb/usb_lib/usb_init.o
                0x08006d34                USB_Init
 .text.CTR_LP   0x08006d6c      0x17c build//home/vdb/Documents/libs/libmaple//libmaple/usb/usb_lib/usb_int.o
                0x08006d6c                CTR_LP
 .text.UserToPMABufferCopy
                0x08006ee8       0x2e build//home/vdb/Documents/libs/libmaple//libmaple/usb/usb_lib/usb_mem.o
                0x08006ee8                UserToPMABufferCopy
 .text.PMAToUserBufferCopy
                0x08006f16       0x24 build//home/vdb/Documents/libs/libmaple//libmaple/usb/usb_lib/usb_mem.o
                0x08006f16                PMAToUserBufferCopy
 .text.SetEPType
                0x08006f3a       0x1a build//home/vdb/Documents/libs/libmaple//libmaple/usb/usb_lib/usb_regs.o
                0x08006f3a                SetEPType
 .text.SetEPTxStatus
                0x08006f54       0x2c build//home/vdb/Documents/libs/libmaple//libmaple/usb/usb_lib/usb_regs.o
                0x08006f54                SetEPTxStatus
 .text.SetEPRxStatus
                0x08006f80       0x2c build//home/vdb/Documents/libs/libmaple//libmaple/usb/usb_lib/usb_regs.o
                0x08006f80                SetEPRxStatus
 .text.SetEPRxValid
                0x08006fac       0x1c build//home/vdb/Documents/libs/libmaple//libmaple/usb/usb_lib/usb_regs.o
                0x08006fac                SetEPRxValid
 .text.Clear_Status_Out
                0x08006fc8       0x18 build//home/vdb/Documents/libs/libmaple//libmaple/usb/usb_lib/usb_regs.o
                0x08006fc8                Clear_Status_Out
 .text.ClearDTOG_RX
                0x08006fe0       0x24 build//home/vdb/Documents/libs/libmaple//libmaple/usb/usb_lib/usb_regs.o
                0x08006fe0                ClearDTOG_RX
 .text.ClearDTOG_TX
                0x08007004       0x24 build//home/vdb/Documents/libs/libmaple//libmaple/usb/usb_lib/usb_regs.o
                0x08007004                ClearDTOG_TX
 .text.SetEPTxAddr
                0x08007028       0x24 build//home/vdb/Documents/libs/libmaple//libmaple/usb/usb_lib/usb_regs.o
                0x08007028                SetEPTxAddr
 .text.SetEPRxAddr
                0x0800704c       0x24 build//home/vdb/Documents/libs/libmaple//libmaple/usb/usb_lib/usb_regs.o
                0x0800704c                SetEPRxAddr
 .text.GetEPTxAddr
                0x08007070       0x1c build//home/vdb/Documents/libs/libmaple//libmaple/usb/usb_lib/usb_regs.o
                0x08007070                GetEPTxAddr
 .text.GetEPRxAddr
                0x0800708c       0x1c build//home/vdb/Documents/libs/libmaple//libmaple/usb/usb_lib/usb_regs.o
                0x0800708c                GetEPRxAddr
 .text.SetEPTxCount
                0x080070a8       0x1c build//home/vdb/Documents/libs/libmaple//libmaple/usb/usb_lib/usb_regs.o
                0x080070a8                SetEPTxCount
 .text.SetEPRxCount
                0x080070c4       0x40 build//home/vdb/Documents/libs/libmaple//libmaple/usb/usb_lib/usb_regs.o
                0x080070c4                SetEPRxCount
 .text.GetEPRxCount
                0x08007104       0x20 build//home/vdb/Documents/libs/libmaple//libmaple/usb/usb_lib/usb_regs.o
                0x08007104                GetEPRxCount
 .text.ByteSwap
                0x08007124        0xa build//home/vdb/Documents/libs/libmaple//libmaple/usb/usb_lib/usb_regs.o
                0x08007124                ByteSwap
 *fill*         0x0800712e        0x2 00
 .text          0x08007130       0x60 build//home/vdb/Documents/libs/libmaple//libmaple/exc.o
                0x08007130                __exc_nmi
                0x08007134                __exc_hardfault
                0x08007138                __exc_memmanage
                0x0800713c                __exc_busfault
                0x08007140                __exc_usagefault
 .text._ZN5Print5writeEPKc
                0x08007190       0x1c build//home/vdb/Documents/libs/libmaple//wirish/Print.o
                0x08007190                _ZN5Print5writeEPKc
 .text._ZN5Print5writeEPKvj
                0x080071ac       0x20 build//home/vdb/Documents/libs/libmaple//wirish/Print.o
                0x080071ac                _ZN5Print5writeEPKvj
 .text._ZN5Print5printEc
                0x080071cc        0xa build//home/vdb/Documents/libs/libmaple//wirish/Print.o
                0x080071cc                _ZN5Print5printEc
 .text._ZN5Print5printEPKc
                0x080071d6        0xa build//home/vdb/Documents/libs/libmaple//wirish/Print.o
                0x080071d6                _ZN5Print5printEPKc
 .text._ZN5Print7printlnEv
                0x080071e0       0x16 build//home/vdb/Documents/libs/libmaple//wirish/Print.o
                0x080071e0                _ZN5Print7printlnEv
 .text._ZN5Print7printlnEPKc
                0x080071f6       0x12 build//home/vdb/Documents/libs/libmaple//wirish/Print.o
                0x080071f6                _ZN5Print7printlnEPKc
 .text._ZN5Print11printNumberEyh
                0x08007208       0x7c build//home/vdb/Documents/libs/libmaple//wirish/Print.o
                0x08007208                _ZN5Print11printNumberEyh
 .text._ZN5Print5printEyi
                0x08007284       0x1e build//home/vdb/Documents/libs/libmaple//wirish/Print.o
                0x08007284                _ZN5Print5printEyi
 .text._ZN5Print5printEji
                0x080072a2        0xe build//home/vdb/Documents/libs/libmaple//wirish/Print.o
                0x080072a2                _ZN5Print5printEji
 .text._ZN5Print7printlnEji
                0x080072b0       0x12 build//home/vdb/Documents/libs/libmaple//wirish/Print.o
                0x080072b0                _ZN5Print7printlnEji
 .text._ZN5Print5printEhi
                0x080072c2       0x12 build//home/vdb/Documents/libs/libmaple//wirish/Print.o
                0x080072c2                _ZN5Print5printEhi
 .text._ZN5Print7printlnEhi
                0x080072d4       0x12 build//home/vdb/Documents/libs/libmaple//wirish/Print.o
                0x080072d4                _ZN5Print7printlnEhi
 .text._ZN5Print5printExi
                0x080072e6       0x40 build//home/vdb/Documents/libs/libmaple//wirish/Print.o
                0x080072e6                _ZN5Print5printExi
 .text._ZN5Print5printEii
                0x08007326       0x10 build//home/vdb/Documents/libs/libmaple//wirish/Print.o
                0x08007326                _ZN5Print5printEii
 .text._ZN5Print7printlnEii
                0x08007336       0x12 build//home/vdb/Documents/libs/libmaple//wirish/Print.o
                0x08007336                _ZN5Print7printlnEii
 .text._ZN5Print10printFloatEdh
                0x08007348      0x150 build//home/vdb/Documents/libs/libmaple//wirish/Print.o
                0x08007348                _ZN5Print10printFloatEdh
 .text._ZN5Print5printEdi
                0x08007498        0xa build//home/vdb/Documents/libs/libmaple//wirish/Print.o
                0x08007498                _ZN5Print5printEdi
 .text._ZN5Print7printlnEdi
                0x080074a2       0x18 build//home/vdb/Documents/libs/libmaple//wirish/Print.o
                0x080074a2                _ZN5Print7printlnEdi
 *fill*         0x080074ba        0x2 00
 .text._Z12boardUsesPinh
                0x080074bc       0x1c build//home/vdb/Documents/libs/libmaple//wirish/boards.o
                0x080074bc                _Z12boardUsesPinh
 .text._Z4initv
                0x080074d8       0x7c build//home/vdb/Documents/libs/libmaple//wirish/boards.o
                0x080074d8                _Z4initv
 .text._ZL8bb_peripPVvj
                0x08007554        0xc build//home/vdb/Documents/libs/libmaple//wirish/boards.o
 .text._ZL16adcDefaultConfigPK7adc_dev
                0x08007560       0x3e build//home/vdb/Documents/libs/libmaple//wirish/boards.o
 .text._ZL18timerDefaultConfigP9timer_dev
                0x0800759e       0x98 build//home/vdb/Documents/libs/libmaple//wirish/boards.o
 .text._Z9boardInitv
                0x08007636        0x2 build//home/vdb/Documents/libs/libmaple//wirish/boards/maple.o
                0x08007636                _Z9boardInitv
 .text._GLOBAL__I__Z9boardInitv
                0x08007638      0x158 build//home/vdb/Documents/libs/libmaple//wirish/boards/maple.o
 .text._ZN5PrintC2Ev
                0x08007790        0xc build//home/vdb/Documents/libs/libmaple//wirish/comm/HardwareSerial.o
                0x08007790                _ZN5PrintC2Ev
 .text._ZN14HardwareSerialC1EP9usart_devhhj
                0x0800779c       0x24 build//home/vdb/Documents/libs/libmaple//wirish/comm/HardwareSerial.o
                0x0800779c                _ZN14HardwareSerialC1EP9usart_devhhj
 .text._ZN14HardwareSerial4readEv
                0x080077c0       0x1c build//home/vdb/Documents/libs/libmaple//wirish/comm/HardwareSerial.o
                0x080077c0                _ZN14HardwareSerial4readEv
 .text._ZN14HardwareSerial9availableEv
                0x080077dc       0x22 build//home/vdb/Documents/libs/libmaple//wirish/comm/HardwareSerial.o
                0x080077dc                _ZN14HardwareSerial9availableEv
 .text._ZN14HardwareSerial3endEv
                0x080077fe        0x6 build//home/vdb/Documents/libs/libmaple//wirish/comm/HardwareSerial.o
                0x080077fe                _ZN14HardwareSerial3endEv
 .text._ZN14HardwareSerial5beginEj
                0x08007804       0x8c build//home/vdb/Documents/libs/libmaple//wirish/comm/HardwareSerial.o
                0x08007804                _ZN14HardwareSerial5beginEj
 .text._ZN14HardwareSerial5writeEh
                0x08007890       0x18 build//home/vdb/Documents/libs/libmaple//wirish/comm/HardwareSerial.o
                0x08007890                _ZN14HardwareSerial5writeEh
 .text._GLOBAL__I_Serial1
                0x080078a8       0x58 build//home/vdb/Documents/libs/libmaple//wirish/comm/HardwareSerial.o
 .text._ZN13HardwareTimerC1Eh
                0x08007900       0x58 build//home/vdb/Documents/libs/libmaple//wirish/HardwareTimer.o
                0x08007900                _ZN13HardwareTimerC1Eh
 .text._GLOBAL__I__ZN13HardwareTimerC2Eh
                0x08007958       0x38 build//home/vdb/Documents/libs/libmaple//wirish/HardwareTimer.o
 .text._ZN9USBSerialC1Ev
                0x08007990       0x14 build//home/vdb/Documents/libs/libmaple//wirish/usb_serial.o
                0x08007990                _ZN9USBSerialC1Ev
 .text._ZN9USBSerial5writeEh
                0x080079a4       0x14 build//home/vdb/Documents/libs/libmaple//wirish/usb_serial.o
                0x080079a4                _ZN9USBSerial5writeEh
 .text._ZN9USBSerial4readEPvj
                0x080079b8       0x22 build//home/vdb/Documents/libs/libmaple//wirish/usb_serial.o
                0x080079b8                _ZN9USBSerial4readEPvj
 .text._ZN9USBSerial4readEv
                0x080079da       0x10 build//home/vdb/Documents/libs/libmaple//wirish/usb_serial.o
                0x080079da                _ZN9USBSerial4readEv
 .text._ZN9USBSerial9availableEv
                0x080079ea        0x4 build//home/vdb/Documents/libs/libmaple//wirish/usb_serial.o
                0x080079ea                _ZN9USBSerial9availableEv
 *fill*         0x080079ee        0x2 00
 .text._ZN9USBSerial5writeEPKvj
                0x080079f0       0x58 build//home/vdb/Documents/libs/libmaple//wirish/usb_serial.o
                0x080079f0                _ZN9USBSerial5writeEPKvj
 .text._ZN9USBSerial5writeEPKc
                0x08007a48       0x1a build//home/vdb/Documents/libs/libmaple//wirish/usb_serial.o
                0x08007a48                _ZN9USBSerial5writeEPKc
 *fill*         0x08007a62        0x2 00
 .text._GLOBAL__I__ZN9USBSerialC2Ev
                0x08007a64        0xc build//home/vdb/Documents/libs/libmaple//wirish/usb_serial.o
 .text.__cxa_pure_virtual
                0x08007a70        0x2 build//home/vdb/Documents/libs/libmaple//wirish/cxxabi-compat.o
                0x08007a70                __cxa_pure_virtual
 *fill*         0x08007a72        0x2 00
 .text._Z10analogReadh
                0x08007a74       0x1c build//home/vdb/Documents/libs/libmaple//wirish/wirish_analog.o
                0x08007a74                _Z10analogReadh
 .text._Z17delayMicrosecondsj
                0x08007a90        0xe build//home/vdb/Documents/libs/libmaple//wirish/wirish_time.o
                0x08007a90                _Z17delayMicrosecondsj
 .text._Z5delaym
                0x08007a9e       0x18 build//home/vdb/Documents/libs/libmaple//wirish/wirish_time.o
                0x08007a9e                _Z5delaym
 *fill*         0x08007ab6        0x2 00
 .text._Z8pwmWriteht
                0x08007ab8       0x30 build//home/vdb/Documents/libs/libmaple//wirish/pwm.o
                0x08007ab8                _Z8pwmWriteht
 .text._Z11digitalReadh
                0x08007ae8       0x2c build//home/vdb/Documents/libs/libmaple//wirish/wirish_digital.o
                0x08007ae8                _Z11digitalReadh
 .text._Z12digitalWritehh
                0x08007b14       0x30 build//home/vdb/Documents/libs/libmaple//wirish/wirish_digital.o
                0x08007b14                _Z12digitalWritehh
 .text._Z9togglePinh
                0x08007b44       0x24 build//home/vdb/Documents/libs/libmaple//wirish/wirish_digital.o
                0x08007b44                _Z9togglePinh
 .text._Z15isButtonPressedv
                0x08007b68       0x20 build//home/vdb/Documents/libs/libmaple//wirish/wirish_digital.o
                0x08007b68                _Z15isButtonPressedv
 .text._Z7pinModeh13WiringPinMode
                0x08007b88       0x88 build//home/vdb/Documents/libs/libmaple//wirish/wirish_digital.o
                0x08007b88                _Z7pinModeh13WiringPinMode
 .text._ZN7TwoWireC1Ev
                0x08007c10       0x20 build//home/vdb/Documents/libs/libmaple//libraries/Wire/Wire.o
                0x08007c10                _ZN7TwoWireC1Ev
 .text._GLOBAL__I_i2c_delay
                0x08007c30        0xc build//home/vdb/Documents/libs/libmaple//libraries/Wire/Wire.o
 .text.__exc_svc
                0x08007c3c       0x24 build//home/vdb/Documents/libs/libmaple//libraries/FreeRTOS/utility/port.o
                0x08007c3c                __exc_svc
 .text.__exc_pendsv
                0x08007c60       0x40 build//home/vdb/Documents/libs/libmaple//libraries/FreeRTOS/utility/port.o
                0x08007c60                __exc_pendsv
 .text.vTaskSwitchContext
                0x08007ca0       0xf0 build//home/vdb/Documents/libs/libmaple//libraries/FreeRTOS/utility/tasks.o
                0x08007ca0                vTaskSwitchContext
 .text.vApplicationStackOverflowHook
                0x08007d90        0x2 build//home/vdb/Documents/libs/libmaple//libraries/FreeRTOS/MapleFreeRTOS.o
                0x08007d90                vApplicationStackOverflowHook
 .text.gpio_toggle_bit
                0x08007d92       0x10 build/main.o
 *fill*         0x08007da2        0x2 00
 .text._ZL12set_prescaleP9timer_dev
                0x08007da4       0x10 build/main.o
 .text._Z7premainv
                0x08007db4        0x4 build/main.o
                0x08007db4                _Z7premainv
 .text._Z17print_board_arrayPKcPKhi
                0x08007db8       0x74 build/main.o
                0x08007db8                _Z17print_board_arrayPKcPKhi
 .text._Z14disable_usartsv
                0x08007e2c       0x24 build/main.o
                0x08007e2c                _Z14disable_usartsv
 .text._Z13enable_usartsv
                0x08007e50       0x30 build/main.o
                0x08007e50                _Z13enable_usartsv
 .text._Z15init_all_timerst
                0x08007e80       0x14 build/main.o
                0x08007e80                _Z15init_all_timerst
 .text._Z16serial_echo_testP14HardwareSerialj
                0x08007e94       0x34 build/main.o
                0x08007e94                _Z16serial_echo_testP14HardwareSerialj
 .text._Z14cmd_everythingv
                0x08007ec8       0x10 build/main.o
                0x08007ec8                _Z14cmd_everythingv
 .text._Z14cmd_print_helpv
                0x08007ed8      0x18c build/main.o
                0x08007ed8                _Z14cmd_print_helpv
 .text._Z16serial_baud_testPP14HardwareSerialij
                0x08008064       0x70 build/main.o
                0x08008064                _Z16serial_baud_testPP14HardwareSerialij
 .text._Z5setupv
                0x080080d4       0xd4 build/main.o
                0x080080d4                _Z5setupv
 .text._Z17measure_adc_noiseh
                0x080081a8       0xf0 build/main.o
                0x080081a8                _Z17measure_adc_noiseh
 .text._Z14cmd_board_infov
                0x08008298       0xbc build/main.o
                0x08008298                _Z14cmd_board_infov
 .text._Z15cmd_servo_sweepv
                0x08008354       0xb0 build/main.o
                0x08008354                _Z15cmd_servo_sweepv
 .text._Z23cmd_stressful_adc_statsv
                0x08008404       0x90 build/main.o
                0x08008404                _Z23cmd_stressful_adc_statsv
 .text._Z13cmd_adc_statsv
                0x08008494       0x38 build/main.o
                0x08008494                _Z13cmd_adc_statsv
 .text._Z23cmd_sequential_pwm_testv
                0x080084cc       0x90 build/main.o
                0x080084cc                _Z23cmd_sequential_pwm_testv
 .text._Z24cmd_sequential_adc_readsv
                0x0800855c      0x124 build/main.o
                0x0800855c                _Z24cmd_sequential_adc_readsv
 .text._Z16cmd_serial1_echov
                0x08008680       0x88 build/main.o
                0x08008680                _Z16cmd_serial1_echov
 .text._Z19cmd_serial1_serial3v
                0x08008708       0x9c build/main.o
                0x08008708                _Z19cmd_serial1_serial3v
 .text._Z12cmd_but_testv
                0x080087a4       0x54 build/main.o
                0x080087a4                _Z12cmd_but_testv
 .text._Z17cmd_gpio_togglingv
                0x080087f8       0x6c build/main.o
                0x080087f8                _Z17cmd_gpio_togglingv
 .text._Z28cmd_sequential_gpio_togglingv
                0x08008864       0x74 build/main.o
                0x08008864                _Z28cmd_sequential_gpio_togglingv
 .text._Z23wait_for_low_transitionh
                0x080088d8       0x2c build/main.o
                0x080088d8                _Z23wait_for_low_transitionh
 .text._Z19cmd_gpio_monitoringv
                0x08008904       0xb8 build/main.o
                0x08008904                _Z19cmd_gpio_monitoringv
 .text._Z23test_single_pin_is_highiPKc
                0x080089bc       0x68 build/main.o
                0x080089bc                _Z23test_single_pin_is_highiPKc
 .text._Z11cmd_gpio_qav
                0x08008a24      0x14c build/main.o
                0x08008a24                _Z11cmd_gpio_qav
 .text._ZL17disableDebugPortsv
                0x08008b70       0x14 build/main.o
 .text._Z23cmd_debug_gpio_togglingv
                0x08008b84       0x6c build/main.o
                0x08008b84                _Z23cmd_debug_gpio_togglingv
 .text._Z34cmd_sequential_debug_gpio_togglingv
                0x08008bf0       0x98 build/main.o
                0x08008bf0                _Z34cmd_sequential_debug_gpio_togglingv
 .text._Z9fast_gpioi
                0x08008c88       0xe8 build/main.o
                0x08008c88                _Z9fast_gpioi
 .text._Z4loopv
                0x08008d70      0x2e8 build/main.o
                0x08008d70                _Z4loopv
 .text.main     0x08009058        0xc build/main.o
                0x08009058                main
 .text          0x08009064      0x370 /home/vdb/Documents/libs/libmaple/arm/bin/../lib/gcc/arm-none-eabi/4.4.1/thumb2/libgcc.a(_arm_addsubdf3.o)
                0x08009064                __aeabi_drsub
                0x0800906c                __aeabi_dsub
                0x0800906c                __subdf3
                0x08009070                __adddf3
                0x08009070                __aeabi_dadd
                0x080092e8                __aeabi_ui2d
                0x080092e8                __floatunsidf
                0x08009308                __floatsidf
                0x08009308                __aeabi_i2d
                0x0800932c                __extendsfdf2
                0x0800932c                __aeabi_f2d
                0x08009368                __aeabi_ul2d
                0x08009368                __floatundidf
                0x08009378                __floatdidf
                0x08009378                __aeabi_l2d
 .text          0x080093d4      0x424 /home/vdb/Documents/libs/libmaple/arm/bin/../lib/gcc/arm-none-eabi/4.4.1/thumb2/libgcc.a(_arm_muldivdf3.o)
                0x080093d4                __aeabi_dmul
                0x080093d4                __muldf3
                0x08009628                __aeabi_ddiv
                0x08009628                __divdf3
 .text          0x080097f8      0x110 /home/vdb/Documents/libs/libmaple/arm/bin/../lib/gcc/arm-none-eabi/4.4.1/thumb2/libgcc.a(_arm_cmpdf2.o)
                0x080097f8                __gtdf2
                0x080097f8                __gedf2
                0x08009800                __ltdf2
                0x08009800                __ledf2
                0x08009808                __cmpdf2
                0x08009808                __eqdf2
                0x08009808                __nedf2
                0x08009884                __aeabi_cdrcmple
                0x08009894                __aeabi_cdcmple
                0x08009894                __aeabi_cdcmpeq
                0x080098a4                __aeabi_dcmpeq
                0x080098b8                __aeabi_dcmplt
                0x080098cc                __aeabi_dcmple
                0x080098e0                __aeabi_dcmpge
                0x080098f4                __aeabi_dcmpgt
 .text          0x08009908       0x50 /home/vdb/Documents/libs/libmaple/arm/bin/../lib/gcc/arm-none-eabi/4.4.1/thumb2/libgcc.a(_arm_fixdfsi.o)
                0x08009908                __fixdfsi
                0x08009908                __aeabi_d2iz
 .text          0x08009958      0x21c /home/vdb/Documents/libs/libmaple/arm/bin/../lib/gcc/arm-none-eabi/4.4.1/thumb2/libgcc.a(_arm_addsubsf3.o)
                0x08009958                __aeabi_frsub
                0x08009960                __subsf3
                0x08009960                __aeabi_fsub
                0x08009964                __aeabi_fadd
                0x08009964                __addsf3
                0x08009ac4                __aeabi_ui2f
                0x08009ac4                __floatunsisf
                0x08009acc                __aeabi_i2f
                0x08009acc                __floatsisf
                0x08009ae8                __floatundisf
                0x08009ae8                __aeabi_ul2f
                0x08009af8                __floatdisf
                0x08009af8                __aeabi_l2f
 .text          0x08009b74      0x2a0 /home/vdb/Documents/libs/libmaple/arm/bin/../lib/gcc/arm-none-eabi/4.4.1/thumb2/libgcc.a(_arm_muldivsf3.o)
                0x08009b74                __mulsf3
                0x08009b74                __aeabi_fmul
                0x08009cdc                __divsf3
                0x08009cdc                __aeabi_fdiv
 .text          0x08009e14       0x2c /home/vdb/Documents/libs/libmaple/arm/bin/../lib/gcc/arm-none-eabi/4.4.1/thumb2/libgcc.a(_aeabi_uldivmod.o)
                0x08009e14                __aeabi_uldivmod
 .text          0x08009e40       0x3c /home/vdb/Documents/libs/libmaple/arm/bin/../lib/gcc/arm-none-eabi/4.4.1/thumb2/libgcc.a(_fixdfdi.o)
                0x08009e40                __aeabi_d2lz
                0x08009e40                __fixdfdi
 .text          0x08009e7c       0x44 /home/vdb/Documents/libs/libmaple/arm/bin/../lib/gcc/arm-none-eabi/4.4.1/thumb2/libgcc.a(_fixunsdfdi.o)
                0x08009e7c                __aeabi_d2ulz
                0x08009e7c                __fixunsdfdi
 .text          0x08009ec0       0x58 /home/vdb/Documents/libs/libmaple/arm/bin/../lib/gcc/arm-none-eabi/4.4.1/thumb2/libgcc.a(bpabi.o)
                0x08009ec0                __gnu_uldivmod_helper
                0x08009eec                __gnu_ldivmod_helper
 .text          0x08009f18        0x4 /home/vdb/Documents/libs/libmaple/arm/bin/../lib/gcc/arm-none-eabi/4.4.1/thumb2/libgcc.a(_dvmd_tls.o)
                0x08009f18                __aeabi_ldiv0
                0x08009f18                __aeabi_idiv0
 .text          0x08009f1c       0x40 /home/vdb/Documents/libs/libmaple/arm/bin/../lib/gcc/arm-none-eabi/4.4.1/thumb2/libgcc.a(_arm_fixunsdfsi.o)
                0x08009f1c                __fixunsdfsi
                0x08009f1c                __aeabi_d2uiz
 .text          0x08009f5c      0x364 /home/vdb/Documents/libs/libmaple/arm/bin/../lib/gcc/arm-none-eabi/4.4.1/thumb2/libgcc.a(_divdi3.o)
                0x08009f5c                __divdi3
 .text          0x0800a2c0      0x300 /home/vdb/Documents/libs/libmaple/arm/bin/../lib/gcc/arm-none-eabi/4.4.1/thumb2/libgcc.a(_udivdi3.o)
                0x0800a2c0                __udivdi3
 .text          0x0800a5c0      0x278 /home/vdb/Documents/libs/libmaple/arm/bin/../lib/gcc/arm-none-eabi/4.4.1/thumb2/libgcc.a(_udivsi3.o)
                0x0800a5c0                __udivsi3
                0x0800a5c0                __aeabi_uidiv
                0x0800a81c                __aeabi_uidivmod
 .text          0x0800a838       0x64 /home/vdb/Documents/libs/libmaple/arm/bin/../lib/gcc/arm-none-eabi/4.4.1/../../../../arm-none-eabi/lib/thumb2/libc.a(lib_a-memcmp.o)
                0x0800a838                memcmp
 .text          0x0800a89c       0x60 /home/vdb/Documents/libs/libmaple/arm/bin/../lib/gcc/arm-none-eabi/4.4.1/../../../../arm-none-eabi/lib/thumb2/libc.a(lib_a-strlen.o)
                0x0800a89c                strlen
 .text          0x0800a8fc        0x2 /home/vdb/Documents/libs/libmaple//support/ld/libcs3_stm32_med_density.a(stm32_isrs.o)
                0x0800a8fc                __stm32reservedexception9
                0x0800a8fc                __exc_debug_monitor
                0x0800a8fc                __irq_adc
                0x0800a8fc                __irq_can_rx1
                0x0800a8fc                __irq_spi2
                0x0800a8fc                __irq_can_sce
                0x0800a8fc                __irq_pvd
                0x0800a8fc                __irq_tamper
                0x0800a8fc                __default_handler
                0x0800a8fc                __irq_wwdg
                0x0800a8fc                __stm32reservedexception10
                0x0800a8fc                __irq_flash
                0x0800a8fc                __stm32reservedexception13
                0x0800a8fc                __irq_rtc
                0x0800a8fc                __irq_spi1
                0x0800a8fc                __stm32reservedexception7
                0x0800a8fc                __irq_usb_hp_can_tx
                0x0800a8fc                __irq_rtcalarm
                0x0800a8fc                __stm32reservedexception8
                0x0800a8fc                __irq_usbwakeup
                0x0800a8fc                __irq_rcc
 *fill*         0x0800a8fe        0x2 00
 .text          0x0800a900       0x10 /home/vdb/Documents/libs/libmaple//support/ld/libcs3_stm32_med_density.a(start.o)
                0x0800a900                _start
 .text          0x0800a910      0x108 /home/vdb/Documents/libs/libmaple//support/ld/libcs3_stm32_med_density.a(start_c.o)
                0x0800a910                __cs3_start_c
 .text          0x0800aa18       0x50 /home/vdb/Documents/libs/libmaple/arm/bin/../lib/gcc/arm-none-eabi/4.4.1/../../../../arm-none-eabi/lib/thumb2/libc.a(lib_a-init.o)
                0x0800aa18                __libc_init_array
 *(.plt)
 *(.gnu.warning)
 *(.glue_7t)
 .glue_7t       0x00000000        0x0 linker stubs
 *(.glue_7)
 .glue_7        0x00000000        0x0 linker stubs
 *(.vfp11_veneer)
 .vfp11_veneer  0x00000000        0x0 linker stubs
 *(.rodata .rodata.* .gnu.linkonce.r.*)
 .rodata.str1.1
                0x0800aa68       0x53 build//home/vdb/Documents/libs/libmaple//libmaple/exti.o
                                 0x5b (size before relaxing)
 *fill*         0x0800aabb        0x1 00
 .rodata.GPIOA  0x0800aabc        0x4 build//home/vdb/Documents/libs/libmaple//libmaple/gpio.o
                0x0800aabc                GPIOA
 .rodata.GPIOB  0x0800aac0        0x4 build//home/vdb/Documents/libs/libmaple//libmaple/gpio.o
                0x0800aac0                GPIOB
 .rodata.GPIOC  0x0800aac4        0x4 build//home/vdb/Documents/libs/libmaple//libmaple/gpio.o
                0x0800aac4                GPIOC
 .rodata.GPIOD  0x0800aac8        0x4 build//home/vdb/Documents/libs/libmaple//libmaple/gpio.o
                0x0800aac8                GPIOD
 .rodata.reset_regs.1519
                0x0800aacc        0x8 build//home/vdb/Documents/libs/libmaple//libmaple/rcc.o
 .rodata.str1.1
                0x0800aad4       0x6c build//home/vdb/Documents/libs/libmaple//libmaple/rcc.o
 .rodata.rcc_dev_table
                0x0800ab40       0x34 build//home/vdb/Documents/libs/libmaple//libmaple/rcc.o
 .rodata.masks.1536
                0x0800ab74       0x14 build//home/vdb/Documents/libs/libmaple//libmaple/rcc.o
 .rodata.enable_regs.1508
                0x0800ab88        0xc build//home/vdb/Documents/libs/libmaple//libmaple/rcc.o
 .rodata.str1.1
                0x0800ab94       0xb2 build//home/vdb/Documents/libs/libmaple//libmaple/timer.o
                                 0xb4 (size before relaxing)
 .rodata.str1.1
                0x0800ac46       0x16 build//home/vdb/Documents/libs/libmaple//libmaple/util.o
                                 0x1d (size before relaxing)
 .rodata.usbVcomDescriptor_iProduct
                0x0800ac5c       0x14 build//home/vdb/Documents/libs/libmaple//libmaple/usb/descriptors.o
                0x0800ac5c                usbVcomDescriptor_iProduct
 .rodata.usbVcomDescriptor_iManufacturer
                0x0800ac70       0x14 build//home/vdb/Documents/libs/libmaple//libmaple/usb/descriptors.o
                0x0800ac70                usbVcomDescriptor_iManufacturer
 .rodata.usbVcomDescriptor_Device
                0x0800ac84       0x14 build//home/vdb/Documents/libs/libmaple//libmaple/usb/descriptors.o
                0x0800ac84                usbVcomDescriptor_Device
 .rodata.usbVcomDescriptor_Config
                0x0800ac98       0x44 build//home/vdb/Documents/libs/libmaple//libmaple/usb/descriptors.o
                0x0800ac98                usbVcomDescriptor_Config
 .rodata.usbVcomDescriptor_LangID
                0x0800acdc        0x4 build//home/vdb/Documents/libs/libmaple//libmaple/usb/descriptors.o
                0x0800acdc                usbVcomDescriptor_LangID
 .rodata._ZTV5Print
                0x0800ace0       0x18 build//home/vdb/Documents/libs/libmaple//wirish/Print.o
                0x0800ace0                _ZTV5Print
 .rodata.str1.1
                0x0800acf8        0xf build//home/vdb/Documents/libs/libmaple//wirish/Print.o
                                 0x11 (size before relaxing)
 .rodata.str1.1
                0x0800ad07       0x61 build//home/vdb/Documents/libs/libmaple//wirish/comm/HardwareSerial.o
 .rodata._ZTV14HardwareSerial
                0x0800ad68       0x18 build//home/vdb/Documents/libs/libmaple//wirish/comm/HardwareSerial.o
                0x0800ad68                _ZTV14HardwareSerial
 .rodata.str1.1
                0x0800ad80       0x3c build//home/vdb/Documents/libs/libmaple//wirish/HardwareTimer.o
                                 0x3e (size before relaxing)
 *fill*         0x0800adbc        0x4 00
 .rodata._ZTV9USBSerial
                0x0800adc0       0x18 build//home/vdb/Documents/libs/libmaple//wirish/usb_serial.o
                0x0800adc0                _ZTV9USBSerial
 .rodata.str1.1
                0x0800add8       0x3d build//home/vdb/Documents/libs/libmaple//wirish/wirish_digital.o
                                 0x3f (size before relaxing)
 *fill*         0x0800ae15        0x3 00
 .rodata.ucExpectedStackBytes.3388
                0x0800ae18       0x14 build//home/vdb/Documents/libs/libmaple//libraries/FreeRTOS/utility/tasks.o
 .rodata._ZZ19cmd_serial1_serial3vE4C.29
                0x0800ae2c        0x8 build/main.o
 .rodata.str1.1
                0x0800ae34      0xe85 build/main.o
                                0xe96 (size before relaxing)
 *(.ARM.extab* .gnu.linkonce.armextab.*)
 *(.gcc_except_table)
 *(.eh_frame_hdr)
 *(.eh_frame)
                0x0800bcbc                . = ALIGN (0x4)
 *fill*         0x0800bcb9        0x3 00
 *(.init)
 .init          0x0800bcbc        0x4 /home/vdb/Documents/libs/libmaple/arm/bin/../lib/gcc/arm-none-eabi/4.4.1/thumb2/crti.o
                0x0800bcbc                _init
 .init          0x0800bcc0        0x8 /home/vdb/Documents/libs/libmaple/arm/bin/../lib/gcc/arm-none-eabi/4.4.1/thumb2/crtn.o
                0x0800bcc8                . = ALIGN (0x4)
                0x0800bcc8                __preinit_array_start = .
 *(.preinit_array)
                0x0800bcc8                __preinit_array_end = .
                0x0800bcc8                . = ALIGN (0x4)
                0x0800bcc8                __init_array_start = .
 *(SORT(.init_array.*))
 *(.init_array)
 .init_array    0x0800bcc8        0x4 /home/vdb/Documents/libs/libmaple/arm/bin/../lib/gcc/arm-none-eabi/4.4.1/thumb2/crtbegin.o
 .init_array    0x0800bccc        0x4 build//home/vdb/Documents/libs/libmaple//wirish/boards/maple.o
 .init_array    0x0800bcd0        0x4 build//home/vdb/Documents/libs/libmaple//wirish/comm/HardwareSerial.o
 .init_array    0x0800bcd4        0x4 build//home/vdb/Documents/libs/libmaple//wirish/HardwareTimer.o
 .init_array    0x0800bcd8        0x4 build//home/vdb/Documents/libs/libmaple//wirish/usb_serial.o
 .init_array    0x0800bcdc        0x4 build//home/vdb/Documents/libs/libmaple//libraries/Wire/Wire.o
 .init_array    0x0800bce0        0x4 build/main.o
                0x0800bce4                __init_array_end = .
                0x0800bce4                . = ALIGN (0x4)
 *crtbegin.o(.ctors)
 *(EXCLUDE_FILE(*crtend.o) .ctors)
 *(SORT(.ctors.*))
 *crtend.o(.ctors)
                0x0800bce4                . = ALIGN (0x4)
 *(.fini)
 .fini          0x0800bce4        0x4 /home/vdb/Documents/libs/libmaple/arm/bin/../lib/gcc/arm-none-eabi/4.4.1/thumb2/crti.o
                0x0800bce4                _fini
 .fini          0x0800bce8        0x8 /home/vdb/Documents/libs/libmaple/arm/bin/../lib/gcc/arm-none-eabi/4.4.1/thumb2/crtn.o
                0x0800bcf0                . = ALIGN (0x4)
                0x0800bcf0                __fini_array_start = .
 *(.fini_array)
 .fini_array    0x0800bcf0        0x4 /home/vdb/Documents/libs/libmaple/arm/bin/../lib/gcc/arm-none-eabi/4.4.1/thumb2/crtbegin.o
 *(SORT(.fini_array.*))
                0x0800bcf4                __fini_array_end = .
 *crtbegin.o(.dtors)
 *(EXCLUDE_FILE(*crtend.o) .dtors)
 *(SORT(.dtors.*))
 *crtend.o(.dtors)
                0x0800bcf4                . = ALIGN (0x4)
                0x0800bcf4                __cs3_regions = .
                0x0800bcf4        0x4 LONG 0x0
                0x0800bcf8        0x4 LONG 0x800bd38 __cs3_region_init_ram
                0x0800bcfc        0x4 LONG 0x20000c00 __cs3_region_start_ram
                0x0800bd00        0x4 LONG 0x670 __cs3_region_init_size_ram
                0x0800bd04        0x4 LONG 0x2a0 __cs3_region_zero_size_ram
                0x0800bd08                __exidx_start = .

.v4_bx          0x0800bd08        0x0
 .v4_bx         0x00000000        0x0 linker stubs

.ARM.exidx      0x0800bd08        0x8
 *(.ARM.exidx* .gnu.linkonce.armexidx.*)
 .ARM.exidx     0x0800bd08        0x8 /home/vdb/Documents/libs/libmaple/arm/bin/../lib/gcc/arm-none-eabi/4.4.1/thumb2/libgcc.a(_divdi3.o)
 .ARM.exidx     0x0800bd10        0x0 /home/vdb/Documents/libs/libmaple/arm/bin/../lib/gcc/arm-none-eabi/4.4.1/thumb2/libgcc.a(_udivdi3.o)
                                  0x8 (size before relaxing)
 .ARM.exidx     0x0800bd10        0x0 /home/vdb/Documents/libs/libmaple//support/ld/libcs3_stm32_med_density.a(start.o)
                                  0x8 (size before relaxing)
                0x0800bd10                __exidx_end = .

.text.align     0x0800bd10        0x0
                0x0800bd10                . = ALIGN (0x8)
                0x0800bd10                _etext = .

.USER_FLASH     0x0800bd10       0x28
 *(.USER_FLASH)
 .USER_FLASH    0x0800bd10       0x28 build//home/vdb/Documents/libs/libmaple//wirish/boards/maple.o
                0x0800bd10                boardPWMPins
                0x0800bd20                boardADCPins
                0x0800bd30                boardUsedPins
                0x08020000                __cs3_region_end_rom = (__cs3_region_start_rom + 0x1b000)
                0x0001b000                __cs3_region_size_rom = 0x1b000
                0x00000001                __cs3_region_num = 0x1

.data           0x20000c00      0x670 load address 0x0800bd38
                0x20000c00                ram_begin = DEFINED (RAM_BUILD)?.:.
 *(.cs3.region-head.ram_begin)
                0x20000c00                __cs3_region_start_ram = .
 *(.cs3.region-head.ram)
 *(.jcr)
 .jcr           0x20000c00        0x0 /home/vdb/Documents/libs/libmaple/arm/bin/../lib/gcc/arm-none-eabi/4.4.1/thumb2/crtbegin.o
 .jcr           0x20000c00        0x4 /home/vdb/Documents/libs/libmaple/arm/bin/../lib/gcc/arm-none-eabi/4.4.1/thumb2/crtend.o
 *(.got.plt)
 *(.got)
 *(.shdata)
 *(.data .data.* .gnu.linkonce.d.*)
 .data.adc1     0x20000c04        0x8 build//home/vdb/Documents/libs/libmaple//libmaple/adc.o
 .data.adc2     0x20000c0c        0x8 build//home/vdb/Documents/libs/libmaple//libmaple/adc.o
 .data.ADC1     0x20000c14        0x4 build//home/vdb/Documents/libs/libmaple//libmaple/adc.o
                0x20000c14                ADC1
 .data.ADC2     0x20000c18        0x4 build//home/vdb/Documents/libs/libmaple//libmaple/adc.o
                0x20000c18                ADC2
 .data.DMA1     0x20000c1c        0x4 build//home/vdb/Documents/libs/libmaple//libmaple/dma.o
                0x20000c1c                DMA1
 .data.dma1     0x20000c20       0x40 build//home/vdb/Documents/libs/libmaple//libmaple/dma.o
 .data.exti_channels
                0x20000c60       0x80 build//home/vdb/Documents/libs/libmaple//libmaple/exti.o
 .data.gpioa    0x20000ce0        0x8 build//home/vdb/Documents/libs/libmaple//libmaple/gpio.o
                0x20000ce0                gpioa
 .data.gpiob    0x20000ce8        0x8 build//home/vdb/Documents/libs/libmaple//libmaple/gpio.o
                0x20000ce8                gpiob
 .data.gpioc    0x20000cf0        0x8 build//home/vdb/Documents/libs/libmaple//libmaple/gpio.o
                0x20000cf0                gpioc
 .data.gpiod    0x20000cf8        0x8 build//home/vdb/Documents/libs/libmaple//libmaple/gpio.o
                0x20000cf8                gpiod
 .data.i2c_dev1
                0x20000d00       0x1c build//home/vdb/Documents/libs/libmaple//libmaple/i2c.o
 .data.i2c_dev2
                0x20000d1c       0x1c build//home/vdb/Documents/libs/libmaple//libmaple/i2c.o
 .data.timer3   0x20000d38       0x24 build//home/vdb/Documents/libs/libmaple//libmaple/timer.o
 .data.timer4   0x20000d5c       0x24 build//home/vdb/Documents/libs/libmaple//libmaple/timer.o
 .data.TIMER1   0x20000d80        0x4 build//home/vdb/Documents/libs/libmaple//libmaple/timer.o
                0x20000d80                TIMER1
 .data.TIMER2   0x20000d84        0x4 build//home/vdb/Documents/libs/libmaple//libmaple/timer.o
                0x20000d84                TIMER2
 .data.TIMER3   0x20000d88        0x4 build//home/vdb/Documents/libs/libmaple//libmaple/timer.o
                0x20000d88                TIMER3
 .data.TIMER4   0x20000d8c        0x4 build//home/vdb/Documents/libs/libmaple//libmaple/timer.o
                0x20000d8c                TIMER4
 .data.timer1   0x20000d90       0x28 build//home/vdb/Documents/libs/libmaple//libmaple/timer.o
 .data.timer2   0x20000db8       0x24 build//home/vdb/Documents/libs/libmaple//libmaple/timer.o
 .data.USART1   0x20000ddc        0x4 build//home/vdb/Documents/libs/libmaple//libmaple/usart.o
                0x20000ddc                USART1
 .data.USART2   0x20000de0        0x4 build//home/vdb/Documents/libs/libmaple//libmaple/usart.o
                0x20000de0                USART2
 .data.USART3   0x20000de4        0x4 build//home/vdb/Documents/libs/libmaple//libmaple/usart.o
                0x20000de4                USART3
 .data.usart1   0x20000de8       0x50 build//home/vdb/Documents/libs/libmaple//libmaple/usart.o
 .data.usart2   0x20000e38       0x50 build//home/vdb/Documents/libs/libmaple//libmaple/usart.o
 .data.usart3   0x20000e88       0x50 build//home/vdb/Documents/libs/libmaple//libmaple/usart.o
 .data.Device_Property
                0x20000ed8       0x30 build//home/vdb/Documents/libs/libmaple//libmaple/usb/usb.o
                0x20000ed8                Device_Property
 .data.pEpInt_IN
                0x20000f08       0x1c build//home/vdb/Documents/libs/libmaple//libmaple/usb/usb.o
                0x20000f08                pEpInt_IN
 .data.pEpInt_OUT
                0x20000f24       0x1c build//home/vdb/Documents/libs/libmaple//libmaple/usb/usb.o
                0x20000f24                pEpInt_OUT
 .data.User_Standard_Requests
                0x20000f40       0x24 build//home/vdb/Documents/libs/libmaple//libmaple/usb/usb.o
                0x20000f40                User_Standard_Requests
 .data.Device_Table
                0x20000f64        0x4 build//home/vdb/Documents/libs/libmaple//libmaple/usb/usb.o
                0x20000f64                Device_Table
 .data.Config_Descriptor
                0x20000f68        0x8 build//home/vdb/Documents/libs/libmaple//libmaple/usb/usb_callbacks.o
                0x20000f68                Config_Descriptor
 .data.maxNewBytes
                0x20000f70        0x4 build//home/vdb/Documents/libs/libmaple//libmaple/usb/usb_callbacks.o
                0x20000f70                maxNewBytes
 .data.Device_Descriptor
                0x20000f74        0x8 build//home/vdb/Documents/libs/libmaple//libmaple/usb/usb_callbacks.o
                0x20000f74                Device_Descriptor
 .data.String_Descriptor
                0x20000f7c       0x18 build//home/vdb/Documents/libs/libmaple//libmaple/usb/usb_callbacks.o
                0x20000f7c                String_Descriptor
 .data.line_coding
                0x20000f94        0x8 build//home/vdb/Documents/libs/libmaple//libmaple/usb/usb_callbacks.o
                0x20000f94                line_coding
 .data.PIN_MAP  0x20000f9c      0x2c0 build//home/vdb/Documents/libs/libmaple//wirish/boards/maple.o
                0x20000f9c                PIN_MAP
 .data.i2c_delay
                0x2000125c        0x4 build//home/vdb/Documents/libs/libmaple//libraries/Wire/Wire.o
                0x2000125c                i2c_delay
 .data.uxPreviousTask
                0x20001260        0x4 build//home/vdb/Documents/libs/libmaple//libraries/FreeRTOS/utility/tasks.o
 .data.dummy_data
                0x20001264        0x4 build/main.o
                0x20001264                dummy_data
 .data.debugGPIOPins
                0x20001268        0x8 build/main.o
                0x20001268                debugGPIOPins
 *(.ram)
                0x20001270                . = ALIGN (0x8)
                0x20001270                _edata = .

.bss            0x20001270      0x2a0 load address 0x0800c3a8
 *(.shbss)
 *(.bss .bss.* .gnu.linkonce.b.*)
 .bss           0x20001270        0x1 /home/vdb/Documents/libs/libmaple/arm/bin/../lib/gcc/arm-none-eabi/4.4.1/thumb2/crtbegin.o
 *fill*         0x20001271        0x3 00
 .bss.systick_user_callback
                0x20001274        0x4 build//home/vdb/Documents/libs/libmaple//libmaple/systick.o
 .bss.usart1_rb
                0x20001278        0xc build//home/vdb/Documents/libs/libmaple//libmaple/usart.o
 .bss.usart2_rb
                0x20001284        0xc build//home/vdb/Documents/libs/libmaple//libmaple/usart.o
 .bss.usart3_rb
                0x20001290        0xc build//home/vdb/Documents/libs/libmaple//libmaple/usart.o
 .bss.bIntPackSOF
                0x2000129c        0x4 build//home/vdb/Documents/libs/libmaple//libmaple/usb/usb.o
                0x2000129c                bIntPackSOF
 .bss.wIstr     0x200012a0        0x2 build//home/vdb/Documents/libs/libmaple//libmaple/usb/usb.o
                0x200012a0                wIstr
 *fill*         0x200012a2        0x2 00
 .bss.offset.2323
                0x200012a4        0x4 build//home/vdb/Documents/libs/libmaple//libmaple/usb/usb.o
 .bss.bDeviceState
                0x200012a8        0x4 build//home/vdb/Documents/libs/libmaple//libmaple/usb/usb.o
                0x200012a8                bDeviceState
 .bss.line_dtr_rts
                0x200012ac        0x1 build//home/vdb/Documents/libs/libmaple//libmaple/usb/usb_callbacks.o
                0x200012ac                line_dtr_rts
 *fill*         0x200012ad        0x3 00
 .bss.recvBufOut
                0x200012b0        0x4 build//home/vdb/Documents/libs/libmaple//libmaple/usb/usb_callbacks.o
                0x200012b0                recvBufOut
 .bss.reset_state
                0x200012b4        0x1 build//home/vdb/Documents/libs/libmaple//libmaple/usb/usb_callbacks.o
                0x200012b4                reset_state
 .bss.last_request
                0x200012b5        0x1 build//home/vdb/Documents/libs/libmaple//libmaple/usb/usb_callbacks.o
                0x200012b5                last_request
 *fill*         0x200012b6        0x2 00
 .bss.newBytes  0x200012b8        0x4 build//home/vdb/Documents/libs/libmaple//libmaple/usb/usb_callbacks.o
                0x200012b8                newBytes
 .bss.countTx   0x200012bc        0x4 build//home/vdb/Documents/libs/libmaple//libmaple/usb/usb_callbacks.o
                0x200012bc                countTx
 .bss.recvBufIn
                0x200012c0        0x4 build//home/vdb/Documents/libs/libmaple//libmaple/usb/usb_callbacks.o
                0x200012c0                recvBufIn
 .bss.Data_Mul_MaxPacketSize
                0x200012c4        0x1 build//home/vdb/Documents/libs/libmaple//libmaple/usb/usb_lib/usb_core.o
                0x200012c4                Data_Mul_MaxPacketSize
 *fill*         0x200012c5        0x3 00
 .bss.Serial1   0x200012c8       0x10 build//home/vdb/Documents/libs/libmaple//wirish/comm/HardwareSerial.o
                0x200012c8                Serial1
 .bss.Serial2   0x200012d8       0x10 build//home/vdb/Documents/libs/libmaple//wirish/comm/HardwareSerial.o
                0x200012d8                Serial2
 .bss.Serial3   0x200012e8       0x10 build//home/vdb/Documents/libs/libmaple//wirish/comm/HardwareSerial.o
                0x200012e8                Serial3
 .bss.Timer1    0x200012f8        0x4 build//home/vdb/Documents/libs/libmaple//wirish/HardwareTimer.o
                0x200012f8                Timer1
 .bss.Timer2    0x200012fc        0x4 build//home/vdb/Documents/libs/libmaple//wirish/HardwareTimer.o
                0x200012fc                Timer2
 .bss.Timer3    0x20001300        0x4 build//home/vdb/Documents/libs/libmaple//wirish/HardwareTimer.o
                0x20001300                Timer3
 .bss.Timer4    0x20001304        0x4 build//home/vdb/Documents/libs/libmaple//wirish/HardwareTimer.o
                0x20001304                Timer4
 .bss.SerialUSB
                0x20001308        0x4 build//home/vdb/Documents/libs/libmaple//wirish/usb_serial.o
                0x20001308                SerialUSB
 .bss.Wire      0x2000130c       0x48 build//home/vdb/Documents/libs/libmaple//libraries/Wire/Wire.o
                0x2000130c                Wire
 .bss.uxTopReadyPriority
                0x20001354        0x4 build//home/vdb/Documents/libs/libmaple//libraries/FreeRTOS/utility/tasks.o
 .bss.xTickCount
                0x20001358        0x4 build//home/vdb/Documents/libs/libmaple//libraries/FreeRTOS/utility/tasks.o
 .bss.pxReadyTasksLists
                0x2000135c       0x64 build//home/vdb/Documents/libs/libmaple//libraries/FreeRTOS/utility/tasks.o
 .bss.xTracing  0x200013c0        0x4 build//home/vdb/Documents/libs/libmaple//libraries/FreeRTOS/utility/tasks.o
 .bss.xMissedYield
                0x200013c4        0x4 build//home/vdb/Documents/libs/libmaple//libraries/FreeRTOS/utility/tasks.o
 .bss.pcTraceBuffer
                0x200013c8        0x4 build//home/vdb/Documents/libs/libmaple//libraries/FreeRTOS/utility/tasks.o
 .bss.pxCurrentTCB
                0x200013cc        0x4 build//home/vdb/Documents/libs/libmaple//libraries/FreeRTOS/utility/tasks.o
                0x200013cc                pxCurrentTCB
 .bss.uxSchedulerSuspended
                0x200013d0        0x4 build//home/vdb/Documents/libs/libmaple//libraries/FreeRTOS/utility/tasks.o
 .bss.pcTraceBufferEnd
                0x200013d4        0x4 build//home/vdb/Documents/libs/libmaple//libraries/FreeRTOS/utility/tasks.o
 .bss._ZL24init_all_timers_prescale
                0x200013d8        0x2 build/main.o
 *fill*         0x200013da        0x2 00
 .bss.gpio_state
                0x200013dc       0x2c build/main.o
                0x200013dc                gpio_state
 *(COMMON)
 COMMON         0x20001408        0x4 build//home/vdb/Documents/libs/libmaple//libmaple/systick.o
                0x20001408                systick_uptime_millis
 COMMON         0x2000140c        0x2 build//home/vdb/Documents/libs/libmaple//libmaple/usb/usb.o
                0x2000140c                ResumeS
 *fill*         0x2000140e        0x2 00
 COMMON         0x20001410       0xc0 build//home/vdb/Documents/libs/libmaple//libmaple/usb/usb_callbacks.o
                0x20001410                vcomBufferRx
 COMMON         0x200014d0        0x2 build//home/vdb/Documents/libs/libmaple//libmaple/usb/usb_lib/usb_core.o
                0x200014d0                StatusInfo
 *fill*         0x200014d2        0x2 00
 COMMON         0x200014d4       0x32 build//home/vdb/Documents/libs/libmaple//libmaple/usb/usb_lib/usb_init.o
                0x200014d4                SaveState
                0x200014d8                pProperty
                0x200014dc                EPindex
                0x200014e0                Device_Info
                0x200014fc                pUser_Standard_Requests
                0x20001500                pInformation
                0x20001504                wInterrupt_Mask
 COMMON         0x20001506        0x4 build//home/vdb/Documents/libs/libmaple//libmaple/usb/usb_lib/usb_int.o
                0x20001506                SaveRState
                0x20001508                SaveTState
 *(.ram.b)
                0x20001510                . = ALIGN (0x8)
 *fill*         0x2000150a        0x6 00
                0x20001510                _end = .
                0x20001510                __end = .
                0x20005000                __cs3_region_end_ram = (__cs3_region_start_ram + 0x4400)
                0x00004400                __cs3_region_size_ram = 0x4400
                0x0800bd38                __cs3_region_init_ram = LOADADDR (.data)
                0x00000670                __cs3_region_init_size_ram = (_edata - ADDR (.data))
                0x000002a0                __cs3_region_zero_size_ram = (_end - _edata)
                0x00000001                __cs3_region_num = 0x1

.stab
 *(.stab)

.stabstr
 *(.stabstr)

.debug
 *(.debug)

.line
 *(.line)

.debug_srcinfo
 *(.debug_srcinfo)

.debug_sfnames
 *(.debug_sfnames)

.comment        0x00000000      0x9e9
 .comment       0x00000000       0x2b build//home/vdb/Documents/libs/libmaple//libmaple/adc.o
 .comment       0x0000002b       0x2b build//home/vdb/Documents/libs/libmaple//libmaple/bkp.o
 .comment       0x00000056       0x2b build//home/vdb/Documents/libs/libmaple//libmaple/dac.o
 .comment       0x00000081       0x2b build//home/vdb/Documents/libs/libmaple//libmaple/dma.o
 .comment       0x000000ac       0x2b build//home/vdb/Documents/libs/libmaple//libmaple/exti.o
 .comment       0x000000d7       0x2b build//home/vdb/Documents/libs/libmaple//libmaple/flash.o
 .comment       0x00000102       0x2b build//home/vdb/Documents/libs/libmaple//libmaple/fsmc.o
 .comment       0x0000012d       0x2b build//home/vdb/Documents/libs/libmaple//libmaple/gpio.o
 .comment       0x00000158       0x2b build//home/vdb/Documents/libs/libmaple//libmaple/iwdg.o
 .comment       0x00000183       0x2b build//home/vdb/Documents/libs/libmaple//libmaple/nvic.o
 .comment       0x000001ae       0x2b build//home/vdb/Documents/libs/libmaple//libmaple/pwr.o
 .comment       0x000001d9       0x2b build//home/vdb/Documents/libs/libmaple//libmaple/i2c.o
 .comment       0x00000204       0x2b build//home/vdb/Documents/libs/libmaple//libmaple/rcc.o
 .comment       0x0000022f       0x2b build//home/vdb/Documents/libs/libmaple//libmaple/spi.o
 .comment       0x0000025a       0x2b build//home/vdb/Documents/libs/libmaple//libmaple/syscalls.o
 .comment       0x00000285       0x2b build//home/vdb/Documents/libs/libmaple//libmaple/systick.o
 .comment       0x000002b0       0x2b build//home/vdb/Documents/libs/libmaple//libmaple/timer.o
 .comment       0x000002db       0x2b build//home/vdb/Documents/libs/libmaple//libmaple/usart.o
 .comment       0x00000306       0x2b build//home/vdb/Documents/libs/libmaple//libmaple/util.o
 .comment       0x00000331       0x2b build//home/vdb/Documents/libs/libmaple//libmaple/usb/descriptors.o
 .comment       0x0000035c       0x2b build//home/vdb/Documents/libs/libmaple//libmaple/usb/usb.o
 .comment       0x00000387       0x2b build//home/vdb/Documents/libs/libmaple//libmaple/usb/usb_callbacks.o
 .comment       0x000003b2       0x2b build//home/vdb/Documents/libs/libmaple//libmaple/usb/usb_hardware.o
 .comment       0x000003dd       0x2b build//home/vdb/Documents/libs/libmaple//libmaple/usb/usb_lib/usb_core.o
 .comment       0x00000408       0x2b build//home/vdb/Documents/libs/libmaple//libmaple/usb/usb_lib/usb_init.o
 .comment       0x00000433       0x2b build//home/vdb/Documents/libs/libmaple//libmaple/usb/usb_lib/usb_int.o
 .comment       0x0000045e       0x2b build//home/vdb/Documents/libs/libmaple//libmaple/usb/usb_lib/usb_mem.o
 .comment       0x00000489       0x2b build//home/vdb/Documents/libs/libmaple//libmaple/usb/usb_lib/usb_regs.o
 .comment       0x000004b4       0x2b build//home/vdb/Documents/libs/libmaple//wirish/wirish_math.o
 .comment       0x000004df       0x2b build//home/vdb/Documents/libs/libmaple//wirish/Print.o
 .comment       0x0000050a       0x2b build//home/vdb/Documents/libs/libmaple//wirish/boards.o
 .comment       0x00000535       0x2b build//home/vdb/Documents/libs/libmaple//wirish/boards/maple.o
 .comment       0x00000560       0x2b build//home/vdb/Documents/libs/libmaple//wirish/boards/maple_mini.o
 .comment       0x0000058b       0x2b build//home/vdb/Documents/libs/libmaple//wirish/boards/maple_native.o
 .comment       0x000005b6       0x2b build//home/vdb/Documents/libs/libmaple//wirish/boards/maple_RET6.o
 .comment       0x000005e1       0x2b build//home/vdb/Documents/libs/libmaple//wirish/comm/HardwareSerial.o
 .comment       0x0000060c       0x2b build//home/vdb/Documents/libs/libmaple//wirish/comm/HardwareSPI.o
 .comment       0x00000637       0x2b build//home/vdb/Documents/libs/libmaple//wirish/HardwareTimer.o
 .comment       0x00000662       0x2b build//home/vdb/Documents/libs/libmaple//wirish/usb_serial.o
 .comment       0x0000068d       0x2b build//home/vdb/Documents/libs/libmaple//wirish/cxxabi-compat.o
 .comment       0x000006b8       0x2b build//home/vdb/Documents/libs/libmaple//wirish/wirish_shift.o
 .comment       0x000006e3       0x2b build//home/vdb/Documents/libs/libmaple//wirish/wirish_analog.o
 .comment       0x0000070e       0x2b build//home/vdb/Documents/libs/libmaple//wirish/wirish_time.o
 .comment       0x00000739       0x2b build//home/vdb/Documents/libs/libmaple//wirish/pwm.o
 .comment       0x00000764       0x2b build//home/vdb/Documents/libs/libmaple//wirish/ext_interrupts.o
 .comment       0x0000078f       0x2b build//home/vdb/Documents/libs/libmaple//wirish/wirish_digital.o
 .comment       0x000007ba       0x2b build//home/vdb/Documents/libs/libmaple//libraries/Servo/Servo.o
 .comment       0x000007e5       0x2b build//home/vdb/Documents/libs/libmaple//libraries/LiquidCrystal/LiquidCrystal.o
 .comment       0x00000810       0x2b build//home/vdb/Documents/libs/libmaple//libraries/Wire/Wire.o
 .comment       0x0000083b       0x2b build//home/vdb/Documents/libs/libmaple//libraries/FreeRTOS/utility/croutine.o
 .comment       0x00000866       0x2b build//home/vdb/Documents/libs/libmaple//libraries/FreeRTOS/utility/heap_2.o
 .comment       0x00000891       0x2b build//home/vdb/Documents/libs/libmaple//libraries/FreeRTOS/utility/list.o
 .comment       0x000008bc       0x2b build//home/vdb/Documents/libs/libmaple//libraries/FreeRTOS/utility/port.o
 .comment       0x000008e7       0x2b build//home/vdb/Documents/libs/libmaple//libraries/FreeRTOS/utility/queue.o
 .comment       0x00000912       0x2b build//home/vdb/Documents/libs/libmaple//libraries/FreeRTOS/utility/timers.o
 .comment       0x0000093d       0x2b build//home/vdb/Documents/libs/libmaple//libraries/FreeRTOS/utility/tasks.o
 .comment       0x00000968       0x2b build//home/vdb/Documents/libs/libmaple//libraries/FreeRTOS/MapleFreeRTOS.o
 .comment       0x00000993       0x2b build/main.o
 .comment       0x000009be       0x2b /home/vdb/Documents/libs/libmaple//support/ld/libcs3_stm32_med_density.a(start_c.o)

.debug_aranges  0x00000000     0x16d8
 *(.debug_aranges)
 .debug_aranges
                0x00000000       0x50 build//home/vdb/Documents/libs/libmaple//libmaple/adc.o
 .debug_aranges
                0x00000050       0x50 build//home/vdb/Documents/libs/libmaple//libmaple/bkp.o
 .debug_aranges
                0x000000a0       0xd0 build//home/vdb/Documents/libs/libmaple//libmaple/dma.o
 .debug_aranges
                0x00000170       0x90 build//home/vdb/Documents/libs/libmaple//libmaple/exti.o
 .debug_aranges
                0x00000200       0x28 build//home/vdb/Documents/libs/libmaple//libmaple/flash.o
 .debug_aranges
                0x00000228       0x48 build//home/vdb/Documents/libs/libmaple//libmaple/gpio.o
 .debug_aranges
                0x00000270       0x28 build//home/vdb/Documents/libs/libmaple//libmaple/iwdg.o
 .debug_aranges
                0x00000298       0x30 build//home/vdb/Documents/libs/libmaple//libmaple/nvic.o
 .debug_aranges
                0x000002c8       0x20 build//home/vdb/Documents/libs/libmaple//libmaple/pwr.o
 .debug_aranges
                0x000002e8       0xb8 build//home/vdb/Documents/libs/libmaple//libmaple/i2c.o
 .debug_aranges
                0x000003a0       0x48 build//home/vdb/Documents/libs/libmaple//libmaple/rcc.o
 .debug_aranges
                0x000003e8       0x88 build//home/vdb/Documents/libs/libmaple//libmaple/spi.o
 .debug_aranges
                0x00000470       0x80 build//home/vdb/Documents/libs/libmaple//libmaple/syscalls.o
 .debug_aranges
                0x000004f0       0x40 build//home/vdb/Documents/libs/libmaple//libmaple/systick.o
 .debug_aranges
                0x00000530       0xc0 build//home/vdb/Documents/libs/libmaple//libmaple/timer.o
 .debug_aranges
                0x000005f0       0x70 build//home/vdb/Documents/libs/libmaple//libmaple/usart.o
 .debug_aranges
                0x00000660       0x58 build//home/vdb/Documents/libs/libmaple//libmaple/util.o
 .debug_aranges
                0x000006b8       0xc8 build//home/vdb/Documents/libs/libmaple//libmaple/usb/usb.o
 .debug_aranges
                0x00000780       0xa0 build//home/vdb/Documents/libs/libmaple//libmaple/usb/usb_callbacks.o
 .debug_aranges
                0x00000820       0x30 build//home/vdb/Documents/libs/libmaple//libmaple/usb/usb_hardware.o
 .debug_aranges
                0x00000850       0x98 build//home/vdb/Documents/libs/libmaple//libmaple/usb/usb_lib/usb_core.o
 .debug_aranges
                0x000008e8       0x20 build//home/vdb/Documents/libs/libmaple//libmaple/usb/usb_lib/usb_init.o
 .debug_aranges
                0x00000908       0x28 build//home/vdb/Documents/libs/libmaple//libmaple/usb/usb_lib/usb_int.o
 .debug_aranges
                0x00000930       0x28 build//home/vdb/Documents/libs/libmaple//libmaple/usb/usb_lib/usb_mem.o
 .debug_aranges
                0x00000958      0x1f0 build//home/vdb/Documents/libs/libmaple//libmaple/usb/usb_lib/usb_regs.o
 .debug_aranges
                0x00000b48       0x30 build//home/vdb/Documents/libs/libmaple//wirish/wirish_math.o
 .debug_aranges
                0x00000b78       0xe0 build//home/vdb/Documents/libs/libmaple//wirish/Print.o
 .debug_aranges
                0x00000c58       0x40 build//home/vdb/Documents/libs/libmaple//wirish/boards.o
 .debug_aranges
                0x00000c98       0x28 build//home/vdb/Documents/libs/libmaple//wirish/boards/maple.o
 .debug_aranges
                0x00000cc0       0x68 build//home/vdb/Documents/libs/libmaple//wirish/comm/HardwareSerial.o
 .debug_aranges
                0x00000d28       0xb0 build//home/vdb/Documents/libs/libmaple//wirish/comm/HardwareSPI.o
 .debug_aranges
                0x00000dd8       0xb0 build//home/vdb/Documents/libs/libmaple//wirish/HardwareTimer.o
 .debug_aranges
                0x00000e88       0x98 build//home/vdb/Documents/libs/libmaple//wirish/usb_serial.o
 .debug_aranges
                0x00000f20       0x20 build//home/vdb/Documents/libs/libmaple//wirish/cxxabi-compat.o
 .debug_aranges
                0x00000f40       0x20 build//home/vdb/Documents/libs/libmaple//wirish/wirish_shift.o
 .debug_aranges
                0x00000f60       0x20 build//home/vdb/Documents/libs/libmaple//wirish/wirish_analog.o
 .debug_aranges
                0x00000f80       0x28 build//home/vdb/Documents/libs/libmaple//wirish/wirish_time.o
 .debug_aranges
                0x00000fa8       0x20 build//home/vdb/Documents/libs/libmaple//wirish/pwm.o
 .debug_aranges
                0x00000fc8       0x28 build//home/vdb/Documents/libs/libmaple//wirish/ext_interrupts.o
 .debug_aranges
                0x00000ff0       0x48 build//home/vdb/Documents/libs/libmaple//wirish/wirish_digital.o
 .debug_aranges
                0x00001038       0x78 build//home/vdb/Documents/libs/libmaple//libraries/Servo/Servo.o
 .debug_aranges
                0x000010b0      0x120 build//home/vdb/Documents/libs/libmaple//libraries/LiquidCrystal/LiquidCrystal.o
 .debug_aranges
                0x000011d0       0xe8 build//home/vdb/Documents/libs/libmaple//libraries/Wire/Wire.o
 .debug_aranges
                0x000012b8       0x38 build//home/vdb/Documents/libs/libmaple//libraries/FreeRTOS/utility/croutine.o
 .debug_aranges
                0x000012f0       0x38 build//home/vdb/Documents/libs/libmaple//libraries/FreeRTOS/utility/heap_2.o
 .debug_aranges
                0x00001328       0x40 build//home/vdb/Documents/libs/libmaple//libraries/FreeRTOS/utility/list.o
 .debug_aranges
                0x00001368       0x68 build//home/vdb/Documents/libs/libmaple//libraries/FreeRTOS/utility/port.o
 .debug_aranges
                0x000013d0       0xa0 build//home/vdb/Documents/libs/libmaple//libraries/FreeRTOS/utility/queue.o
 .debug_aranges
                0x00001470      0x120 build//home/vdb/Documents/libs/libmaple//libraries/FreeRTOS/utility/tasks.o
 .debug_aranges
                0x00001590       0x20 build//home/vdb/Documents/libs/libmaple//libraries/FreeRTOS/MapleFreeRTOS.o
 .debug_aranges
                0x000015b0      0x128 build/main.o

.debug_pubnames
                0x00000000     0x31ed
 *(.debug_pubnames)
 .debug_pubnames