Archive member included because of file (symbol)

/usr/local/libmaple/arm/bin/../lib/gcc/arm-none-eabi/4.4.1/thumb2/libgcc.a(_arm_addsubdf3.o)
                              build//usr/local/libmaple/wirish/Print.o (__aeabi_dsub)
/usr/local/libmaple/arm/bin/../lib/gcc/arm-none-eabi/4.4.1/thumb2/libgcc.a(_arm_muldivdf3.o)
                              build//usr/local/libmaple/wirish/Print.o (__aeabi_dmul)
/usr/local/libmaple/arm/bin/../lib/gcc/arm-none-eabi/4.4.1/thumb2/libgcc.a(_arm_cmpdf2.o)
                              build//usr/local/libmaple/wirish/Print.o (__aeabi_dcmplt)
/usr/local/libmaple/arm/bin/../lib/gcc/arm-none-eabi/4.4.1/thumb2/libgcc.a(_arm_fixdfsi.o)
                              build//usr/local/libmaple/wirish/Print.o (__aeabi_d2iz)
/usr/local/libmaple/arm/bin/../lib/gcc/arm-none-eabi/4.4.1/thumb2/libgcc.a(_aeabi_uldivmod.o)
                              build//usr/local/libmaple/wirish/Print.o (__aeabi_uldivmod)
/usr/local/libmaple/arm/bin/../lib/gcc/arm-none-eabi/4.4.1/thumb2/libgcc.a(_fixdfdi.o)
                              build//usr/local/libmaple/wirish/Print.o (__aeabi_d2lz)
/usr/local/libmaple/arm/bin/../lib/gcc/arm-none-eabi/4.4.1/thumb2/libgcc.a(_fixunsdfdi.o)
                              /usr/local/libmaple/arm/bin/../lib/gcc/arm-none-eabi/4.4.1/thumb2/libgcc.a(_fixdfdi.o) (__aeabi_d2ulz)
/usr/local/libmaple/arm/bin/../lib/gcc/arm-none-eabi/4.4.1/thumb2/libgcc.a(bpabi.o)
                              /usr/local/libmaple/arm/bin/../lib/gcc/arm-none-eabi/4.4.1/thumb2/libgcc.a(_aeabi_uldivmod.o) (__gnu_uldivmod_helper)
/usr/local/libmaple/arm/bin/../lib/gcc/arm-none-eabi/4.4.1/thumb2/libgcc.a(_dvmd_tls.o)
                              /usr/local/libmaple/arm/bin/../lib/gcc/arm-none-eabi/4.4.1/thumb2/libgcc.a(_aeabi_uldivmod.o) (__aeabi_ldiv0)
/usr/local/libmaple/arm/bin/../lib/gcc/arm-none-eabi/4.4.1/thumb2/libgcc.a(_arm_fixunsdfsi.o)
                              /usr/local/libmaple/arm/bin/../lib/gcc/arm-none-eabi/4.4.1/thumb2/libgcc.a(_fixunsdfdi.o) (__aeabi_d2uiz)
/usr/local/libmaple/arm/bin/../lib/gcc/arm-none-eabi/4.4.1/thumb2/libgcc.a(_divdi3.o)
                              /usr/local/libmaple/arm/bin/../lib/gcc/arm-none-eabi/4.4.1/thumb2/libgcc.a(bpabi.o) (__divdi3)
/usr/local/libmaple/arm/bin/../lib/gcc/arm-none-eabi/4.4.1/thumb2/libgcc.a(_udivdi3.o)
                              /usr/local/libmaple/arm/bin/../lib/gcc/arm-none-eabi/4.4.1/thumb2/libgcc.a(bpabi.o) (__udivdi3)
/usr/local/libmaple/arm/bin/../lib/gcc/arm-none-eabi/4.4.1/thumb2/libgcc.a(_udivsi3.o)
                              /usr/local/libmaple/arm/bin/../lib/gcc/arm-none-eabi/4.4.1/thumb2/libgcc.a(_divdi3.o) (__aeabi_uidiv)
/usr/local/libmaple/arm/bin/../lib/gcc/arm-none-eabi/4.4.1/../../../../arm-none-eabi/lib/thumb2/libc.a(lib_a-memcmp.o)
                              build//usr/local/libmaple/libraries/FreeRTOS/utility/tasks.o (memcmp)
/usr/local/libmaple/arm/bin/../lib/gcc/arm-none-eabi/4.4.1/../../../../arm-none-eabi/lib/thumb2/libc.a(lib_a-memcpy.o)
                              build//usr/local/libmaple/libraries/FreeRTOS/utility/queue.o (memcpy)
/usr/local/libmaple/arm/bin/../lib/gcc/arm-none-eabi/4.4.1/../../../../arm-none-eabi/lib/thumb2/libc.a(lib_a-memset.o)
                              build//usr/local/libmaple/libraries/FreeRTOS/utility/tasks.o (memset)
/usr/local/libmaple/arm/bin/../lib/gcc/arm-none-eabi/4.4.1/../../../../arm-none-eabi/lib/thumb2/libc.a(lib_a-rand.o)
                              build//usr/local/libmaple/wirish/wirish_math.o (rand)
/usr/local/libmaple/arm/bin/../lib/gcc/arm-none-eabi/4.4.1/../../../../arm-none-eabi/lib/thumb2/libc.a(lib_a-sprintf.o)
                              build//usr/local/libmaple/libraries/FreeRTOS/utility/tasks.o (sprintf)
/usr/local/libmaple/arm/bin/../lib/gcc/arm-none-eabi/4.4.1/../../../../arm-none-eabi/lib/thumb2/libc.a(lib_a-strcat.o)
                              build//usr/local/libmaple/libraries/FreeRTOS/utility/tasks.o (strcat)
/usr/local/libmaple/arm/bin/../lib/gcc/arm-none-eabi/4.4.1/../../../../arm-none-eabi/lib/thumb2/libc.a(lib_a-strlen.o)
                              build//usr/local/libmaple/wirish/usb_serial.o (strlen)
/usr/local/libmaple/arm/bin/../lib/gcc/arm-none-eabi/4.4.1/../../../../arm-none-eabi/lib/thumb2/libc.a(lib_a-strncpy.o)
                              build//usr/local/libmaple/libraries/FreeRTOS/utility/tasks.o (strncpy)
/usr/local/libmaple/arm/bin/../lib/gcc/arm-none-eabi/4.4.1/../../../../arm-none-eabi/lib/thumb2/libc.a(lib_a-svfprintf.o)
                              /usr/local/libmaple/arm/bin/../lib/gcc/arm-none-eabi/4.4.1/../../../../arm-none-eabi/lib/thumb2/libc.a(lib_a-sprintf.o) (_svfprintf_r)
/usr/local/libmaple/arm/bin/../lib/gcc/arm-none-eabi/4.4.1/../../../../arm-none-eabi/lib/thumb2/libc.a(lib_a-dtoa.o)
                              /usr/local/libmaple/arm/bin/../lib/gcc/arm-none-eabi/4.4.1/../../../../arm-none-eabi/lib/thumb2/libc.a(lib_a-svfprintf.o) (_dtoa_r)
[...]
Memory Configuration

Name             Origin             Length             Attributes
ram              0x20000c00         0x00004400         xrw
rom              0x08005000         0x0001b000         xr
*default*        0x00000000         0xffffffff

Linker script and memory map

LOAD /usr/local/libmaple/arm/bin/../lib/gcc/arm-none-eabi/4.4.1/thumb2/crti.o
LOAD /usr/local/libmaple/arm/bin/../lib/gcc/arm-none-eabi/4.4.1/thumb2/crtbegin.o
LOAD build//usr/local/libmaple/libmaple/adc.o
LOAD build//usr/local/libmaple/libmaple/bkp.o
LOAD build//usr/local/libmaple/libmaple/dac.o
LOAD build//usr/local/libmaple/libmaple/dma.o
LOAD build//usr/local/libmaple/libmaple/exti.o
LOAD build//usr/local/libmaple/libmaple/flash.o
LOAD build//usr/local/libmaple/libmaple/fsmc.o
LOAD build//usr/local/libmaple/libmaple/gpio.o
LOAD build//usr/local/libmaple/libmaple/iwdg.o
LOAD build//usr/local/libmaple/libmaple/nvic.o
LOAD build//usr/local/libmaple/libmaple/pwr.o
LOAD build//usr/local/libmaple/libmaple/i2c.o
LOAD build//usr/local/libmaple/libmaple/rcc.o
LOAD build//usr/local/libmaple/libmaple/spi.o
LOAD build//usr/local/libmaple/libmaple/syscalls.o
LOAD build//usr/local/libmaple/libmaple/systick.o
LOAD build//usr/local/libmaple/libmaple/timer.o
LOAD build//usr/local/libmaple/libmaple/usart.o
LOAD build//usr/local/libmaple/libmaple/util.o
LOAD build//usr/local/libmaple/libmaple/usb/descriptors.o
LOAD build//usr/local/libmaple/libmaple/usb/usb.o
LOAD build//usr/local/libmaple/libmaple/usb/usb_callbacks.o
LOAD build//usr/local/libmaple/libmaple/usb/usb_hardware.o
LOAD build//usr/local/libmaple/libmaple/usb/usb_lib/usb_core.o
LOAD build//usr/local/libmaple/libmaple/usb/usb_lib/usb_init.o
LOAD build//usr/local/libmaple/libmaple/usb/usb_lib/usb_int.o
LOAD build//usr/local/libmaple/libmaple/usb/usb_lib/usb_mem.o
LOAD build//usr/local/libmaple/libmaple/usb/usb_lib/usb_regs.o
LOAD build//usr/local/libmaple/libmaple/exc.o
LOAD build//usr/local/libmaple/wirish/wirish_math.o
LOAD build//usr/local/libmaple/wirish/Print.o
LOAD build//usr/local/libmaple/wirish/boards.o
LOAD build//usr/local/libmaple/wirish/boards/maple.o
LOAD build//usr/local/libmaple/wirish/boards/maple_mini.o
LOAD build//usr/local/libmaple/wirish/boards/maple_native.o
LOAD build//usr/local/libmaple/wirish/boards/maple_RET6.o
LOAD build//usr/local/libmaple/wirish/comm/HardwareSerial.o
LOAD build//usr/local/libmaple/wirish/comm/HardwareSPI.o
LOAD build//usr/local/libmaple/wirish/HardwareTimer.o
LOAD build//usr/local/libmaple/wirish/usb_serial.o
LOAD build//usr/local/libmaple/wirish/cxxabi-compat.o
LOAD build//usr/local/libmaple/wirish/wirish_shift.o
LOAD build//usr/local/libmaple/wirish/wirish_analog.o
LOAD build//usr/local/libmaple/wirish/wirish_time.o
LOAD build//usr/local/libmaple/wirish/pwm.o
LOAD build//usr/local/libmaple/wirish/ext_interrupts.o
LOAD build//usr/local/libmaple/wirish/wirish_digital.o
LOAD build//usr/local/libmaple/libraries/Servo/Servo.o
LOAD build//usr/local/libmaple/libraries/LiquidCrystal/LiquidCrystal.o
LOAD build//usr/local/libmaple/libraries/Wire/Wire.o
LOAD build//usr/local/libmaple/libraries/FreeRTOS/utility/croutine.o
LOAD build//usr/local/libmaple/libraries/FreeRTOS/utility/heap_2.o
LOAD build//usr/local/libmaple/libraries/FreeRTOS/utility/list.o
LOAD build//usr/local/libmaple/libraries/FreeRTOS/utility/port.o
LOAD build//usr/local/libmaple/libraries/FreeRTOS/utility/queue.o
LOAD build//usr/local/libmaple/libraries/FreeRTOS/utility/timers.o
LOAD build//usr/local/libmaple/libraries/FreeRTOS/utility/tasks.o
LOAD build//usr/local/libmaple/libraries/FreeRTOS/MapleFreeRTOS.o
LOAD build/main.o
LOAD /usr/local/libmaple/arm/bin/../lib/gcc/arm-none-eabi/4.4.1/../../../../arm-none-eabi/lib/thumb2/libstdc++.a
LOAD /usr/local/libmaple/arm/bin/../lib/gcc/arm-none-eabi/4.4.1/../../../../arm-none-eabi/lib/thumb2/libm.a
START GROUP
LOAD /usr/local/libmaple/arm/bin/../lib/gcc/arm-none-eabi/4.4.1/thumb2/libgcc.a
LOAD /usr/local/libmaple/arm/bin/../lib/gcc/arm-none-eabi/4.4.1/../../../../arm-none-eabi/lib/thumb2/libc.a
END GROUP
LOAD /usr/local/libmaple/arm/bin/../lib/gcc/arm-none-eabi/4.4.1/thumb2/crtend.o
LOAD /usr/local/libmaple/arm/bin/../lib/gcc/arm-none-eabi/4.4.1/thumb2/crtn.o
START GROUP
LOAD /usr/local/libmaple/support/ld/libcs3_stm32_med_density.a
END GROUP
START GROUP
LOAD /usr/local/libmaple/arm/bin/../lib/gcc/arm-none-eabi/4.4.1/thumb2/libgcc.a
LOAD /usr/local/libmaple/arm/bin/../lib/gcc/arm-none-eabi/4.4.1/../../../../arm-none-eabi/lib/thumb2/libc.a
LOAD /usr/local/libmaple/arm/bin/../lib/gcc/arm-none-eabi/4.4.1/../../../../arm-none-eabi/lib/thumb2/libm.a
END GROUP
                0x20005000                PROVIDE (__cs3_stack, (__cs3_region_start_ram + __cs3_region_size_ram))
                0x0800884c                PROVIDE (__cs3_reset, _start)
                0x200014f0                PROVIDE (__cs3_heap_start, _end)
                0x20005000                PROVIDE (__cs3_heap_end, (__cs3_region_start_ram + 0x4400))

.text           0x08005000     0x3d58
 CREATE_OBJECT_SYMBOLS
                0x08005000                __cs3_region_start_rom = .
 *(.cs3.region-head.rom)
                0x08005000                __cs3_interrupt_vector = __cs3_stm32_vector_table
 *(.cs3.interrupt_vector)
 .cs3.interrupt_vector
                0x08005000       0xec /usr/local/libmaple/support/ld/libcs3_stm32_med_density.a(stm32_vector_table.o)
                0x08005000                __cs3_stm32_vector_table
                0x08005001                ASSERT ((. != __cs3_stm32_vector_table), No interrupt vector)
 *(.rom)
 *(.rom.b)
 *(.rom)
 *(.rom.b)
 *(.text .text.* .gnu.linkonce.t.*)
 .text          0x080050ec       0x30 /usr/local/libmaple/arm/bin/../lib/gcc/arm-none-eabi/4.4.1/thumb2/crtbegin.o
 .text.adc_set_extsel
                0x0800511c       0x10 build//usr/local/libmaple/libmaple/adc.o
                0x0800511c                adc_set_extsel
 .text.adc_foreach
                0x0800512c       0x1c build//usr/local/libmaple/libmaple/adc.o
                0x0800512c                adc_foreach
 .text.adc_set_sample_rate
                0x08005148       0x2e build//usr/local/libmaple/libmaple/adc.o
                0x08005148                adc_set_sample_rate
 .text.adc_init
                0x08005176       0x14 build//usr/local/libmaple/libmaple/adc.o
                0x08005176                adc_init
 .text.bb_perip
                0x0800518a        0xc build//usr/local/libmaple/libmaple/adc.o
 .text.adc_calibrate
                0x08005196       0x2e build//usr/local/libmaple/libmaple/adc.o
                0x08005196                adc_calibrate
 .text.dma_clear_isr_bits
                0x080051c4       0x10 build//usr/local/libmaple/libmaple/dma.o
 .text.dispatch_handler
                0x080051d4       0x1c build//usr/local/libmaple/libmaple/dma.o
 .text.__irq_dma1_channel1
                0x080051f0       0x10 build//usr/local/libmaple/libmaple/dma.o
                0x080051f0                __irq_dma1_channel1
 .text.__irq_dma1_channel2
                0x08005200       0x10 build//usr/local/libmaple/libmaple/dma.o
                0x08005200                __irq_dma1_channel2
 .text.__irq_dma1_channel3
                0x08005210       0x10 build//usr/local/libmaple/libmaple/dma.o
                0x08005210                __irq_dma1_channel3
 .text.__irq_dma1_channel4
                0x08005220       0x10 build//usr/local/libmaple/libmaple/dma.o
                0x08005220                __irq_dma1_channel4
 .text.__irq_dma1_channel5
                0x08005230       0x10 build//usr/local/libmaple/libmaple/dma.o
                0x08005230                __irq_dma1_channel5
 .text.__irq_dma1_channel6
                0x08005240       0x10 build//usr/local/libmaple/libmaple/dma.o
                0x08005240                __irq_dma1_channel6
 .text.__irq_dma1_channel7
                0x08005250       0x10 build//usr/local/libmaple/libmaple/dma.o
                0x08005250                __irq_dma1_channel7
 .text.__bb_addr
                0x08005260        0xc build//usr/local/libmaple/libmaple/exti.o
 .text.bb_perip
                0x0800526c        0xc build//usr/local/libmaple/libmaple/exti.o
 .text.clear_pending
                0x08005278       0x18 build//usr/local/libmaple/libmaple/exti.o
 .text.dispatch_handler
                0x08005290       0x30 build//usr/local/libmaple/libmaple/exti.o
 .text.__irq_exti15_10
                0x080052c0       0x30 build//usr/local/libmaple/libmaple/exti.o
                0x080052c0                __irq_exti15_10
 .text.__irq_exti9_5
                0x080052f0       0x30 build//usr/local/libmaple/libmaple/exti.o
                0x080052f0                __irq_exti9_5
 .text.__irq_exti4
                0x08005320       0x12 build//usr/local/libmaple/libmaple/exti.o
                0x08005320                __irq_exti4
 .text.__irq_exti3
                0x08005332       0x12 build//usr/local/libmaple/libmaple/exti.o
                0x08005332                __irq_exti3
 .text.__irq_exti2
                0x08005344       0x12 build//usr/local/libmaple/libmaple/exti.o
                0x08005344                __irq_exti2
 .text.__irq_exti1
                0x08005356       0x12 build//usr/local/libmaple/libmaple/exti.o
                0x08005356                __irq_exti1
 .text.__irq_exti0
                0x08005368       0x12 build//usr/local/libmaple/libmaple/exti.o
                0x08005368                __irq_exti0
 *fill*         0x0800537a        0x2 00
 .text.flash_set_latency
                0x0800537c       0x14 build//usr/local/libmaple/libmaple/flash.o
                0x0800537c                flash_set_latency
 .text.flash_enable_prefetch
                0x08005390        0xc build//usr/local/libmaple/libmaple/flash.o
                0x08005390                flash_enable_prefetch
 .text.gpio_set_mode
                0x0800539c       0x56 build//usr/local/libmaple/libmaple/gpio.o
                0x0800539c                gpio_set_mode
 .text.afio_init
                0x080053f2       0x12 build//usr/local/libmaple/libmaple/gpio.o
                0x080053f2                afio_init
 .text.gpio_init
                0x08005404       0x14 build//usr/local/libmaple/libmaple/gpio.o
                0x08005404                gpio_init
 .text.gpio_init_all
                0x08005418       0x30 build//usr/local/libmaple/libmaple/gpio.o
                0x08005418                gpio_init_all
 .text.nvic_irq_set_priority
                0x08005448       0x2c build//usr/local/libmaple/libmaple/nvic.o
                0x08005448                nvic_irq_set_priority
 .text.nvic_set_vector_table
                0x08005474       0x14 build//usr/local/libmaple/libmaple/nvic.o
                0x08005474                nvic_set_vector_table
 .text.nvic_init
                0x08005488       0x24 build//usr/local/libmaple/libmaple/nvic.o
                0x08005488                nvic_init
 .text.i2c_write
                0x080054ac        0x6 build//usr/local/libmaple/libmaple/i2c.o
 .text.i2c_start_condition
                0x080054b2       0x14 build//usr/local/libmaple/libmaple/i2c.o
 .text.i2c_stop_condition
                0x080054c6       0x1c build//usr/local/libmaple/libmaple/i2c.o
 .text.i2c_enable_irq
                0x080054e2        0xc build//usr/local/libmaple/libmaple/i2c.o
 .text.i2c_disable_irq
                0x080054ee        0xc build//usr/local/libmaple/libmaple/i2c.o
 .text.i2c_disable_ack
                0x080054fa        0xc build//usr/local/libmaple/libmaple/i2c.o
 .text.i2c_irq_error_handler
                0x08005506       0x2a build//usr/local/libmaple/libmaple/i2c.o
 .text.__irq_i2c1_er
                0x08005530        0xc build//usr/local/libmaple/libmaple/i2c.o
                0x08005530                __irq_i2c1_er
 .text.__irq_i2c2_er
                0x0800553c        0xc build//usr/local/libmaple/libmaple/i2c.o
                0x0800553c                __irq_i2c2_er
 .text.i2c_irq_handler
                0x08005548      0x158 build//usr/local/libmaple/libmaple/i2c.o
 .text.__irq_i2c2_ev
                0x080056a0        0xc build//usr/local/libmaple/libmaple/i2c.o
                0x080056a0                __irq_i2c2_ev
 .text.__irq_i2c1_ev
                0x080056ac        0xc build//usr/local/libmaple/libmaple/i2c.o
                0x080056ac                __irq_i2c1_ev
 .text.rcc_set_prescaler
                0x080056b8       0x20 build//usr/local/libmaple/libmaple/rcc.o
                0x080056b8                rcc_set_prescaler
 .text.rcc_clk_init
                0x080056d8       0x64 build//usr/local/libmaple/libmaple/rcc.o
                0x080056d8                rcc_clk_init
 .text.bb_peri_set_bit
                0x0800573c        0xe build//usr/local/libmaple/libmaple/rcc.o
 *fill*         0x0800574a        0x2 00
 .text.rcc_reset_dev
                0x0800574c       0x34 build//usr/local/libmaple/libmaple/rcc.o
                0x0800574c                rcc_reset_dev
 .text.rcc_clk_enable
                0x08005780       0x20 build//usr/local/libmaple/libmaple/rcc.o
                0x08005780                rcc_clk_enable
 .text.systick_enable
                0x080057a0        0xc build//usr/local/libmaple/libmaple/systick.o
                0x080057a0                systick_enable
 .text.systick_init
                0x080057ac        0xc build//usr/local/libmaple/libmaple/systick.o
                0x080057ac                systick_init
 .text.__exc_systick
                0x080057b8       0x1c build//usr/local/libmaple/libmaple/systick.o
                0x080057b8                __exc_systick
 .text.timer_oc_set_mode
                0x080057d4       0x34 build//usr/local/libmaple/libmaple/timer.o
 .text.timer_disable
                0x08005808       0x12 build//usr/local/libmaple/libmaple/timer.o
                0x08005808                timer_disable
 *fill*         0x0800581a        0x2 00
 .text.timer_foreach
                0x0800581c       0x30 build//usr/local/libmaple/libmaple/timer.o
                0x0800581c                timer_foreach
 .text.dispatch_cc_irqs
                0x0800584c       0x5c build//usr/local/libmaple/libmaple/timer.o
 .text.__irq_tim1_cc
                0x080058a8        0xc build//usr/local/libmaple/libmaple/timer.o
                0x080058a8                __irq_tim1_cc
 .text.timer_init
                0x080058b4       0x14 build//usr/local/libmaple/libmaple/timer.o
                0x080058b4                timer_init
 .text.bb_perip
                0x080058c8        0xc build//usr/local/libmaple/libmaple/timer.o
 .text.timer_disable_irq
                0x080058d4       0x10 build//usr/local/libmaple/libmaple/timer.o
 .text.timer_detach_interrupt
                0x080058e4       0x14 build//usr/local/libmaple/libmaple/timer.o
                0x080058e4                timer_detach_interrupt
 .text.timer_cc_enable
                0x080058f8       0x14 build//usr/local/libmaple/libmaple/timer.o
 .text.timer_set_mode
                0x0800590c       0x90 build//usr/local/libmaple/libmaple/timer.o
                0x0800590c                timer_set_mode
 .text.dispatch_irq
                0x0800599c       0x2a build//usr/local/libmaple/libmaple/timer.o
 *fill*         0x080059c6        0x2 00
 .text.__irq_tim1_trg_com
                0x080059c8       0x24 build//usr/local/libmaple/libmaple/timer.o
                0x080059c8                __irq_tim1_trg_com
 .text.__irq_tim1_up
                0x080059ec       0x10 build//usr/local/libmaple/libmaple/timer.o
                0x080059ec                __irq_tim1_up
 .text.__irq_tim1_brk
                0x080059fc       0x10 build//usr/local/libmaple/libmaple/timer.o
                0x080059fc                __irq_tim1_brk
 .text.dispatch_general
                0x08005a0c       0x20 build//usr/local/libmaple/libmaple/timer.o
 .text.__irq_tim4
                0x08005a2c        0xc build//usr/local/libmaple/libmaple/timer.o
                0x08005a2c                __irq_tim4
 .text.__irq_tim3
                0x08005a38        0xc build//usr/local/libmaple/libmaple/timer.o
                0x08005a38                __irq_tim3
 .text.__irq_tim2
                0x08005a44        0xc build//usr/local/libmaple/libmaple/timer.o
                0x08005a44                __irq_tim2
 .text.usart_set_baud_rate
                0x08005a50       0x34 build//usr/local/libmaple/libmaple/usart.o
                0x08005a50                usart_set_baud_rate
 .text.usart_disable
                0x08005a84       0x22 build//usr/local/libmaple/libmaple/usart.o
                0x08005a84                usart_disable
 *fill*         0x08005aa6        0x2 00
 .text.usart_foreach
                0x08005aa8       0x24 build//usr/local/libmaple/libmaple/usart.o
                0x08005aa8                usart_foreach
 .text.usart_tx
                0x08005acc       0x1c build//usr/local/libmaple/libmaple/usart.o
                0x08005acc                usart_tx
 .text.usart_putudec
                0x08005ae8       0x42 build//usr/local/libmaple/libmaple/usart.o
                0x08005ae8                usart_putudec
 .text.usart_irq
                0x08005b2a       0x4c build//usr/local/libmaple/libmaple/usart.o
 *fill*         0x08005b76        0x2 00
 .text.__irq_usart1
                0x08005b78        0xc build//usr/local/libmaple/libmaple/usart.o
                0x08005b78                __irq_usart1
 .text.__irq_usart2
                0x08005b84        0xc build//usr/local/libmaple/libmaple/usart.o
                0x08005b84                __irq_usart2
 .text.__irq_usart3
                0x08005b90        0xc build//usr/local/libmaple/libmaple/usart.o
                0x08005b90                __irq_usart3
 .text.usart_init
                0x08005b9c       0x44 build//usr/local/libmaple/libmaple/usart.o
                0x08005b9c                usart_init
 .text.nvic_irq_enable
                0x08005be0       0x1c build//usr/local/libmaple/libmaple/util.o
 .text.usart_putc
                0x08005bfc       0x18 build//usr/local/libmaple/libmaple/util.o
 .text.usart_putstr
                0x08005c14       0x1a build//usr/local/libmaple/libmaple/util.o
 .text.T.12     0x08005c2e       0x10 build//usr/local/libmaple/libmaple/util.o
 *fill*         0x08005c3e        0x2 00
 .text.throb    0x08005c40       0x4c build//usr/local/libmaple/libmaple/util.o
                0x08005c40                throb
 .text.__error  0x08005c8c       0x48 build//usr/local/libmaple/libmaple/util.o
                0x08005c8c                __error
 .text._fail    0x08005cd4       0x8c build//usr/local/libmaple/libmaple/util.o
                0x08005cd4                _fail
 .text.adc_disable
                0x08005d60       0x12 build//usr/local/libmaple/libmaple/util.o
 *fill*         0x08005d72        0x2 00
 .text.usbSuspend
                0x08005d74       0x1c build//usr/local/libmaple/libmaple/usb/usb.o
                0x08005d74                usbSuspend
 .text.usbResumeInit
                0x08005d90       0x1c build//usr/local/libmaple/libmaple/usb/usb.o
                0x08005d90                usbResumeInit
 .text.usbResume
                0x08005dac       0x90 build//usr/local/libmaple/libmaple/usb/usb.o
                0x08005dac                usbResume
 .text.usbPowerOn
                0x08005e3c       0x28 build//usr/local/libmaple/libmaple/usb/usb.o
                0x08005e3c                usbPowerOn
 .text.usbIsConfigured
                0x08005e64       0x14 build//usr/local/libmaple/libmaple/usb/usb.o
                0x08005e64                usbIsConfigured
 .text.usbIsConnected
                0x08005e78       0x10 build//usr/local/libmaple/libmaple/usb/usb.o
                0x08005e78                usbIsConnected
 .text.usbSendBytes
                0x08005e88       0x60 build//usr/local/libmaple/libmaple/usb/usb.o
                0x08005e88                usbSendBytes
 .text.__irq_usb_lp_can_rx0
                0x08005ee8       0xe8 build//usr/local/libmaple/libmaple/usb/usb.o
                0x08005ee8                __irq_usb_lp_can_rx0
 .text.usbEnbISR
                0x08005fd0       0x20 build//usr/local/libmaple/libmaple/usb/usb.o
                0x08005fd0                usbEnbISR
 .text.T.38     0x08005ff0       0x14 build//usr/local/libmaple/libmaple/usb/usb.o
 .text.setupUSB
                0x08006004       0x34 build//usr/local/libmaple/libmaple/usb/usb.o
                0x08006004                setupUSB
 .text.usbWaitReset
                0x08006038       0x10 build//usr/local/libmaple/libmaple/usb/usb.o
                0x08006038                usbWaitReset
 .text.vcomDataTxCb
                0x08006048        0xc build//usr/local/libmaple/libmaple/usb/usb_callbacks.o
                0x08006048                vcomDataTxCb
 .text.vcomManagementCb
                0x08006054        0x2 build//usr/local/libmaple/libmaple/usb/usb_callbacks.o
                0x08006054                vcomManagementCb
 *fill*         0x08006056        0x2 00
 .text.vcomGetSetLineCoding
                0x08006058       0x18 build//usr/local/libmaple/libmaple/usb/usb_callbacks.o
                0x08006058                vcomGetSetLineCoding
 .text.usbStatusIn
                0x08006070        0x2 build//usr/local/libmaple/libmaple/usb/usb_callbacks.o
                0x08006070                usbStatusIn
 .text.usbStatusOut
                0x08006072        0x2 build//usr/local/libmaple/libmaple/usb/usb_callbacks.o
                0x08006072                usbStatusOut
 .text.usbDataSetup
                0x08006074       0x40 build//usr/local/libmaple/libmaple/usb/usb_callbacks.o
                0x08006074                usbDataSetup
 .text.usbNoDataSetup
                0x080060b4       0x64 build//usr/local/libmaple/libmaple/usb/usb_callbacks.o
                0x080060b4                usbNoDataSetup
 .text.usbGetInterfaceSetting
                0x08006118        0xe build//usr/local/libmaple/libmaple/usb/usb_callbacks.o
                0x08006118                usbGetInterfaceSetting
 *fill*         0x08006126        0x2 00
 .text.usbSetConfiguration
                0x08006128       0x18 build//usr/local/libmaple/libmaple/usb/usb_callbacks.o
                0x08006128                usbSetConfiguration
 .text.usbSetDeviceAddress
                0x08006140        0xc build//usr/local/libmaple/libmaple/usb/usb_callbacks.o
                0x08006140                usbSetDeviceAddress
 .text.usbGetStringDescriptor
                0x0800614c       0x20 build//usr/local/libmaple/libmaple/usb/usb_callbacks.o
                0x0800614c                usbGetStringDescriptor
 .text.usbGetConfigDescriptor
                0x0800616c        0xc build//usr/local/libmaple/libmaple/usb/usb_callbacks.o
                0x0800616c                usbGetConfigDescriptor
 .text.usbGetDeviceDescriptor
                0x08006178        0xc build//usr/local/libmaple/libmaple/usb/usb_callbacks.o
                0x08006178                usbGetDeviceDescriptor
 .text.usbReset
                0x08006184      0x120 build//usr/local/libmaple/libmaple/usb/usb_callbacks.o
                0x08006184                usbReset
 .text.usbInit  0x080062a4       0x3c build//usr/local/libmaple/libmaple/usb/usb_callbacks.o
                0x080062a4                usbInit
 .text.vcomDataRxCb
                0x080062e0       0xb8 build//usr/local/libmaple/libmaple/usb/usb_callbacks.o
                0x080062e0                vcomDataRxCb
 .text.nvicInit
                0x08006398       0x6c build//usr/local/libmaple/libmaple/usb/usb_hardware.o
                0x08006398                nvicInit
 .text.systemHardReset
                0x08006404       0x14 build//usr/local/libmaple/libmaple/usb/usb_hardware.o
                0x08006404                systemHardReset
 .text.Standard_GetConfiguration
                0x08006418       0x28 build//usr/local/libmaple/libmaple/usb/usb_lib/usb_core.o
                0x08006418                Standard_GetConfiguration
 .text.Standard_SetConfiguration
                0x08006440       0x38 build//usr/local/libmaple/libmaple/usb/usb_lib/usb_core.o
                0x08006440                Standard_SetConfiguration
 .text.Standard_GetInterface
                0x08006478       0x28 build//usr/local/libmaple/libmaple/usb/usb_lib/usb_core.o
                0x08006478                Standard_GetInterface
 .text.Standard_SetInterface
                0x080064a0       0x48 build//usr/local/libmaple/libmaple/usb/usb_lib/usb_core.o
                0x080064a0                Standard_SetInterface
 .text.Standard_GetStatus
                0x080064e8       0xa4 build//usr/local/libmaple/libmaple/usb/usb_lib/usb_core.o
                0x080064e8                Standard_GetStatus
 .text.Standard_SetEndPointFeature
                0x0800658c       0x84 build//usr/local/libmaple/libmaple/usb/usb_lib/usb_core.o
                0x0800658c                Standard_SetEndPointFeature
 .text.Standard_SetDeviceFeature
                0x08006610       0x24 build//usr/local/libmaple/libmaple/usb/usb_lib/usb_core.o
                0x08006610                Standard_SetDeviceFeature
 .text.Standard_GetDescriptorData
                0x08006634       0x1c build//usr/local/libmaple/libmaple/usb/usb_lib/usb_core.o
                0x08006634                Standard_GetDescriptorData
 .text.SetDeviceAddress
                0x08006650       0x44 build//usr/local/libmaple/libmaple/usb/usb_lib/usb_core.o
                0x08006650                SetDeviceAddress
 .text.NOP_Process
                0x08006694        0x2 build//usr/local/libmaple/libmaple/usb/usb_lib/usb_core.o
                0x08006694                NOP_Process
 *fill*         0x08006696        0x2 00
 .text.Post0_Process
                0x08006698       0x44 build//usr/local/libmaple/libmaple/usb/usb_lib/usb_core.o
                0x08006698                Post0_Process
 .text.Out0_Process
                0x080066dc       0xd4 build//usr/local/libmaple/libmaple/usb/usb_lib/usb_core.o
                0x080066dc                Out0_Process
 .text.DataStageIn
                0x080067b0       0xac build//usr/local/libmaple/libmaple/usb/usb_lib/usb_core.o
 .text.In0_Process
                0x0800685c       0x60 build//usr/local/libmaple/libmaple/usb/usb_lib/usb_core.o
                0x0800685c                In0_Process
 .text.Standard_ClearFeature
                0x080068bc       0xd4 build//usr/local/libmaple/libmaple/usb/usb_lib/usb_core.o
                0x080068bc                Standard_ClearFeature
 .text.Setup0_Process
                0x08006990      0x304 build//usr/local/libmaple/libmaple/usb/usb_lib/usb_core.o
                0x08006990                Setup0_Process
 .text.USB_Init
                0x08006c94       0x38 build//usr/local/libmaple/libmaple/usb/usb_lib/usb_init.o
                0x08006c94                USB_Init
 .text.CTR_LP   0x08006ccc      0x17c build//usr/local/libmaple/libmaple/usb/usb_lib/usb_int.o
                0x08006ccc                CTR_LP
 .text.UserToPMABufferCopy
                0x08006e48       0x2e build//usr/local/libmaple/libmaple/usb/usb_lib/usb_mem.o
                0x08006e48                UserToPMABufferCopy
 .text.PMAToUserBufferCopy
                0x08006e76       0x24 build//usr/local/libmaple/libmaple/usb/usb_lib/usb_mem.o
                0x08006e76                PMAToUserBufferCopy
 .text.SetEPType
                0x08006e9a       0x1a build//usr/local/libmaple/libmaple/usb/usb_lib/usb_regs.o
                0x08006e9a                SetEPType
 .text.SetEPTxStatus
                0x08006eb4       0x2c build//usr/local/libmaple/libmaple/usb/usb_lib/usb_regs.o
                0x08006eb4                SetEPTxStatus
 .text.SetEPRxStatus
                0x08006ee0       0x2c build//usr/local/libmaple/libmaple/usb/usb_lib/usb_regs.o
                0x08006ee0                SetEPRxStatus
 .text.SetEPRxValid
                0x08006f0c       0x1c build//usr/local/libmaple/libmaple/usb/usb_lib/usb_regs.o
                0x08006f0c                SetEPRxValid
 .text.Clear_Status_Out
                0x08006f28       0x18 build//usr/local/libmaple/libmaple/usb/usb_lib/usb_regs.o
                0x08006f28                Clear_Status_Out
 .text.ClearDTOG_RX
                0x08006f40       0x24 build//usr/local/libmaple/libmaple/usb/usb_lib/usb_regs.o
                0x08006f40                ClearDTOG_RX
 .text.ClearDTOG_TX
                0x08006f64       0x24 build//usr/local/libmaple/libmaple/usb/usb_lib/usb_regs.o
                0x08006f64                ClearDTOG_TX
 .text.SetEPTxAddr
                0x08006f88       0x24 build//usr/local/libmaple/libmaple/usb/usb_lib/usb_regs.o
                0x08006f88                SetEPTxAddr
 .text.SetEPRxAddr
                0x08006fac       0x24 build//usr/local/libmaple/libmaple/usb/usb_lib/usb_regs.o
                0x08006fac                SetEPRxAddr
 .text.GetEPTxAddr
                0x08006fd0       0x1c build//usr/local/libmaple/libmaple/usb/usb_lib/usb_regs.o
                0x08006fd0                GetEPTxAddr
 .text.GetEPRxAddr
                0x08006fec       0x1c build//usr/local/libmaple/libmaple/usb/usb_lib/usb_regs.o
                0x08006fec                GetEPRxAddr
 .text.SetEPTxCount
                0x08007008       0x1c build//usr/local/libmaple/libmaple/usb/usb_lib/usb_regs.o
                0x08007008                SetEPTxCount
 .text.SetEPRxCount
                0x08007024       0x40 build//usr/local/libmaple/libmaple/usb/usb_lib/usb_regs.o
                0x08007024                SetEPRxCount
 .text.GetEPRxCount
                0x08007064       0x20 build//usr/local/libmaple/libmaple/usb/usb_lib/usb_regs.o
                0x08007064                GetEPRxCount
 .text.ByteSwap
                0x08007084        0xa build//usr/local/libmaple/libmaple/usb/usb_lib/usb_regs.o
                0x08007084                ByteSwap
 *fill*         0x0800708e        0x2 00
 .text          0x08007090       0x60 build//usr/local/libmaple/libmaple/exc.o
                0x08007090                __exc_nmi
                0x08007094                __exc_hardfault
                0x08007098                __exc_memmanage
                0x0800709c                __exc_busfault
                0x080070a0                __exc_usagefault
 .text._ZN5Print5writeEPKc
                0x080070f0       0x1c build//usr/local/libmaple/wirish/Print.o
                0x080070f0                _ZN5Print5writeEPKc
 .text._ZN5Print5writeEPKvj
                0x0800710c       0x20 build//usr/local/libmaple/wirish/Print.o
                0x0800710c                _ZN5Print5writeEPKvj
 .text._ZN5Print5printEc
                0x0800712c        0xa build//usr/local/libmaple/wirish/Print.o
                0x0800712c                _ZN5Print5printEc
 .text._ZN5Print7printlnEv
                0x08007136       0x16 build//usr/local/libmaple/wirish/Print.o
                0x08007136                _ZN5Print7printlnEv
 .text._ZN5Print11printNumberEyh
                0x0800714c       0x7c build//usr/local/libmaple/wirish/Print.o
                0x0800714c                _ZN5Print11printNumberEyh
 .text._ZN5Print5printExi
                0x080071c8       0x40 build//usr/local/libmaple/wirish/Print.o
                0x080071c8                _ZN5Print5printExi
 .text._ZN5Print5printEii
                0x08007208       0x10 build//usr/local/libmaple/wirish/Print.o
                0x08007208                _ZN5Print5printEii
 .text._ZN5Print7printlnEii
                0x08007218       0x12 build//usr/local/libmaple/wirish/Print.o
                0x08007218                _ZN5Print7printlnEii
 *fill*         0x0800722a        0x2 00
 .text._Z4initv
                0x0800722c       0x7c build//usr/local/libmaple/wirish/boards.o
                0x0800722c                _Z4initv
 .text._ZL8bb_peripPVvj
                0x080072a8        0xc build//usr/local/libmaple/wirish/boards.o
 .text._ZL16adcDefaultConfigPK7adc_dev
                0x080072b4       0x3e build//usr/local/libmaple/wirish/boards.o
 .text._ZL18timerDefaultConfigP9timer_dev
                0x080072f2       0x98 build//usr/local/libmaple/wirish/boards.o
 .text._Z9boardInitv
                0x0800738a        0x2 build//usr/local/libmaple/wirish/boards/maple.o
                0x0800738a                _Z9boardInitv
 .text._GLOBAL__I__Z9boardInitv
                0x0800738c      0x158 build//usr/local/libmaple/wirish/boards/maple.o
 .text._ZN5PrintC2Ev
                0x080074e4        0xc build//usr/local/libmaple/wirish/comm/HardwareSerial.o
                0x080074e4                _ZN5PrintC2Ev
 .text._ZN14HardwareSerialC1EP9usart_devhhj
                0x080074f0       0x24 build//usr/local/libmaple/wirish/comm/HardwareSerial.o
                0x080074f0                _ZN14HardwareSerialC1EP9usart_devhhj
 .text._ZN14HardwareSerial5writeEh
                0x08007514       0x18 build//usr/local/libmaple/wirish/comm/HardwareSerial.o
                0x08007514                _ZN14HardwareSerial5writeEh
 .text._GLOBAL__I_Serial1
                0x0800752c       0x58 build//usr/local/libmaple/wirish/comm/HardwareSerial.o
 .text._ZN13HardwareTimerC1Eh
                0x08007584       0x58 build//usr/local/libmaple/wirish/HardwareTimer.o
                0x08007584                _ZN13HardwareTimerC1Eh
 .text._GLOBAL__I__ZN13HardwareTimerC2Eh
                0x080075dc       0x38 build//usr/local/libmaple/wirish/HardwareTimer.o
 .text._ZN9USBSerialC1Ev
                0x08007614       0x14 build//usr/local/libmaple/wirish/usb_serial.o
                0x08007614                _ZN9USBSerialC1Ev
 .text._ZN9USBSerial5writeEh
                0x08007628       0x14 build//usr/local/libmaple/wirish/usb_serial.o
                0x08007628                _ZN9USBSerial5writeEh
 .text._ZN9USBSerial5writeEPKvj
                0x0800763c       0x58 build//usr/local/libmaple/wirish/usb_serial.o
                0x0800763c                _ZN9USBSerial5writeEPKvj
 .text._ZN9USBSerial5writeEPKc
                0x08007694       0x1a build//usr/local/libmaple/wirish/usb_serial.o
                0x08007694                _ZN9USBSerial5writeEPKc
 *fill*         0x080076ae        0x2 00
 .text._GLOBAL__I__ZN9USBSerialC2Ev
                0x080076b0        0xc build//usr/local/libmaple/wirish/usb_serial.o
 .text.__cxa_pure_virtual
                0x080076bc        0x2 build//usr/local/libmaple/wirish/cxxabi-compat.o
                0x080076bc                __cxa_pure_virtual
 .text._Z17delayMicrosecondsj
                0x080076be        0xe build//usr/local/libmaple/wirish/wirish_time.o
                0x080076be                _Z17delayMicrosecondsj
 .text._Z5delaym
                0x080076cc       0x18 build//usr/local/libmaple/wirish/wirish_time.o
                0x080076cc                _Z5delaym
 .text._Z11digitalReadh
                0x080076e4       0x2c build//usr/local/libmaple/wirish/wirish_digital.o
                0x080076e4                _Z11digitalReadh
 .text._Z12digitalWritehh
                0x08007710       0x30 build//usr/local/libmaple/wirish/wirish_digital.o
                0x08007710                _Z12digitalWritehh
 .text._Z7pinModeh13WiringPinMode
                0x08007740       0x88 build//usr/local/libmaple/wirish/wirish_digital.o
                0x08007740                _Z7pinModeh13WiringPinMode
 .text._ZN7TwoWireC1Ev
                0x080077c8       0x20 build//usr/local/libmaple/libraries/Wire/Wire.o
                0x080077c8                _ZN7TwoWireC1Ev
 .text._ZN7TwoWire17beginTransmissionEh
                0x080077e8       0x18 build//usr/local/libmaple/libraries/Wire/Wire.o
                0x080077e8                _ZN7TwoWire17beginTransmissionEh
 .text._ZN7TwoWire17beginTransmissionEi
                0x08007800        0x6 build//usr/local/libmaple/libraries/Wire/Wire.o
                0x08007800                _ZN7TwoWire17beginTransmissionEi
 .text._ZN7TwoWire4sendEh
                0x08007806       0x1e build//usr/local/libmaple/libraries/Wire/Wire.o
                0x08007806                _ZN7TwoWire4sendEh
 .text._ZN7TwoWire4sendEi
                0x08007824        0x6 build//usr/local/libmaple/libraries/Wire/Wire.o
                0x08007824                _ZN7TwoWire4sendEi
 .text._ZN7TwoWire9availableEv
                0x0800782a        0xe build//usr/local/libmaple/libraries/Wire/Wire.o
                0x0800782a                _ZN7TwoWire9availableEv
 .text._ZN7TwoWire7receiveEv
                0x08007838       0x1c build//usr/local/libmaple/libraries/Wire/Wire.o
                0x08007838                _ZN7TwoWire7receiveEv
 .text._ZN7TwoWire5beginEhh
                0x08007854       0x32 build//usr/local/libmaple/libraries/Wire/Wire.o
                0x08007854                _ZN7TwoWire5beginEhh
 .text._Z13i2c_shift_out4Porth
                0x08007886       0x56 build//usr/local/libmaple/libraries/Wire/Wire.o
                0x08007886                _Z13i2c_shift_out4Porth
 .text._Z13i2c_send_nack4Port
                0x080078dc       0x36 build//usr/local/libmaple/libraries/Wire/Wire.o
                0x080078dc                _Z13i2c_send_nack4Port
 .text._Z8i2c_stop4Port
                0x08007912       0x34 build//usr/local/libmaple/libraries/Wire/Wire.o
                0x08007912                _Z8i2c_stop4Port
 .text._Z9i2c_start4Port
                0x08007946       0x36 build//usr/local/libmaple/libraries/Wire/Wire.o
                0x08007946                _Z9i2c_start4Port
 .text._Z12i2c_shift_in4Port
                0x0800797c       0x56 build//usr/local/libmaple/libraries/Wire/Wire.o
                0x0800797c                _Z12i2c_shift_in4Port
 .text._Z11i2c_get_ack4Port
                0x080079d2       0x80 build//usr/local/libmaple/libraries/Wire/Wire.o
                0x080079d2                _Z11i2c_get_ack4Port
 .text._ZN7TwoWire11readOneByteEhPh
                0x08007a52       0x7c build//usr/local/libmaple/libraries/Wire/Wire.o
                0x08007a52                _ZN7TwoWire11readOneByteEhPh
 .text._ZN7TwoWire11requestFromEhi
                0x08007ace       0x3a build//usr/local/libmaple/libraries/Wire/Wire.o
                0x08007ace                _ZN7TwoWire11requestFromEhi
 .text._ZN7TwoWire11requestFromEii
                0x08007b08        0x8 build//usr/local/libmaple/libraries/Wire/Wire.o
                0x08007b08                _ZN7TwoWire11requestFromEii
 .text._ZN7TwoWire12writeOneByteEh
                0x08007b10       0x2e build//usr/local/libmaple/libraries/Wire/Wire.o
                0x08007b10                _ZN7TwoWire12writeOneByteEh
 .text._ZN7TwoWire15endTransmissionEv
                0x08007b3e       0x88 build//usr/local/libmaple/libraries/Wire/Wire.o
                0x08007b3e                _ZN7TwoWire15endTransmissionEv
 *fill*         0x08007bc6        0x2 00
 .text._GLOBAL__I_i2c_delay
                0x08007bc8        0xc build//usr/local/libmaple/libraries/Wire/Wire.o
 .text.__exc_svc
                0x08007bd4       0x24 build//usr/local/libmaple/libraries/FreeRTOS/utility/port.o
                0x08007bd4                __exc_svc
 .text.__exc_pendsv
                0x08007bf8       0x40 build//usr/local/libmaple/libraries/FreeRTOS/utility/port.o
                0x08007bf8                __exc_pendsv
 .text.vTaskSwitchContext
                0x08007c38       0xf0 build//usr/local/libmaple/libraries/FreeRTOS/utility/tasks.o
                0x08007c38                vTaskSwitchContext
 .text.vApplicationStackOverflowHook
                0x08007d28        0x2 build//usr/local/libmaple/libraries/FreeRTOS/MapleFreeRTOS.o
                0x08007d28                vApplicationStackOverflowHook
 .text._ZN5LFade6updateEttt
                0x08007d2a       0x1a build/main.o
                0x08007d2a                _ZN5LFade6updateEttt
 .text._ZN11PixelEffectC2Et
                0x08007d44        0xc build/main.o
                0x08007d44                _ZN11PixelEffectC2Et
 .text._ZN5Strob6updateEtthh
                0x08007d50       0x2e build/main.o
                0x08007d50                _ZN5Strob6updateEtthh
 .text._ZN10StrobChase6updateEtthh
                0x08007d7e       0x2e build/main.o
                0x08007d7e                _ZN10StrobChase6updateEtthh
 .text._Z7premainv
                0x08007dac        0x4 build/main.o
                0x08007dac                _Z7premainv
 .text._Z4loopv
                0x08007db0       0x68 build/main.o
                0x08007db0                _Z4loopv
 .text._Z5setupv
                0x08007e18       0x34 build/main.o
                0x08007e18                _Z5setupv
 .text.main     0x08007e4c        0xc build/main.o
                0x08007e4c                main
 .text._GLOBAL__I_pole
                0x08007e58       0x5c build/main.o
 .text          0x08007eb4       0x2c /usr/local/libmaple/arm/bin/../lib/gcc/arm-none-eabi/4.4.1/thumb2/libgcc.a(_aeabi_uldivmod.o)
                0x08007eb4                __aeabi_uldivmod
 .text          0x08007ee0       0x58 /usr/local/libmaple/arm/bin/../lib/gcc/arm-none-eabi/4.4.1/thumb2/libgcc.a(bpabi.o)
                0x08007ee0                __gnu_uldivmod_helper
                0x08007f0c                __gnu_ldivmod_helper
 .text          0x08007f38        0x4 /usr/local/libmaple/arm/bin/../lib/gcc/arm-none-eabi/4.4.1/thumb2/libgcc.a(_dvmd_tls.o)
                0x08007f38                __aeabi_ldiv0
                0x08007f38                __aeabi_idiv0
 .text          0x08007f3c      0x364 /usr/local/libmaple/arm/bin/../lib/gcc/arm-none-eabi/4.4.1/thumb2/libgcc.a(_divdi3.o)
                0x08007f3c                __divdi3
 .text          0x080082a0      0x300 /usr/local/libmaple/arm/bin/../lib/gcc/arm-none-eabi/4.4.1/thumb2/libgcc.a(_udivdi3.o)
                0x080082a0                __udivdi3
 .text          0x080085a0      0x278 /usr/local/libmaple/arm/bin/../lib/gcc/arm-none-eabi/4.4.1/thumb2/libgcc.a(_udivsi3.o)
                0x080085a0                __udivsi3
                0x080085a0                __aeabi_uidiv
                0x080087fc                __aeabi_uidivmod
 .text.memcmp   0x08008818       0x22 /usr/local/libmaple/arm/bin/../lib/gcc/arm-none-eabi/4.4.1/../../../../arm-none-eabi/lib/thumb2/libc.a(lib_a-memcmp.o)
                0x08008818                memcmp
 .text.strlen   0x0800883a       0x10 /usr/local/libmaple/arm/bin/../lib/gcc/arm-none-eabi/4.4.1/../../../../arm-none-eabi/lib/thumb2/libc.a(lib_a-strlen.o)
                0x0800883a                strlen
 .text          0x0800884a        0x2 /usr/local/libmaple/support/ld/libcs3_stm32_med_density.a(stm32_isrs.o)
                0x0800884a                __irq_rcc
                0x0800884a                __exc_debug_monitor
                0x0800884a                __irq_adc
                0x0800884a                __irq_can_rx1
                0x0800884a                __irq_spi2
                0x0800884a                __irq_can_sce
                0x0800884a                __irq_pvd
                0x0800884a                __irq_tamper
                0x0800884a                __default_handler
                0x0800884a                __irq_wwdg
                0x0800884a                __stm32reservedexception10
                0x0800884a                __irq_flash
                0x0800884a                __stm32reservedexception13
                0x0800884a                __irq_rtc
                0x0800884a                __irq_spi1
                0x0800884a                __stm32reservedexception7
                0x0800884a                __irq_usb_hp_can_tx
                0x0800884a                __irq_rtcalarm
                0x0800884a                __stm32reservedexception8
                0x0800884a                __irq_usbwakeup
                0x0800884a                __stm32reservedexception9
 .text          0x0800884c       0x10 /usr/local/libmaple/support/ld/libcs3_stm32_med_density.a(start.o)
                0x0800884c                _start
 .text          0x0800885c      0x108 /usr/local/libmaple/support/ld/libcs3_stm32_med_density.a(start_c.o)
                0x0800885c                __cs3_start_c
 .text.__libc_init_array
                0x08008964       0x4c /usr/local/libmaple/arm/bin/../lib/gcc/arm-none-eabi/4.4.1/../../../../arm-none-eabi/lib/thumb2/libc.a(lib_a-init.o)
                0x08008964                __libc_init_array
 *(.plt)
 *(.gnu.warning)
 *(.glue_7t)
 .glue_7t       0x00000000        0x0 linker stubs
 *(.glue_7)
 .glue_7        0x00000000        0x0 linker stubs
 *(.vfp11_veneer)
 .vfp11_veneer  0x00000000        0x0 linker stubs
 *(.rodata .rodata.* .gnu.linkonce.r.*)
 .rodata.str1.1
                0x080089b0       0x44 build//usr/local/libmaple/libmaple/exti.o
                                 0x4c (size before relaxing)
 .rodata.GPIOA  0x080089f4        0x4 build//usr/local/libmaple/libmaple/gpio.o
                0x080089f4                GPIOA
 .rodata.GPIOB  0x080089f8        0x4 build//usr/local/libmaple/libmaple/gpio.o
                0x080089f8                GPIOB
 .rodata.GPIOC  0x080089fc        0x4 build//usr/local/libmaple/libmaple/gpio.o
                0x080089fc                GPIOC
 .rodata.GPIOD  0x08008a00        0x4 build//usr/local/libmaple/libmaple/gpio.o
                0x08008a00                GPIOD
 .rodata.reset_regs.1519
                0x08008a04        0x8 build//usr/local/libmaple/libmaple/rcc.o
 .rodata.str1.1
                0x08008a0c       0x5d build//usr/local/libmaple/libmaple/rcc.o
 *fill*         0x08008a69        0x3 00
 .rodata.rcc_dev_table
                0x08008a6c       0x34 build//usr/local/libmaple/libmaple/rcc.o
 .rodata.masks.1536
                0x08008aa0       0x14 build//usr/local/libmaple/libmaple/rcc.o
 .rodata.enable_regs.1508
                0x08008ab4        0xc build//usr/local/libmaple/libmaple/rcc.o
 .rodata.str1.1
                0x08008ac0       0xa5 build//usr/local/libmaple/libmaple/timer.o
 .rodata.str1.1
                0x08008b65       0x1a build//usr/local/libmaple/libmaple/util.o
                                 0x1d (size before relaxing)
 *fill*         0x08008b7f        0x1 00
 .rodata.usbVcomDescriptor_iProduct
                0x08008b80       0x14 build//usr/local/libmaple/libmaple/usb/descriptors.o
                0x08008b80                usbVcomDescriptor_iProduct
 .rodata.usbVcomDescriptor_iManufacturer
                0x08008b94       0x14 build//usr/local/libmaple/libmaple/usb/descriptors.o
                0x08008b94                usbVcomDescriptor_iManufacturer
 .rodata.usbVcomDescriptor_Device
                0x08008ba8       0x14 build//usr/local/libmaple/libmaple/usb/descriptors.o
                0x08008ba8                usbVcomDescriptor_Device
 .rodata.usbVcomDescriptor_Config
                0x08008bbc       0x44 build//usr/local/libmaple/libmaple/usb/descriptors.o
                0x08008bbc                usbVcomDescriptor_Config
 .rodata.usbVcomDescriptor_LangID
                0x08008c00        0x4 build//usr/local/libmaple/libmaple/usb/descriptors.o
                0x08008c00                usbVcomDescriptor_LangID
 *fill*         0x08008c04        0x4 00
 .rodata._ZTV5Print
                0x08008c08       0x18 build//usr/local/libmaple/wirish/Print.o
                0x08008c08                _ZTV5Print
 .rodata._ZTV14HardwareSerial
                0x08008c20       0x18 build//usr/local/libmaple/wirish/comm/HardwareSerial.o
                0x08008c20                _ZTV14HardwareSerial
 .rodata.str1.1
                0x08008c38       0x2d build//usr/local/libmaple/wirish/HardwareTimer.o
                                 0x2f (size before relaxing)
 *fill*         0x08008c65        0x3 00
 .rodata._ZTV9USBSerial
                0x08008c68       0x18 build//usr/local/libmaple/wirish/usb_serial.o
                0x08008c68                _ZTV9USBSerial
 .rodata.str1.1
                0x08008c80       0x2e build//usr/local/libmaple/wirish/wirish_digital.o
                                 0x30 (size before relaxing)
 *fill*         0x08008cae        0x2 00
 .rodata.ucExpectedStackBytes.3388
                0x08008cb0       0x14 build//usr/local/libmaple/libraries/FreeRTOS/utility/tasks.o
 *fill*         0x08008cc4        0x4 00
 .rodata._ZTV5LFade
                0x08008cc8       0x10 build/main.o
                0x08008cc8                _ZTV5LFade
 .rodata._ZTV10StrobChase
                0x08008cd8       0x10 build/main.o
                0x08008cd8                _ZTV10StrobChase
 .rodata._ZTV11PixelEffect
                0x08008ce8       0x10 build/main.o
                0x08008ce8                _ZTV11PixelEffect
 .rodata._ZTV5Strob
                0x08008cf8       0x10 build/main.o
                0x08008cf8                _ZTV5Strob
 *(.ARM.extab* .gnu.linkonce.armextab.*)
 *(.gcc_except_table)
 *(.eh_frame_hdr)
 *(.eh_frame)
                0x08008d08                . = ALIGN (0x4)
 *(.init)
 .init          0x08008d08        0x4 /usr/local/libmaple/arm/bin/../lib/gcc/arm-none-eabi/4.4.1/thumb2/crti.o
                0x08008d08                _init
 .init          0x08008d0c        0x8 /usr/local/libmaple/arm/bin/../lib/gcc/arm-none-eabi/4.4.1/thumb2/crtn.o
                0x08008d14                . = ALIGN (0x4)
                0x08008d14                __preinit_array_start = .
 *(.preinit_array)
                0x08008d14                __preinit_array_end = .
                0x08008d14                . = ALIGN (0x4)
                0x08008d14                __init_array_start = .
 *(SORT(.init_array.*))
 *(.init_array)
 .init_array    0x08008d14        0x4 /usr/local/libmaple/arm/bin/../lib/gcc/arm-none-eabi/4.4.1/thumb2/crtbegin.o
 .init_array    0x08008d18        0x4 build//usr/local/libmaple/wirish/boards/maple.o
 .init_array    0x08008d1c        0x4 build//usr/local/libmaple/wirish/comm/HardwareSerial.o
 .init_array    0x08008d20        0x4 build//usr/local/libmaple/wirish/HardwareTimer.o
 .init_array    0x08008d24        0x4 build//usr/local/libmaple/wirish/usb_serial.o
 .init_array    0x08008d28        0x4 build//usr/local/libmaple/libraries/Wire/Wire.o
 .init_array    0x08008d2c        0x8 build/main.o
                0x08008d34                __init_array_end = .
                0x08008d34                . = ALIGN (0x4)
 *crtbegin.o(.ctors)
 *(EXCLUDE_FILE(*crtend.o) .ctors)
 *(SORT(.ctors.*))
 *crtend.o(.ctors)
                0x08008d34                . = ALIGN (0x4)
 *(.fini)
 .fini          0x08008d34        0x4 /usr/local/libmaple/arm/bin/../lib/gcc/arm-none-eabi/4.4.1/thumb2/crti.o
                0x08008d34                _fini
 .fini          0x08008d38        0x8 /usr/local/libmaple/arm/bin/../lib/gcc/arm-none-eabi/4.4.1/thumb2/crtn.o
                0x08008d40                . = ALIGN (0x4)
                0x08008d40                __fini_array_start = .
 *(.fini_array)
 .fini_array    0x08008d40        0x4 /usr/local/libmaple/arm/bin/../lib/gcc/arm-none-eabi/4.4.1/thumb2/crtbegin.o
 *(SORT(.fini_array.*))
                0x08008d44                __fini_array_end = .
 *crtbegin.o(.dtors)
 *(EXCLUDE_FILE(*crtend.o) .dtors)
 *(SORT(.dtors.*))
 *crtend.o(.dtors)
                0x08008d44                . = ALIGN (0x4)
                0x08008d44                __cs3_regions = .
                0x08008d44        0x4 LONG 0x0
                0x08008d48        0x4 LONG 0x8008d60 __cs3_region_init_ram
                0x08008d4c        0x4 LONG 0x20000c00 __cs3_region_start_ram
                0x08008d50        0x4 LONG 0x668 __cs3_region_init_size_ram
                0x08008d54        0x4 LONG 0x288 __cs3_region_zero_size_ram
                0x08008d58                __exidx_start = .

.v4_bx          0x08008d58        0x0
 .v4_bx         0x00000000        0x0 linker stubs

.ARM.exidx      0x08008d58        0x8
 *(.ARM.exidx* .gnu.linkonce.armexidx.*)
 .ARM.exidx     0x08008d58        0x8 /usr/local/libmaple/arm/bin/../lib/gcc/arm-none-eabi/4.4.1/thumb2/libgcc.a(_divdi3.o)
 .ARM.exidx     0x08008d60        0x0 /usr/local/libmaple/arm/bin/../lib/gcc/arm-none-eabi/4.4.1/thumb2/libgcc.a(_udivdi3.o)
                                  0x8 (size before relaxing)
 .ARM.exidx     0x08008d60        0x0 /usr/local/libmaple/support/ld/libcs3_stm32_med_density.a(start.o)
                                  0x8 (size before relaxing)
                0x08008d60                __exidx_end = .

.text.align     0x08008d60        0x0
                0x08008d60                . = ALIGN (0x8)
                0x08008d60                _etext = .

.USER_FLASH
 *(.USER_FLASH)
                0x08020000                __cs3_region_end_rom = (__cs3_region_start_rom + 0x1b000)
                0x0001b000                __cs3_region_size_rom = 0x1b000
                0x00000001                __cs3_region_num = 0x1

.data           0x20000c00      0x668 load address 0x08008d60
                0x20000c00                ram_begin = DEFINED (RAM_BUILD)?.:.
 *(.cs3.region-head.ram_begin)
                0x20000c00                __cs3_region_start_ram = .
 *(.cs3.region-head.ram)
 *(.jcr)
 .jcr           0x20000c00        0x0 /usr/local/libmaple/arm/bin/../lib/gcc/arm-none-eabi/4.4.1/thumb2/crtbegin.o
 .jcr           0x20000c00        0x4 /usr/local/libmaple/arm/bin/../lib/gcc/arm-none-eabi/4.4.1/thumb2/crtend.o
 *(.got.plt)
 *(.got)
 *(.shdata)
 *(.data .data.* .gnu.linkonce.d.*)
 .data.adc1     0x20000c04        0x8 build//usr/local/libmaple/libmaple/adc.o
 .data.adc2     0x20000c0c        0x8 build//usr/local/libmaple/libmaple/adc.o
 .data.ADC1     0x20000c14        0x4 build//usr/local/libmaple/libmaple/adc.o
                0x20000c14                ADC1
 .data.ADC2     0x20000c18        0x4 build//usr/local/libmaple/libmaple/adc.o
                0x20000c18                ADC2
 .data.DMA1     0x20000c1c        0x4 build//usr/local/libmaple/libmaple/dma.o
                0x20000c1c                DMA1
 .data.dma1     0x20000c20       0x40 build//usr/local/libmaple/libmaple/dma.o
 .data.exti_channels
                0x20000c60       0x80 build//usr/local/libmaple/libmaple/exti.o
 .data.gpioa    0x20000ce0        0x8 build//usr/local/libmaple/libmaple/gpio.o
                0x20000ce0                gpioa
 .data.gpiob    0x20000ce8        0x8 build//usr/local/libmaple/libmaple/gpio.o
                0x20000ce8                gpiob
 .data.gpioc    0x20000cf0        0x8 build//usr/local/libmaple/libmaple/gpio.o
                0x20000cf0                gpioc
 .data.gpiod    0x20000cf8        0x8 build//usr/local/libmaple/libmaple/gpio.o
                0x20000cf8                gpiod
 .data.i2c_dev1
                0x20000d00       0x1c build//usr/local/libmaple/libmaple/i2c.o
 .data.i2c_dev2
                0x20000d1c       0x1c build//usr/local/libmaple/libmaple/i2c.o
 .data.timer3   0x20000d38       0x24 build//usr/local/libmaple/libmaple/timer.o
 .data.timer4   0x20000d5c       0x24 build//usr/local/libmaple/libmaple/timer.o
 .data.TIMER1   0x20000d80        0x4 build//usr/local/libmaple/libmaple/timer.o
                0x20000d80                TIMER1
 .data.TIMER2   0x20000d84        0x4 build//usr/local/libmaple/libmaple/timer.o
                0x20000d84                TIMER2
 .data.TIMER3   0x20000d88        0x4 build//usr/local/libmaple/libmaple/timer.o
                0x20000d88                TIMER3
 .data.TIMER4   0x20000d8c        0x4 build//usr/local/libmaple/libmaple/timer.o
                0x20000d8c                TIMER4
 .data.timer1   0x20000d90       0x28 build//usr/local/libmaple/libmaple/timer.o
 .data.timer2   0x20000db8       0x24 build//usr/local/libmaple/libmaple/timer.o
 .data.USART1   0x20000ddc        0x4 build//usr/local/libmaple/libmaple/usart.o
                0x20000ddc                USART1
 .data.USART2   0x20000de0        0x4 build//usr/local/libmaple/libmaple/usart.o
                0x20000de0                USART2
 .data.USART3   0x20000de4        0x4 build//usr/local/libmaple/libmaple/usart.o
                0x20000de4                USART3
 .data.usart1   0x20000de8       0x50 build//usr/local/libmaple/libmaple/usart.o
 .data.usart2   0x20000e38       0x50 build//usr/local/libmaple/libmaple/usart.o
 .data.usart3   0x20000e88       0x50 build//usr/local/libmaple/libmaple/usart.o
 .data.Device_Property
                0x20000ed8       0x30 build//usr/local/libmaple/libmaple/usb/usb.o
                0x20000ed8                Device_Property
 .data.pEpInt_IN
                0x20000f08       0x1c build//usr/local/libmaple/libmaple/usb/usb.o
                0x20000f08                pEpInt_IN
 .data.pEpInt_OUT
                0x20000f24       0x1c build//usr/local/libmaple/libmaple/usb/usb.o
                0x20000f24                pEpInt_OUT
 .data.User_Standard_Requests
                0x20000f40       0x24 build//usr/local/libmaple/libmaple/usb/usb.o
                0x20000f40                User_Standard_Requests
 .data.Device_Table
                0x20000f64        0x4 build//usr/local/libmaple/libmaple/usb/usb.o
                0x20000f64                Device_Table
 .data.Config_Descriptor
                0x20000f68        0x8 build//usr/local/libmaple/libmaple/usb/usb_callbacks.o
                0x20000f68                Config_Descriptor
 .data.maxNewBytes
                0x20000f70        0x4 build//usr/local/libmaple/libmaple/usb/usb_callbacks.o
                0x20000f70                maxNewBytes
 .data.Device_Descriptor
                0x20000f74        0x8 build//usr/local/libmaple/libmaple/usb/usb_callbacks.o
                0x20000f74                Device_Descriptor
 .data.String_Descriptor
                0x20000f7c       0x18 build//usr/local/libmaple/libmaple/usb/usb_callbacks.o
                0x20000f7c                String_Descriptor
 .data.line_coding
                0x20000f94        0x8 build//usr/local/libmaple/libmaple/usb/usb_callbacks.o
                0x20000f94                line_coding
 .data.PIN_MAP  0x20000f9c      0x2c0 build//usr/local/libmaple/wirish/boards/maple.o
                0x20000f9c                PIN_MAP
 .data.i2c_delay
                0x2000125c        0x4 build//usr/local/libmaple/libraries/Wire/Wire.o
                0x2000125c                i2c_delay
 .data.uxPreviousTask
                0x20001260        0x4 build//usr/local/libmaple/libraries/FreeRTOS/utility/tasks.o
 *(.ram)
                0x20001268                . = ALIGN (0x8)
 *fill*         0x20001264        0x4 00
                0x20001268                _edata = .

.bss            0x20001268      0x288 load address 0x080093c8
 *(.shbss)
 *(.bss .bss.* .gnu.linkonce.b.*)
 .bss           0x20001268        0x1 /usr/local/libmaple/arm/bin/../lib/gcc/arm-none-eabi/4.4.1/thumb2/crtbegin.o
 *fill*         0x20001269        0x3 00
 .bss.systick_user_callback
                0x2000126c        0x4 build//usr/local/libmaple/libmaple/systick.o
 .bss.usart1_rb
                0x20001270        0xc build//usr/local/libmaple/libmaple/usart.o
 .bss.usart2_rb
                0x2000127c        0xc build//usr/local/libmaple/libmaple/usart.o
 .bss.usart3_rb
                0x20001288        0xc build//usr/local/libmaple/libmaple/usart.o
 .bss.bIntPackSOF
                0x20001294        0x4 build//usr/local/libmaple/libmaple/usb/usb.o
                0x20001294                bIntPackSOF
 .bss.wIstr     0x20001298        0x2 build//usr/local/libmaple/libmaple/usb/usb.o
                0x20001298                wIstr
 *fill*         0x2000129a        0x2 00
 .bss.bDeviceState
                0x2000129c        0x4 build//usr/local/libmaple/libmaple/usb/usb.o
                0x2000129c                bDeviceState
 .bss.line_dtr_rts
                0x200012a0        0x1 build//usr/local/libmaple/libmaple/usb/usb_callbacks.o
                0x200012a0                line_dtr_rts
 *fill*         0x200012a1        0x3 00
 .bss.recvBufOut
                0x200012a4        0x4 build//usr/local/libmaple/libmaple/usb/usb_callbacks.o
                0x200012a4                recvBufOut
 .bss.reset_state
                0x200012a8        0x1 build//usr/local/libmaple/libmaple/usb/usb_callbacks.o
                0x200012a8                reset_state
 .bss.last_request
                0x200012a9        0x1 build//usr/local/libmaple/libmaple/usb/usb_callbacks.o
                0x200012a9                last_request
 *fill*         0x200012aa        0x2 00
 .bss.newBytes  0x200012ac        0x4 build//usr/local/libmaple/libmaple/usb/usb_callbacks.o
                0x200012ac                newBytes
 .bss.countTx   0x200012b0        0x4 build//usr/local/libmaple/libmaple/usb/usb_callbacks.o
                0x200012b0                countTx
 .bss.recvBufIn
                0x200012b4        0x4 build//usr/local/libmaple/libmaple/usb/usb_callbacks.o
                0x200012b4                recvBufIn
 .bss.Data_Mul_MaxPacketSize
                0x200012b8        0x1 build//usr/local/libmaple/libmaple/usb/usb_lib/usb_core.o
                0x200012b8                Data_Mul_MaxPacketSize
 *fill*         0x200012b9        0x3 00
 .bss.Serial1   0x200012bc       0x10 build//usr/local/libmaple/wirish/comm/HardwareSerial.o
                0x200012bc                Serial1
 .bss.Serial2   0x200012cc       0x10 build//usr/local/libmaple/wirish/comm/HardwareSerial.o
                0x200012cc                Serial2
 .bss.Serial3   0x200012dc       0x10 build//usr/local/libmaple/wirish/comm/HardwareSerial.o
                0x200012dc                Serial3
 .bss.Timer1    0x200012ec        0x4 build//usr/local/libmaple/wirish/HardwareTimer.o
                0x200012ec                Timer1
 .bss.Timer2    0x200012f0        0x4 build//usr/local/libmaple/wirish/HardwareTimer.o
                0x200012f0                Timer2
 .bss.Timer3    0x200012f4        0x4 build//usr/local/libmaple/wirish/HardwareTimer.o
                0x200012f4                Timer3
 .bss.Timer4    0x200012f8        0x4 build//usr/local/libmaple/wirish/HardwareTimer.o
                0x200012f8                Timer4
 .bss.SerialUSB
                0x200012fc        0x4 build//usr/local/libmaple/wirish/usb_serial.o
                0x200012fc                SerialUSB
 .bss.Wire      0x20001300       0x48 build//usr/local/libmaple/libraries/Wire/Wire.o
                0x20001300                Wire
 .bss.uxTopReadyPriority
                0x20001348        0x4 build//usr/local/libmaple/libraries/FreeRTOS/utility/tasks.o
 .bss.xTickCount
                0x2000134c        0x4 build//usr/local/libmaple/libraries/FreeRTOS/utility/tasks.o
 .bss.pxReadyTasksLists
                0x20001350       0x64 build//usr/local/libmaple/libraries/FreeRTOS/utility/tasks.o
 .bss.xTracing  0x200013b4        0x4 build//usr/local/libmaple/libraries/FreeRTOS/utility/tasks.o
 .bss.xMissedYield
                0x200013b8        0x4 build//usr/local/libmaple/libraries/FreeRTOS/utility/tasks.o
 .bss.pcTraceBuffer
                0x200013bc        0x4 build//usr/local/libmaple/libraries/FreeRTOS/utility/tasks.o
 .bss.pxCurrentTCB
                0x200013c0        0x4 build//usr/local/libmaple/libraries/FreeRTOS/utility/tasks.o
                0x200013c0                pxCurrentTCB
 .bss.uxSchedulerSuspended
                0x200013c4        0x4 build//usr/local/libmaple/libraries/FreeRTOS/utility/tasks.o
 .bss.pcTraceBufferEnd
                0x200013c8        0x4 build//usr/local/libmaple/libraries/FreeRTOS/utility/tasks.o
 .bss.strob     0x200013cc        0x8 build/main.o
                0x200013cc                strob
 .bss.lfade     0x200013d4        0xc build/main.o
                0x200013d4                lfade
 .bss.strob_chase
                0x200013e0        0xc build/main.o
                0x200013e0                strob_chase
 *(COMMON)
 COMMON         0x200013ec        0x4 build//usr/local/libmaple/libmaple/systick.o
                0x200013ec                systick_uptime_millis
 COMMON         0x200013f0        0x2 build//usr/local/libmaple/libmaple/usb/usb.o
                0x200013f0                ResumeS
 *fill*         0x200013f2        0x2 00
 COMMON         0x200013f4       0xc0 build//usr/local/libmaple/libmaple/usb/usb_callbacks.o
                0x200013f4                vcomBufferRx
 COMMON         0x200014b4        0x2 build//usr/local/libmaple/libmaple/usb/usb_lib/usb_core.o
                0x200014b4                StatusInfo
 *fill*         0x200014b6        0x2 00
 COMMON         0x200014b8       0x32 build//usr/local/libmaple/libmaple/usb/usb_lib/usb_init.o
                0x200014b8                SaveState
                0x200014bc                pProperty
                0x200014c0                EPindex
                0x200014c4                Device_Info
                0x200014e0                pUser_Standard_Requests
                0x200014e4                pInformation
                0x200014e8                wInterrupt_Mask
 COMMON         0x200014ea        0x4 build//usr/local/libmaple/libmaple/usb/usb_lib/usb_int.o
                0x200014ea                SaveRState
                0x200014ec                SaveTState
 *(.ram.b)
                0x200014f0                . = ALIGN (0x8)
 *fill*         0x200014ee        0x2 00
                0x200014f0                _end = .
                0x200014f0                __end = .
                0x20005000                __cs3_region_end_ram = (__cs3_region_start_ram + 0x4400)
                0x00004400                __cs3_region_size_ram = 0x4400
                0x08008d60                __cs3_region_init_ram = LOADADDR (.data)
                0x00000668                __cs3_region_init_size_ram = (_edata - ADDR (.data))
                0x00000288                __cs3_region_zero_size_ram = (_end - _edata)
                0x00000001                __cs3_region_num = 0x1

.stab
 *(.stab)

.stabstr
 *(.stabstr)

.debug
 *(.debug)

.line
 *(.line)

.debug_srcinfo
 *(.debug_srcinfo)

.debug_sfnames
 *(.debug_sfnames)

.comment        0x00000000      0x6a3
 .comment       0x00000000       0x12 /usr/local/libmaple/arm/bin/../lib/gcc/arm-none-eabi/4.4.1/thumb2/crtbegin.o
 .comment       0x00000012       0x12 build//usr/local/libmaple/libmaple/adc.o
 .comment       0x00000024       0x12 build//usr/local/libmaple/libmaple/bkp.o
 .comment       0x00000036       0x12 build//usr/local/libmaple/libmaple/dac.o
 .comment       0x00000048       0x12 build//usr/local/libmaple/libmaple/dma.o
 .comment       0x0000005a       0x12 build//usr/local/libmaple/libmaple/exti.o
 .comment       0x0000006c       0x12 build//usr/local/libmaple/libmaple/flash.o
 .comment       0x0000007e       0x12 build//usr/local/libmaple/libmaple/fsmc.o
 .comment       0x00000090       0x12 build//usr/local/libmaple/libmaple/gpio.o
 .comment       0x000000a2       0x12 build//usr/local/libmaple/libmaple/iwdg.o
 .comment       0x000000b4       0x12 build//usr/local/libmaple/libmaple/nvic.o
 .comment       0x000000c6       0x12 build//usr/local/libmaple/libmaple/pwr.o
 .comment       0x000000d8       0x12 build//usr/local/libmaple/libmaple/i2c.o
 .comment       0x000000ea       0x12 build//usr/local/libmaple/libmaple/rcc.o
 .comment       0x000000fc       0x12 build//usr/local/libmaple/libmaple/spi.o
 .comment       0x0000010e       0x12 build//usr/local/libmaple/libmaple/syscalls.o
 .comment       0x00000120       0x12 build//usr/local/libmaple/libmaple/systick.o
 .comment       0x00000132       0x12 build//usr/local/libmaple/libmaple/timer.o
 .comment       0x00000144       0x12 build//usr/local/libmaple/libmaple/usart.o
 .comment       0x00000156       0x12 build//usr/local/libmaple/libmaple/util.o
 .comment       0x00000168       0x12 build//usr/local/libmaple/libmaple/usb/descriptors.o
 .comment       0x0000017a       0x12 build//usr/local/libmaple/libmaple/usb/usb.o
 .comment       0x0000018c       0x12 build//usr/local/libmaple/libmaple/usb/usb_callbacks.o
 .comment       0x0000019e       0x12 build//usr/local/libmaple/libmaple/usb/usb_hardware.o
 .comment       0x000001b0       0x12 build//usr/local/libmaple/libmaple/usb/usb_lib/usb_core.o
 .comment       0x000001c2       0x12 build//usr/local/libmaple/libmaple/usb/usb_lib/usb_init.o
 .comment       0x000001d4       0x12 build//usr/local/libmaple/libmaple/usb/usb_lib/usb_int.o
 .comment       0x000001e6       0x12 build//usr/local/libmaple/libmaple/usb/usb_lib/usb_mem.o
 .comment       0x000001f8       0x12 build//usr/local/libmaple/libmaple/usb/usb_lib/usb_regs.o
 .comment       0x0000020a       0x12 build//usr/local/libmaple/wirish/wirish_math.o
 .comment       0x0000021c       0x12 build//usr/local/libmaple/wirish/Print.o
 .comment       0x0000022e       0x12 build//usr/local/libmaple/wirish/boards.o
 .comment       0x00000240       0x12 build//usr/local/libmaple/wirish/boards/maple.o
 .comment       0x00000252       0x12 build//usr/local/libmaple/wirish/boards/maple_mini.o
 .comment       0x00000264       0x12 build//usr/local/libmaple/wirish/boards/maple_native.o
 .comment       0x00000276       0x12 build//usr/local/libmaple/wirish/boards/maple_RET6.o
 .comment       0x00000288       0x12 build//usr/local/libmaple/wirish/comm/HardwareSerial.o
 .comment       0x0000029a       0x12 build//usr/local/libmaple/wirish/comm/HardwareSPI.o
 .comment       0x000002ac       0x12 build//usr/local/libmaple/wirish/HardwareTimer.o
 .comment       0x000002be       0x12 build//usr/local/libmaple/wirish/usb_serial.o
 .comment       0x000002d0       0x12 build//usr/local/libmaple/wirish/cxxabi-compat.o
 .comment       0x000002e2       0x12 build//usr/local/libmaple/wirish/wirish_shift.o
 .comment       0x000002f4       0x12 build//usr/local/libmaple/wirish/wirish_analog.o
 .comment       0x00000306       0x12 build//usr/local/libmaple/wirish/wirish_time.o
 .comment       0x00000318       0x12 build//usr/local/libmaple/wirish/pwm.o
 .comment       0x0000032a       0x12 build//usr/local/libmaple/wirish/ext_interrupts.o
 .comment       0x0000033c       0x12 build//usr/local/libmaple/wirish/wirish_digital.o
 .comment       0x0000034e       0x12 build//usr/local/libmaple/libraries/Servo/Servo.o
 .comment       0x00000360       0x12 build//usr/local/libmaple/libraries/LiquidCrystal/LiquidCrystal.o
 .comment       0x00000372       0x12 build//usr/local/libmaple/libraries/Wire/Wire.o
 .comment       0x00000384       0x12 build//usr/local/libmaple/libraries/FreeRTOS/utility/croutine.o
 .comment       0x00000396       0x12 build//usr/local/libmaple/libraries/FreeRTOS/utility/heap_2.o
 .comment       0x000003a8       0x12 build//usr/local/libmaple/libraries/FreeRTOS/utility/list.o
 .comment       0x000003ba       0x12 build//usr/local/libmaple/libraries/FreeRTOS/utility/port.o
 .comment       0x000003cc       0x12 build//usr/local/libmaple/libraries/FreeRTOS/utility/queue.o
 .comment       0x000003de       0x12 build//usr/local/libmaple/libraries/FreeRTOS/utility/timers.o
 .comment       0x000003f0       0x12 build//usr/local/libmaple/libraries/FreeRTOS/utility/tasks.o
 .comment       0x00000402       0x12 build//usr/local/libmaple/libraries/FreeRTOS/MapleFreeRTOS.o
 .comment       0x00000414       0x12 build/main.o
 .comment       0x00000426       0x12 /usr/local/libmaple/arm/bin/../lib/gcc/arm-none-eabi/4.4.1/thumb2/libgcc.a(_fixdfdi.o)
 .comment       0x00000438       0x12 /usr/local/libmaple/arm/bin/../lib/gcc/arm-none-eabi/4.4.1/thumb2/libgcc.a(_fixunsdfdi.o)
 .comment       0x0000044a       0x12 /usr/local/libmaple/arm/bin/../lib/gcc/arm-none-eabi/4.4.1/thumb2/libgcc.a(bpabi.o)
 .comment       0x0000045c       0x12 /usr/local/libmaple/arm/bin/../lib/gcc/arm-none-eabi/4.4.1/thumb2/libgcc.a(_divdi3.o)
 .comment       0x0000046e       0x12 /usr/local/libmaple/arm/bin/../lib/gcc/arm-none-eabi/4.4.1/thumb2/libgcc.a(_udivdi3.o)
 .comment       0x00000480       0x12 /usr/local/libmaple/arm/bin/../lib/gcc/arm-none-eabi/4.4.1/../../../../arm-none-eabi/lib/thumb2/libc.a(lib_a-memcmp.o)
 .comment       0x00000492       0x12 /usr/local/libmaple/arm/bin/../lib/gcc/arm-none-eabi/4.4.1/../../../../arm-none-eabi/lib/thumb2/libc.a(lib_a-memcpy.o)
 .comment       0x000004a4       0x12 /usr/local/libmaple/arm/bin/../lib/gcc/arm-none-eabi/4.4.1/../../../../arm-none-eabi/lib/thumb2/libc.a(lib_a-memset.o)
 .comment       0x000004b6       0x12 /usr/local/libmaple/arm/bin/../lib/gcc/arm-none-eabi/4.4.1/../../../../arm-none-eabi/lib/thumb2/libc.a(lib_a-rand.o)
 .comment       0x000004c8       0x12 /usr/local/libmaple/arm/bin/../lib/gcc/arm-none-eabi/4.4.1/../../../../arm-none-eabi/lib/thumb2/libc.a(lib_a-sprintf.o)
 .comment       0x000004da       0x12 /usr/local/libmaple/arm/bin/../lib/gcc/arm-none-eabi/4.4.1/../../../../arm-none-eabi/lib/thumb2/libc.a(lib_a-strcat.o)
 .comment       0x000004ec       0x12 /usr/local/libmaple/arm/bin/../lib/gcc/arm-none-eabi/4.4.1/../../../../arm-none-eabi/lib/thumb2/libc.a(lib_a-strlen.o)
 .comment       0x000004fe       0x12 /usr/local/libmaple/arm/bin/../lib/gcc/arm-none-eabi/4.4.1/../../../../arm-none-eabi/lib/thumb2/libc.a(lib_a-strncpy.o)
 .comment       0x00000510       0x12 /usr/local/libmaple/arm/bin/../lib/gcc/arm-none-eabi/4.4.1/../../../../arm-none-eabi/lib/thumb2/libc.a(lib_a-svfprintf.o)
 .comment       0x00000522       0x12 /usr/local/libmaple/arm/bin/../lib/gcc/arm-none-eabi/4.4.1/../../../../arm-none-eabi/lib/thumb2/libc.a(lib_a-dtoa.o)
 .comment       0x00000534       0x12 /usr/local/libmaple/arm/bin/../lib/gcc/arm-none-eabi/4.4.1/../../../../arm-none-eabi/lib/thumb2/libc.a(lib_a-freer.o)
 .comment       0x00000546       0x12 /usr/local/libmaple/arm/bin/../lib/gcc/arm-none-eabi/4.4.1/../../../../arm-none-eabi/lib/thumb2/libc.a(lib_a-impure.o)
 .comment       0x00000558       0x12 /usr/local/libmaple/arm/bin/../lib/gcc/arm-none-eabi/4.4.1/../../../../arm-none-eabi/lib/thumb2/libc.a(lib_a-locale.o)
 .comment       0x0000056a       0x12 /usr/local/libmaple/arm/bin/../lib/gcc/arm-none-eabi/4.4.1/../../../../arm-none-eabi/lib/thumb2/libc.a(lib_a-malloc.o)
 .comment       0x0000057c       0x12 /usr/local/libmaple/arm/bin/../lib/gcc/arm-none-eabi/4.4.1/../../../../arm-none-eabi/lib/thumb2/libc.a(lib_a-mallocr.o)
 .comment       0x0000058e       0x12 /usr/local/libmaple/arm/bin/../lib/gcc/arm-none-eabi/4.4.1/../../../../arm-none-eabi/lib/thumb2/libc.a(lib_a-memchr.o)
 .comment       0x000005a0       0x12 /usr/local/libmaple/arm/bin/../lib/gcc/arm-none-eabi/4.4.1/../../../../arm-none-eabi/lib/thumb2/libc.a(lib_a-memmove.o)
 .comment       0x000005b2       0x12 /usr/local/libmaple/arm/bin/../lib/gcc/arm-none-eabi/4.4.1/../../../../arm-none-eabi/lib/thumb2/libc.a(lib_a-mlock.o)
 .comment       0x000005c4       0x12 /usr/local/libmaple/arm/bin/../lib/gcc/arm-none-eabi/4.4.1/../../../../arm-none-eabi/lib/thumb2/libc.a(lib_a-mprec.o)
 .comment       0x000005d6       0x12 /usr/local/libmaple/arm/bin/../lib/gcc/arm-none-eabi/4.4.1/../../../../arm-none-eabi/lib/thumb2/libc.a(lib_a-reallocr.o)
 .comment       0x000005e8       0x12 /usr/local/libmaple/arm/bin/../lib/gcc/arm-none-eabi/4.4.1/../../../../arm-none-eabi/lib/thumb2/libc.a(lib_a-s_isinfd.o)
 .comment       0x000005fa       0x12 /usr/local/libmaple/arm/bin/../lib/gcc/arm-none-eabi/4.4.1/../../../../arm-none-eabi/lib/thumb2/libc.a(lib_a-s_isnand.o)
 .comment       0x0000060c       0x12 /usr/local/libmaple/arm/bin/../lib/gcc/arm-none-eabi/4.4.1/../../../../arm-none-eabi/lib/thumb2/libc.a(lib_a-sbrkr.o)
 .comment       0x0000061e       0x12 /usr/local/libmaple/arm/bin/../lib/gcc/arm-none-eabi/4.4.1/../../../../arm-none-eabi/lib/thumb2/libc.a(lib_a-strcmp.o)
 .comment       0x00000630       0x12 /usr/local/libmaple/arm/bin/../lib/gcc/arm-none-eabi/4.4.1/../../../../arm-none-eabi/lib/thumb2/libc.a(lib_a-callocr.o)
 .comment       0x00000642       0x12 /usr/local/libmaple/arm/bin/../lib/gcc/arm-none-eabi/4.4.1/../../../../arm-none-eabi/lib/thumb2/libc.a(lib_a-reent.o)
 .comment       0x00000654       0x12 /usr/local/libmaple/arm/bin/../lib/gcc/arm-none-eabi/4.4.1/thumb2/crtend.o
 .comment       0x00000666       0x2b /usr/local/libmaple/support/ld/libcs3_stm32_med_density.a(start_c.o)
 .comment       0x00000691       0x12 /usr/local/libmaple/arm/bin/../lib/gcc/arm-none-eabi/4.4.1/../../../../arm-none-eabi/lib/thumb2/libc.a(lib_a-init.o)

.debug_aranges  0x00000000     0x1830
 *(.debug_aranges)
 .debug_aranges
                0x00000000       0x28 /usr/local/libmaple/arm/bin/../lib/gcc/arm-none-eabi/4.4.1/thumb2/crti.o
 .debug_aranges
                0x00000028       0x50 build//usr/local/libmaple/libmaple/adc.o
 .debug_aranges
                0x00000078       0x50 build//usr/local/libmaple/libmaple/bkp.o
 .debug_aranges
                0x000000c8       0xd0 build//usr/local/libmaple/libmaple/dma.o
 .debug_aranges
                0x00000198       0x90 build//usr/local/libmaple/libmaple/exti.o
 .debug_aranges
                0x00000228       0x28 build//usr/local/libmaple/libmaple/flash.o
 .debug_aranges
                0x00000250       0x48 build//usr/local/libmaple/libmaple/gpio.o
 .debug_aranges
                0x00000298       0x28 build//usr/local/libmaple/libmaple/iwdg.o
 .debug_aranges
                0x000002c0       0x30 build//usr/local/libmaple/libmaple/nvic.o
 .debug_aranges
                0x000002f0       0x20 build//usr/local/libmaple/libmaple/pwr.o
 .debug_aranges
                0x00000310       0xb8 build//usr/local/libmaple/libmaple/i2c.o
 .debug_aranges
                0x000003c8       0x48 build//usr/local/libmaple/libmaple/rcc.o
 .debug_aranges
                0x00000410       0x88 build//usr/local/libmaple/libmaple/spi.o
 .debug_aranges
                0x00000498       0x80 build//usr/local/libmaple/libmaple/syscalls.o
 .debug_aranges
                0x00000518       0x40 build//usr/local/libmaple/libmaple/systick.o
 .debug_aranges
                0x00000558       0xc0 build//usr/local/libmaple/libmaple/timer.o
 .debug_aranges
                0x00000618       0x70 build//usr/local/libmaple/libmaple/usart.o
 .debug_aranges
                0x00000688       0x58 build//usr/local/libmaple/libmaple/util.o
 .debug_aranges
                0x000006e0       0xc8 build//usr/local/libmaple/libmaple/usb/usb.o
 .debug_aranges
                0x000007a8       0xa0 build//usr/local/libmaple/libmaple/usb/usb_callbacks.o
 .debug_aranges
                0x00000848       0x30 build//usr/local/libmaple/libmaple/usb/usb_hardware.o
 .debug_aranges
                0x00000878       0x98 build//usr/local/libmaple/libmaple/usb/usb_lib/usb_core.o
 .debug_aranges
                0x00000910       0x20 build//usr/local/libmaple/libmaple/usb/usb_lib/usb_init.o
 .debug_aranges
                0x00000930       0x28 build//usr/local/libmaple/libmaple/usb/usb_lib/usb_int.o
 .debug_aranges
                0x00000958       0x28 build//usr/local/libmaple/libmaple/usb/usb_lib/usb_mem.o
 .debug_aranges
                0x00000980      0x1f0 build//usr/local/libmaple/libmaple/usb/usb_lib/usb_regs.o
 .debug_aranges
                0x00000b70       0x30 build//usr/local/libmaple/wirish/wirish_math.o
 .debug_aranges
                0x00000ba0       0xe0 build//usr/local/libmaple/wirish/Print.o
 .debug_aranges
                0x00000c80       0x40 build//usr/local/libmaple/wirish/boards.o
 .debug_aranges
                0x00000cc0       0x28 build//usr/local/libmaple/wirish/boards/maple.o
 .debug_aranges
                0x00000ce8       0x68 build//usr/local/libmaple/wirish/comm/HardwareSerial.o
 .debug_aranges
                0x00000d50       0xb0 build//usr/local/libmaple/wirish/comm/HardwareSPI.o
 .debug_aranges
                0x00000e00       0xb0 build//usr/local/libmaple/wirish/HardwareTimer.o
 .debug_aranges
                0x00000eb0       0x98 build//usr/local/libmaple/wirish/usb_serial.o
 .debug_aranges
                0x00000f48       0x20 build//usr/local/libmaple/wirish/cxxabi-compat.o
 .debug_aranges
                0x00000f68       0x20 build//usr/local/libmaple/wirish/wirish_shift.o
 .debug_aranges
                0x00000f88       0x20 build//usr/local/libmaple/wirish/wirish_analog.o
 .debug_aranges
                0x00000fa8       0x28 build//usr/local/libmaple/wirish/wirish_time.o
 .debug_aranges
                0x00000fd0       0x20 build//usr/local/libmaple/wirish/pwm.o
 .debug_aranges
                0x00000ff0       0x28 build//usr/local/libmaple/wirish/ext_interrupts.o
 .debug_aranges
                0x00001018       0x48 build//usr/local/libmaple/wirish/wirish_digital.o
 .debug_aranges
                0x00001060       0x78 build//usr/local/libmaple/libraries/Servo/Servo.o
 .debug_aranges
                0x000010d8      0x120 build//usr/local/libmaple/libraries/LiquidCrystal/LiquidCrystal.o
 .debug_aranges
                0x000011f8       0xe8 build//usr/local/libmaple/libraries/Wire/Wire.o
 .debug_aranges
                0x000012e0       0x38 build//usr/local/libmaple/libraries/FreeRTOS/utility/croutine.o
 .debug_aranges
                0x00001318       0x38 build//usr/local/libmaple/libraries/FreeRTOS/utility/heap_2.o
 .debug_aranges
                0x00001350       0x40 build//usr/local/libmaple/libraries/FreeRTOS/utility/list.o
 .debug_aranges
                0x00001390       0x68 build//usr/local/libmaple/libraries/FreeRTOS/utility/port.o
 .debug_aranges
                0x000013f8       0xa0 build//usr/local/libmaple/libraries/FreeRTOS/utility/queue.o
 .debug_aranges
                0x00001498      0x120 build//usr/local/libmaple/libraries/FreeRTOS/utility/tasks.o
 .debug_aranges
                0x000015b8       0x20 build//usr/local/libmaple/libraries/FreeRTOS/MapleFreeRTOS.o
 .debug_aranges
                0x000015d8       0x70 build/main.o
 .debug_aranges
                0x00001648       0x20 /usr/local/libmaple/arm/bin/../lib/gcc/arm-none-eabi/4.4.1/thumb2/libgcc.a(_arm_addsubdf3.o)
 .debug_aranges
                0x00001668       0x20 /usr/local/libmaple/arm/bin/../lib/gcc/arm-none-eabi/4.4.1/thumb2/libgcc.a(_arm_muldivdf3.o)
 .debug_aranges
                0x00001688       0x20 /usr/local/libmaple/arm/bin/../lib/gcc/arm-none-eabi/4.4.1/thumb2/libgcc.a(_arm_cmpdf2.o)
 .debug_aranges
                0x000016a8       0x20 /usr/local/libmaple/arm/bin/../lib/gcc/arm-none-eabi/4.4.1/thumb2/libgcc.a(_arm_fixdfsi.o)
 .debug_aranges
                0x000016c8       0x20 /usr/local/libmaple/arm/bin/../lib/gcc/arm-none-eabi/4.4.1/thumb2/libgcc.a(_aeabi_uldivmod.o)
 .debug_aranges
                0x000016e8       0x20 /usr/local/libmaple/arm/bin/../lib/gcc/arm-none-eabi/4.4.1/thumb2/libgcc.a(_fixdfdi.o)
 .debug_aranges
                0x00001708       0x20 /usr/local/libmaple/arm/bin/../lib/gcc/arm-none-eabi/4.4.1/thumb2/libgcc.a(_fixunsdfdi.o)
 .debug_aranges
                0x00001728       0x20 /usr/local/libmaple/arm/bin/../lib/gcc/arm-none-eabi/4.4.1/thumb2/libgcc.a(bpabi.o)
 .debug_aranges
                0x00001748       0x20 /usr/local/libmaple/arm/bin/../lib/gcc/arm-none-eabi/4.4.1/thumb2/libgcc.a(_dvmd_tls.o)
 .debug_aranges
                0x00001768       0x20 /usr/local/libmaple/arm/bin/../lib/gcc/arm-none-eabi/4.4.1/thumb2/libgcc.a(_arm_fixunsdfsi.o)
 .debug_aranges
                0x00001788       0x20 /usr/local/libmaple/arm/bin/../lib/gcc/arm-none-eabi/4.4.1/thumb2/libgcc.a(_divdi3.o)
 .debug_aranges
                0x000017a8       0x20 /usr/local/libmaple/arm/bin/../lib/gcc/arm-none-eabi/4.4.1/thumb2/libgcc.a(_udivdi3.o)
 .debug_aranges
                0x000017c8       0x20 /usr/local/libmaple/arm/bin/../lib/gcc/arm-none-eabi/4.4.1/thumb2/libgcc.a(_udivsi3.o)
 .debug_aranges
                0x000017e8       0x20 /usr/local/libmaple/arm/bin/../lib/gcc/arm-none-eabi/4.4.1/thumb2/libgcc.a(_divsi3.o)
 .debug_aranges
                0x00001808       0x28 /usr/local/libmaple/arm/bin/../lib/gcc/arm-none-eabi/4.4.1/thumb2/crtn.o

.debug_pubnames
                0x00000000     0x30eb
 *(.debug_pubnames)
 .debug_pubnames
                0x00000000       0x8b build//usr/local/libmaple/libmaple/adc.o
 .debug_pubnames
                0x0000008b       0x77 build//usr/local/libmaple/libmaple/bkp.o
 .debug_pubnames
                0x00000102      0x1a7 build//usr/local/libmaple/libmaple/dma.o
 .debug_pubnames
                0x000002a9       0xbc build//usr/local/libmaple/libmaple/exti.o
 .debug_pubnames
                0x00000365       0x42 build//usr/local/libmaple/libmaple/flash.o
 .debug_pubnames
                0x000003a7       0xc6 build//usr/local/libmaple/libmaple/gpio.o
 .debug_pubnames
                0x0000046d       0x2e build//usr/local/libmaple/libmaple/iwdg.o
 .debug_pubnames
                0x0000049b       0x54 build//usr/local/libmaple/libmaple/nvic.o
 .debug_pubnames
                0x000004ef       0x1f build//usr/local/libmaple/libmaple/pwr.o
 .debug_pubnames
                0x0000050e       0xb5 build//usr/local/libmaple/libmaple/i2c.o
 .debug_pubnames
                0x000005c3       0x6e build//usr/local/libmaple/libmaple/rcc.o
 .debug_pubnames
                0x00000631      0x117 build//usr/local/libmaple/libmaple/spi.o
 .debug_pubnames
                0x00000748       0x9b build//usr/local/libmaple/libmaple/syscalls.o
 .debug_pubnames
                0x000007e3       0x92 build//usr/local/libmaple/libmaple/systick.o
 .debug_pubnames
                0x00000875      0x135 build//usr/local/libmaple/libmaple/timer.o
 .debug_pubnames
                0x000009aa       0xe1 build//usr/local/libmaple/libmaple/usart.o
 .debug_pubnames
                0x00000a8b       0x32 build//usr/local/libmaple/libmaple/util.o
 .debug_pubnames
                0x00000abd       0xac build//usr/local/libmaple/libmaple/usb/descriptors.o
 .debug_pubnames
                0x00000b69      0x20f build//usr/local/libmaple/libmaple/usb/usb.o
 .debug_pubnames
                0x00000d78      0x24c build//usr/local/libmaple/libmaple/usb/usb_callbacks.o
 .debug_pubnames
                0x00000fc4       0x4d build//usr/local/libmaple/libmaple/usb/usb_hardware.o
 .debug_pubnames
                0x00001011      0x1a5 build//usr/local/libmaple/libmaple/usb/usb_lib/usb_core.o
 .debug_pubnames
                0x000011b6       0x98 build//usr/local/libmaple/libmaple/usb/usb_lib/usb_init.o
 .debug_pubnames
                0x0000124e       0x46 build//usr/local/libmaple/libmaple/usb/usb_lib/usb_int.o
 .debug_pubnames
                0x00001294       0x42 build//usr/local/libmaple/libmaple/usb/usb_lib/usb_mem.o
 .debug_pubnames
                0x000012d6      0x419 build//usr/local/libmaple/libmaple/usb/usb_lib/usb_regs.o
 .debug_pubnames
                0x000016ef       0x37 build//usr/local/libmaple/wirish/wirish_math.o
 .debug_pubnames
                0x00001726      0x1dc build//usr/local/libmaple/wirish/Print.o
 .debug_pubnames
                0x00001902       0x2c build//usr/local/libmaple/wirish/boards.o
 .debug_pubnames
                0x0000192e       0x60 build//usr/local/libmaple/wirish/boards/maple.o
 .debug_pubnames
                0x0000198e      0x12a build//usr/local/libmaple/wirish/comm/HardwareSerial.o
 .debug_pubnames
                0x00001ab8      0x17d build//usr/local/libmaple/wirish/comm/HardwareSPI.o
 .debug_pubnames
                0x00001c35      0x248 build//usr/local/libmaple/wirish/HardwareTimer.o
 .debug_pubnames
                0x00001e7d      0x169 build//usr/local/libmaple/wirish/usb_serial.o
 .debug_pubnames
                0x00001fe6       0x29 build//usr/local/libmaple/wirish/cxxabi-compat.o
 .debug_pubnames
                0x0000200f       0x1f build//usr/local/libmaple/wirish/wirish_shift.o
 .debug_pubnames
                0x0000202e       0x21 build//usr/local/libmaple/wirish/wirish_analog.o
 .debug_pubnames
                0x0000204f       0x32 build//usr/local/libmaple/wirish/wirish_time.o
 .debug_pubnames
                0x00002081       0x1f build//usr/local/libmaple/wirish/pwm.o
 .debug_pubnames
                0x000020a0       0x3a build//usr/local/libmaple/wirish/ext_interrupts.o
 .debug_pubnames
                0x000020da       0x78 build//usr/local/libmaple/wirish/wirish_digital.o
 .debug_pubnames
                0x00002152       0xdd build//usr/local/libmaple/libraries/Servo/Servo.o
 .debug_pubnames
                0x0000222f      0x3d8 build//usr/local/libmaple/libraries/LiquidCrystal/LiquidCrystal.o
 .debug_pubnames
                0x00002607      0x230 build//usr/local/libmaple/libraries/Wire/Wire.o
 .debug_pubnames
                0x00002837       0x96 build//usr/local/libmaple/libraries/FreeRTOS/utility/croutine.o
 .debug_pubnames
                0x000028cd       0x64 build//usr/local/libmaple/libraries/FreeRTOS/utility/heap_2.o
 .debug_pubnames
                0x00002931       0x71 build//usr/local/libmaple/libraries/FreeRTOS/utility/list.o
 .debug_pubnames
                0x000029a2      0x101 build//usr/local/libmaple/libraries/FreeRTOS/utility/port.o
 .debug_pubnames
                0x00002aa3      0x183 build//usr/local/libmaple/libraries/FreeRTOS/utility/queue.o
 .debug_pubnames
                0x00002c26      0x2c0 build//usr/local/libmaple/libraries/FreeRTOS/utility/tasks.o
 .debug_pubnames
                0x00002ee6       0x34 build//usr/local/libmaple/libraries/FreeRTOS/MapleFreeRTOS.o
 .debug_pubnames
                0x00002f1a      0x10a build/main.o
 .debug_pubnames
                0x00003024       0x20 /usr/local/libmaple/arm/bin/../lib/gcc/arm-none-eabi/4.4.1/thumb2/libgcc.a(_fixdfdi.o)
 .debug_pubnames
                0x00003044       0x23 /usr/local/libmaple/arm/bin/../lib/gcc/arm-none-eabi/4.4.1/thumb2/libgcc.a(_fixunsdfdi.o)
 .debug_pubnames
                0x00003067       0x45 /usr/local/libmaple/arm/bin/../lib/gcc/arm-none-eabi/4.4.1/thumb2/libgcc.a(bpabi.o)
 .debug_pubnames
                0x000030ac       0x1f /usr/local/libmaple/arm/bin/../lib/gcc/arm-none-eabi/4.4.1/thumb2/libgcc.a(_divdi3.o)
 .debug_pubnames
                0x000030cb       0x20 /usr/local/libmaple/arm/bin/../lib/gcc/arm-none-eabi/4.4.1/thumb2/libgcc.a(_udivdi3.o)

.debug_info     0x00000000    0x1c7e4
 *(.debug_info .gnu.linkonce.wi.*)
 .debug_info    0x00000000       0x8f /usr/local/libmaple/arm/bin/../lib/gcc/arm-none-eabi/4.4.1/thumb2/crti.o
 .debug_info    0x0000008f      0x5fb build//usr/local/libmaple/libmaple/adc.o
 .debug_info    0x0000068a      0x406 build//usr/local/libmaple/libmaple/bkp.o
 .debug_info    0x00000a90       0x5e build//usr/local/libmaple/libmaple/dac.o
 .debug_info    0x00000aee      0xead build//usr/local/libmaple/libmaple/dma.o
 .debug_info    0x0000199b      0x846 build//usr/local/libmaple/libmaple/exti.o
 .debug_info    0x000021e1      0x1a4 build//usr/local/libmaple/libmaple/flash.o
 .debug_info    0x00002385       0x5e build//usr/local/libmaple/libmaple/fsmc.o
 .debug_info    0x000023e3      0x612 build//usr/local/libmaple/libmaple/gpio.o
 .debug_info    0x000029f5      0x146 build//usr/local/libmaple/libmaple/iwdg.o
 .debug_info    0x00002b3b      0x539 build//usr/local/libmaple/libmaple/nvic.o
 .debug_info    0x00003074      0x11b build//usr/local/libmaple/libmaple/pwr.o
 .debug_info    0x0000318f      0xed9 build//usr/local/libmaple/libmaple/i2c.o
 .debug_info    0x00004068      0x65c build//usr/local/libmaple/libmaple/rcc.o
 .debug_info    0x000046c4      0xaa1 build//usr/local/libmaple/libmaple/spi.o
 .debug_info    0x00005165      0x53b build//usr/local/libmaple/libmaple/syscalls.o
 .debug_info    0x000056a0      0x167 build//usr/local/libmaple/libmaple/systick.o
 .debug_info    0x00005807     0x116b build//usr/local/libmaple/libmaple/timer.o
 .debug_info    0x00006972      0xab7 build//usr/local/libmaple/libmaple/usart.o
 .debug_info    0x00007429      0xb4b build//usr/local/libmaple/libmaple/util.o
 .debug_info    0x00007f74      0x614 build//usr/local/libmaple/libmaple/usb/descriptors.o
 .debug_info    0x00008588      0xc3c build//usr/local/libmaple/libmaple/usb/usb.o
 .debug_info    0x000091c4      0xde0 build//usr/local/libmaple/libmaple/usb/usb_callbacks.o
 .debug_info    0x00009fa4      0x3d7 build//usr/local/libmaple/libmaple/usb/usb_hardware.o
 .debug_info    0x0000a37b      0xbfd build//usr/local/libmaple/libmaple/usb/usb_lib/usb_core.o
 .debug_info    0x0000af78      0x454 build//usr/local/libmaple/libmaple/usb/usb_lib/usb_init.o
 .debug_info    0x0000b3cc      0x1af build//usr/local/libmaple/libmaple/usb/usb_lib/usb_int.o
 .debug_info    0x0000b57b      0x16d build//usr/local/libmaple/libmaple/usb/usb_lib/usb_mem.o
 .debug_info    0x0000b6e8      0xcc3 build//usr/local/libmaple/libmaple/usb/usb_lib/usb_regs.o
 .debug_info    0x0000c3ab      0x135 build//usr/local/libmaple/wirish/wirish_math.o
 .debug_info    0x0000c4e0      0xb0c build//usr/local/libmaple/wirish/Print.o
 .debug_info    0x0000cfec      0xe38 build//usr/local/libmaple/wirish/boards.o
 .debug_info    0x0000de24      0x982 build//usr/local/libmaple/wirish/boards/maple.o
 .debug_info    0x0000e7a6       0x61 build//usr/local/libmaple/wirish/boards/maple_mini.o
 .debug_info    0x0000e807       0x61 build//usr/local/libmaple/wirish/boards/maple_native.o
 .debug_info    0x0000e868       0x61 build//usr/local/libmaple/wirish/boards/maple_RET6.o
 .debug_info    0x0000e8c9     0x11d5 build//usr/local/libmaple/wirish/comm/HardwareSerial.o
 .debug_info    0x0000fa9e     0x155a build//usr/local/libmaple/wirish/comm/HardwareSPI.o
 .debug_info    0x00010ff8     0x1293 build//usr/local/libmaple/wirish/HardwareTimer.o
 .debug_info    0x0001228b      0x6f9 build//usr/local/libmaple/wirish/usb_serial.o
 .debug_info    0x00012984       0x3c build//usr/local/libmaple/wirish/cxxabi-compat.o
 .debug_info    0x000129c0      0x125 build//usr/local/libmaple/wirish/wirish_shift.o
 .debug_info    0x00012ae5      0x8af build//usr/local/libmaple/wirish/wirish_analog.o
 .debug_info    0x00013394      0x122 build//usr/local/libmaple/wirish/wirish_time.o
 .debug_info    0x000134b6      0x8f9 build//usr/local/libmaple/wirish/pwm.o
 .debug_info    0x00013daf      0x9c2 build//usr/local/libmaple/wirish/ext_interrupts.o
 .debug_info    0x00014771      0xbb1 build//usr/local/libmaple/wirish/wirish_digital.o
 .debug_info    0x00015322      0xf58 build//usr/local/libmaple/libraries/Servo/Servo.o
 .debug_info    0x0001627a     0x1096 build//usr/local/libmaple/libraries/LiquidCrystal/LiquidCrystal.o
 .debug_info    0x00017310      0xc00 build//usr/local/libmaple/libraries/Wire/Wire.o
 .debug_info    0x00017f10      0x4e0 build//usr/local/libmaple/libraries/FreeRTOS/utility/croutine.o
 .debug_info    0x000183f0      0x2b2 build//usr/local/libmaple/libraries/FreeRTOS/utility/heap_2.o